redline_speed_bench: collecting up to 1000 fixtures
  dirs:
    /Users/arthrod/temp/T/neurotic_docx_bench/corpus/word_based/docx_source
    /Users/arthrod/temp/T/neurotic_docx_bench/corpus/word_based/docx_source_randomized
    /Users/arthrod/temp/T/neurotic_docx_bench/corpus/word_based/docx_accepted_word
    /Users/arthrod/temp/T/neurotic_docx_bench/corpus/no_comments_pdf_was_generated_by_word/docx_source
    /Users/arthrod/temp/T/neurotic_docx_bench/corpus/no_comments_pdf_was_generated_by_word/docx_accepted_word
    /Users/arthrod/temp/T/neurotic_docx_bench/corpus/word_based/docx_redlines_word
    /Users/arthrod/temp/T/neurotic_docx_bench/corpus/no_comments_pdf_was_generated_by_word/docx_redlines_word
  unique fixtures: 1000 (target 1000)
  loaded 32.4 MiB in 126.103ms
  pairs=5000 (min=5000, seed=42, rounds≈5)
  methods=jubarte-lossless warmup=50 reps=1 profile=false
  jubarte-dist=/Users/arthrod/temp/T/jubarte-first/dist
  rust-dist=/Users/arthrod/temp/T/neurotic_docx_bench/src/neurotic_docx_bench/utils/jubarte/jubarte-rust
  csharp-dist=/Users/arthrod/temp/T/ooxmlsdk/Docxodus/tools/redline/bin/Release/net8.0
  csharp-inproc-dist=/Users/arthrod/temp/T/neurotic_docx_bench/src/neurotic_docx_bench/utils/docxodus/docxodus-csharp-inproc/bin/Release/net8.0
  rust-inproc-dist=/Users/arthrod/temp/T/neurotic_docx_bench/src/neurotic_docx_bench/utils/jubarte/jubarte-rust
  wasm-dist=/Users/arthrod/temp/T/neurotic_docx_bench/src/neurotic_docx_bench/utils/jubarte/jubarte-wasm
  out=/Users/arthrod/temp/T/neurotic_docx_bench/results/redline_speed_bench/jubarte-first-post-xml-linq

▶ jubarte-lossless (engine=jubarte-lossless, dist=/Users/arthrod/temp/T/jubarte-first/dist, native=false)
  init 54.47ms
Comparison error: Error: No parent for ReplaceWith
Comparison error: Error: No parent for ReplaceWith
Comparison error: Error: No parent for ReplaceWith
  wall 1032.53s  median 61.52ms  mean 206.55ms  p95 726.22ms  p99 1825.06ms  4.8/s  (n=4997, fail=3)

# redline_speed_bench (speed_redlines)

- **fixtures:** 1000 unique (target 1000) from 7 dirs
- **pairs:** 5000 (every fixture × random partner, seed=42, min=5000)
- **warmup:** 50  **reps:** 1
- **run_ts:** 2026-07-16T03:54:19.012Z

| rank | tool | median ms | mean ms | p95 | p99 | /s | wall s | fail | n | profile |
| ---: | --- | ---: | ---: | ---: | ---: | ---: | ---: | ---: | ---: | --- |
| 1 | jubarte-lossless | 61.521 | 206.55 | 726.218 | 1825.061 | 4.8 | 1032.53 | 3 | 4997 | — |

## Profiles

Native engines use **samply** (open in Firefox Profiler / samply load):

```bash
npx speedscope /Users/arthrod/temp/T/neurotic_docx_bench/results/redline_speed_bench/jubarte-first-post-xml-linq/cpu/jubarte-lossless.cpuprofile
```

## Fairness

- **docxodus-csharp / jubarte-rust:** CLI — **one process per redline** (spawn + I/O + compare). C# pays large .NET cold-start; Rust starts in a few ms.
- **docxodus-csharp-inproc / jubarte-rust-inproc:** **warm process** — same algorithms as the CLIs (`DocxDiffOps.Compare` / `compare_documents`), long-lived stdin worker. **This is the fair algorithm comparison.**
- **docxodus:** npm WASM package (`compareDocuments`) — Mono/.NET WASM in-process after one-time `initialize()`.
- **jubarte-wasm:** jubarte-rs via **wasm-pack** + **wasm-opt -O3** (`wasm32-unknown-unknown` + wasm-bindgen). Same `compare_documents` as native Rust, hosted in V8 WASM — fair peer of docxodus WASM.
- **jubarte-native / jubarte-lossless:** in-memory Node Uint8Array compare when included.


✔ /Users/arthrod/temp/T/neurotic_docx_bench/results/redline_speed_bench/jubarte-first-post-xml-linq/report.md
✔ /Users/arthrod/temp/T/neurotic_docx_bench/results/redline_speed_bench/jubarte-first-post-xml-linq/summary.json
✔ /Users/arthrod/temp/T/neurotic_docx_bench/results/redline_speed_bench/jubarte-first-post-xml-linq/speed.jsonl
✔ results/speed.jsonl (appended kind=speed_redlines)
