2026-09-30 02:43:27.871 | INFO     | word_pdf:preflight:1812 - [word] preflight: open_documents=0 started_clean=True launched_by_us=False close_documents=True
2026-09-30 02:43:27.900 | INFO     | word_pdf:convert_folder:1486 - [word] export: one_osascript=True documents=50 accept_all=False reject_all=False
2026-09-30 02:43:27.976 | INFO     | word_pdf:_convert_batched:1685 - [batch] one osascript for 50 document(s)
2026-09-30 02:43:33.000 | INFO     | __main__:_loop:231 - [batch pdf 1] 0/50
2026-09-30 02:43:34.309 | INFO     | word_pdf:_note_buttons:510 - [watchdog] Microsoft Word shows button 'No'
2026-09-30 02:43:34.310 | INFO     | word_pdf:_note_buttons:510 - [watchdog] Microsoft Word shows button 'Yes'
2026-09-30 02:43:35.084 | WARNING  | __main__:forward:135 - [focus] brought Word forward, pressed No then OK; focus handed back
2026-09-30 02:43:39.710 | WARNING  | __main__:forward:135 - [focus] brought Word forward, pressed No then OK; focus handed back
2026-09-30 02:43:44.310 | WARNING  | __main__:forward:135 - [focus] brought Word forward, pressed No then OK; focus handed back
2026-09-30 02:43:44.403 | WARNING  | word_pdf:run_batch_with_resume:1206 - [batch pdf] 50 item(s) never reached (Word crashed on or could not load an item); recycling Word and retrying the rest first, retried items last (pass 2, 0 of 3 stalled passes used)
2026-09-30 02:43:44.404 | WARNING  | word_pdf:recycle:725 - [word] restarting a Word this run did not launch. If you set "Optimize for: Best for printing" by hand, re-check it before trusting the PDFs rendered after this point.
2026-09-30 02:43:44.405 | WARNING  | word_pdf:recycle:731 - [word] recycling (restart 1)
2026-09-30 02:43:52.124 | WARNING  | __main__:forward:135 - [focus] brought Word forward, pressed No then OK; focus handed back
2026-09-30 02:43:52.683 | INFO     | __main__:_loop:231 - [batch pdf 2] 0/50
2026-09-30 02:43:57.688 | INFO     | __main__:_loop:246 - [focus] item 2/50 not saved after 5 s; checking Word
2026-09-30 02:44:25.719 | INFO     | __main__:_loop:246 - [focus] item 2/50 not saved after 33 s; checking Word
2026-09-30 02:44:34.661 | WARNING  | __main__:_report:208 - [batch pdf 2] item 2/50 open for more than 30 s:
-- Word windows {name, subrole}: , AXDialog
-- Word window text: Microsoft Word, Word found unreadable content in 00004__617c1284c9_00feb732c2ef2b643a132e4305e16833fd047b46ca.... Do you want to recover the contents of this document? If you trust the source of this document, click Yes.
-- crash reporters: 
-- batch-pdf-2.log:
[retry]	3	document loaded empty (Word could not read it)
-- newest diagnostic reports: AppCleaner-2026-09-30-001317.ips, biome-2026-09-29-094107.ips, soffice-2026-09-28-104720.ips, soffice-2026-09-28-105517.ips, soffice-2026-09-28-105123.000.ips
2026-09-30 02:44:35.077 | WARNING  | __main__:forward:135 - [focus] brought Word forward, pressed No then OK; focus handed back
2026-09-30 02:44:35.731 | WARNING  | __main__:forward:135 - [focus] brought Word forward, pressed No then OK; focus handed back
2026-09-30 02:44:35.838 | WARNING  | word_pdf:run_batch_with_resume:1206 - [batch pdf] 50 item(s) never reached (Word crashed on or could not load an item); recycling Word and retrying the rest first, retried items last (pass 3, 0 of 3 stalled passes used)
2026-09-30 02:44:35.839 | WARNING  | word_pdf:recycle:725 - [word] restarting a Word this run did not launch. If you set "Optimize for: Best for printing" by hand, re-check it before trusting the PDFs rendered after this point.
2026-09-30 02:44:35.839 | WARNING  | word_pdf:recycle:731 - [word] recycling (restart 2)
2026-09-30 02:44:43.303 | WARNING  | __main__:forward:135 - [focus] brought Word forward, pressed No then OK; focus handed back
2026-09-30 02:44:44.022 | INFO     | __main__:_loop:231 - [batch pdf 3] 0/50
2026-09-30 02:44:49.027 | INFO     | __main__:_loop:246 - [focus] item 2/50 not saved after 5 s; checking Word
