staged 6785 files, 1.47 GB: {'jubarte-093/docx': 2611, 'jubarte-093/pdf_by_word': 2497, 'jubarte-093/accepted/src': 100, 'jubarte-093/accepted/by_word': 198, 'jubarte-093/rejected/src': 100, 'jubarte-093/rejected/by_word': 200, 'fresh_compares': 1032, 'jubarte-rust/meta': 2, 'jubarte-093/meta': 2, 'docxodus/meta': 2, 'superdoc/meta': 11, 'run': 30}
uploaded jubarte-093/docx
uploaded jubarte-093/pdf_by_word
uploaded jubarte-093/accepted/src
uploaded jubarte-093/accepted/by_word
uploaded jubarte-093/rejected/src
uploaded jubarte-093/rejected/by_word
No files have been modified since last commit. Skipping to prevent empty commit.
uploaded fresh_compares
No files have been modified since last commit. Skipping to prevent empty commit.
uploaded jubarte-rust/meta
uploaded jubarte-093/meta
No files have been modified since last commit. Skipping to prevent empty commit.
uploaded docxodus/meta
No files have been modified since last commit. Skipping to prevent empty commit.
uploaded superdoc/meta
uploaded run
verified 6785 files on arthrod/neurotic_docx_bench/outputs/redlines_0929_full
deleted /Users/arthrod/temp/T/neurotic_docx_bench/results/redlines_0929_full/jubarte-093/docx
deleted /Users/arthrod/temp/T/neurotic_docx_bench/results/redlines_0929_full/jubarte-093/pdf_by_word
deleted /Users/arthrod/temp/T/neurotic_docx_bench/results/redlines_0929_full/jubarte-093/accepted/src
deleted /Users/arthrod/temp/T/neurotic_docx_bench/results/redlines_0929_full/jubarte-093/accepted/by_word
deleted /Users/arthrod/temp/T/neurotic_docx_bench/results/redlines_0929_full/jubarte-093/rejected/src
deleted /Users/arthrod/temp/T/neurotic_docx_bench/results/redlines_0929_full/jubarte-093/rejected/by_word
