2026-09-30 06:21:12.592 | INFO     | word_pdf:preflight:1812 - [word] preflight: open_documents=0 started_clean=True launched_by_us=False close_documents=True
2026-09-30 06:21:12.860 | INFO     | word_pdf:convert_folder:1486 - [word] export: one_osascript=True documents=2611 accept_all=False reject_all=False
2026-09-30 06:21:29.706 | INFO     | word_pdf:_convert_batched:1685 - [batch] one osascript for 821 document(s)
2026-09-30 06:21:34.725 | INFO     | __main__:_loop:231 - [batch pdf 1] 1/821
2026-09-30 06:21:39.732 | INFO     | __main__:_loop:246 - [focus] item 2/821 not saved after 5 s; checking Word
2026-09-30 06:22:07.788 | INFO     | __main__:_loop:246 - [focus] item 2/821 not saved after 33 s; checking Word
2026-09-30 06:22:31.326 | WARNING  | __main__:_report:208 - [batch pdf 1] item 2/821 open for more than 30 s:
-- Word windows {name, subrole}: ,
-- Word window text: 
-- crash reporters: 
-- batch-pdf-1.log:
[ok]	0
-- newest diagnostic reports: jub_b19-2026-09-30-052944.0006.ips, jub_b19-2026-09-30-052944.0005.ips, jub_b19-2026-09-30-052944.0004.ips, jub_b19-2026-09-30-052944.0003.ips, jub_b19-2026-09-30-052944.0002.ips
2026-09-30 06:22:35.808 | INFO     | __main__:_loop:246 - [focus] item 2/821 not saved after 61 s; checking Word
2026-09-30 06:23:03.840 | INFO     | __main__:_loop:246 - [focus] item 2/821 not saved after 89 s; checking Word
2026-09-30 06:23:31.871 | INFO     | __main__:_loop:246 - [focus] item 2/821 not saved after 117 s; checking Word
2026-09-30 06:23:59.907 | INFO     | __main__:_loop:246 - [focus] item 2/821 not saved after 145 s; checking Word
2026-09-30 06:24:27.920 | INFO     | __main__:_loop:246 - [focus] item 2/821 not saved after 173 s; checking Word
2026-09-30 06:24:55.947 | INFO     | __main__:_loop:246 - [focus] item 2/821 not saved after 201 s; checking Word
2026-09-30 06:25:23.969 | INFO     | __main__:_loop:246 - [focus] item 2/821 not saved after 229 s; checking Word
2026-09-30 06:25:51.985 | INFO     | __main__:_loop:246 - [focus] item 2/821 not saved after 257 s; checking Word
2026-09-30 06:26:20.012 | INFO     | __main__:_loop:246 - [focus] item 2/821 not saved after 285 s; checking Word
2026-09-30 06:26:34.566 | WARNING  | word_pdf:run_batch_with_resume:1206 - [batch pdf] 819 item(s) never reached (ended without reaching them); recycling Word and retrying the rest first, retried items last (pass 2, 1 of 3 stalled passes used)
2026-09-30 06:26:34.567 | WARNING  | word_pdf:recycle:725 - [word] restarting a Word this run did not launch. If you set "Optimize for: Best for printing" by hand, re-check it before trusting the PDFs rendered after this point.
2026-09-30 06:26:34.568 | WARNING  | word_pdf:recycle:731 - [word] recycling (restart 1)
2026-09-30 06:26:42.895 | INFO     | __main__:_loop:231 - [batch pdf 2] 1/819
2026-09-30 06:26:47.901 | INFO     | __main__:_loop:246 - [focus] item 2/819 not saved after 5 s; checking Word
2026-09-30 06:27:15.932 | INFO     | __main__:_loop:246 - [focus] item 2/819 not saved after 33 s; checking Word
2026-09-30 06:27:39.634 | WARNING  | __main__:_report:208 - [batch pdf 2] item 2/819 open for more than 30 s:
-- Word windows {name, subrole}: ,
-- Word window text: 
-- crash reporters: 
-- batch-pdf-2.log:
[fail]	2	Microsoft Word got an error: document "00002__7e4c9416aa_00803e70c3646e42abab322238df606c847686168795a703__vs__1424386e9b_017447de83753a0e3b7afc659df038ef56972925336c6a5b_redline_c8545d372b_jubarte-093.docx" doesn’t understand the “save as” message.
-- newest diagnostic reports: jub_b19-2026-09-30-052944.0006.ips, jub_b19-2026-09-30-052944.0005.ips, jub_b19-2026-09-30-052944.0004.ips, jub_b19-2026-09-30-052944.0003.ips, jub_b19-2026-09-30-052944.0002.ips
2026-09-30 06:27:43.963 | INFO     | __main__:_loop:246 - [focus] item 2/819 not saved after 61 s; checking Word
2026-09-30 06:28:11.974 | INFO     | __main__:_loop:246 - [focus] item 2/819 not saved after 89 s; checking Word
2026-09-30 06:28:40.003 | INFO     | __main__:_loop:246 - [focus] item 2/819 not saved after 117 s; checking Word
2026-09-30 06:29:08.037 | INFO     | __main__:_loop:246 - [focus] item 2/819 not saved after 145 s; checking Word
2026-09-30 06:29:36.156 | INFO     | __main__:_loop:246 - [focus] item 2/819 not saved after 173 s; checking Word
2026-09-30 06:30:04.187 | INFO     | __main__:_loop:246 - [focus] item 2/819 not saved after 201 s; checking Word
2026-09-30 06:30:32.222 | INFO     | __main__:_loop:246 - [focus] item 2/819 not saved after 229 s; checking Word
2026-09-30 06:31:00.246 | INFO     | __main__:_loop:246 - [focus] item 2/819 not saved after 257 s; checking Word
2026-09-30 06:31:28.279 | INFO     | __main__:_loop:246 - [focus] item 2/819 not saved after 285 s; checking Word
2026-09-30 06:31:56.309 | INFO     | __main__:_loop:246 - [focus] item 2/819 not saved after 313 s; checking Word
2026-09-30 06:32:24.355 | INFO     | __main__:_loop:246 - [focus] item 2/819 not saved after 341 s; checking Word
2026-09-30 06:32:44.089 | WARNING  | word_pdf:run_batch_with_resume:1206 - [batch pdf] 817 item(s) never reached (ended without reaching them); recycling Word and retrying the rest first, retried items last (pass 3, 2 of 3 stalled passes used)
2026-09-30 06:32:44.089 | WARNING  | word_pdf:recycle:725 - [word] restarting a Word this run did not launch. If you set "Optimize for: Best for printing" by hand, re-check it before trusting the PDFs rendered after this point.
2026-09-30 06:32:44.090 | WARNING  | word_pdf:recycle:731 - [word] recycling (restart 2)
2026-09-30 06:33:10.954 | INFO     | __main__:_loop:231 - [batch pdf 3] 6/817
2026-09-30 06:33:15.980 | INFO     | __main__:_loop:231 - [batch pdf 3] 13/817
2026-09-30 06:33:21.002 | INFO     | __main__:_loop:231 - [batch pdf 3] 19/817
2026-09-30 06:33:26.026 | INFO     | __main__:_loop:231 - [batch pdf 3] 25/817
2026-09-30 06:33:31.044 | INFO     | __main__:_loop:231 - [batch pdf 3] 29/817
2026-09-30 06:33:36.071 | INFO     | __main__:_loop:246 - [focus] item 30/817 not saved after 5 s; checking Word
2026-09-30 06:33:53.809 | INFO     | __main__:_loop:231 - [batch pdf 3] 41/817
2026-09-30 06:33:58.838 | INFO     | __main__:_loop:231 - [batch pdf 3] 47/817
2026-09-30 06:34:03.863 | INFO     | __main__:_loop:231 - [batch pdf 3] 54/817
2026-09-30 06:34:08.889 | INFO     | __main__:_loop:231 - [batch pdf 3] 58/817
2026-09-30 06:34:13.908 | INFO     | __main__:_loop:231 - [batch pdf 3] 64/817
2026-09-30 06:34:18.926 | INFO     | __main__:_loop:231 - [batch pdf 3] 70/817
2026-09-30 06:34:23.949 | INFO     | __main__:_loop:231 - [batch pdf 3] 73/817
2026-09-30 06:34:28.967 | INFO     | __main__:_loop:231 - [batch pdf 3] 80/817
2026-09-30 06:34:33.992 | INFO     | __main__:_loop:231 - [batch pdf 3] 87/817
2026-09-30 06:34:39.013 | INFO     | __main__:_loop:231 - [batch pdf 3] 91/817
2026-09-30 06:34:44.032 | INFO     | __main__:_loop:231 - [batch pdf 3] 97/817
2026-09-30 06:34:49.057 | INFO     | __main__:_loop:231 - [batch pdf 3] 100/817
2026-09-30 06:34:54.109 | INFO     | __main__:_loop:231 - [batch pdf 3] 102/817
2026-09-30 06:34:59.139 | INFO     | __main__:_loop:231 - [batch pdf 3] 105/817
2026-09-30 06:35:04.162 | INFO     | __main__:_loop:231 - [batch pdf 3] 107/817
2026-09-30 06:35:09.183 | INFO     | __main__:_loop:231 - [batch pdf 3] 111/817
2026-09-30 06:35:14.203 | INFO     | __main__:_loop:231 - [batch pdf 3] 116/817
2026-09-30 06:35:19.219 | INFO     | __main__:_loop:231 - [batch pdf 3] 121/817
2026-09-30 06:35:24.244 | INFO     | __main__:_loop:231 - [batch pdf 3] 125/817
2026-09-30 06:35:29.264 | INFO     | __main__:_loop:231 - [batch pdf 3] 129/817
2026-09-30 06:35:34.285 | INFO     | __main__:_loop:231 - [batch pdf 3] 133/817
2026-09-30 06:35:39.301 | INFO     | __main__:_loop:231 - [batch pdf 3] 138/817
2026-09-30 06:35:44.320 | INFO     | __main__:_loop:231 - [batch pdf 3] 144/817
2026-09-30 06:35:49.351 | INFO     | __main__:_loop:231 - [batch pdf 3] 148/817
2026-09-30 06:35:54.368 | INFO     | __main__:_loop:231 - [batch pdf 3] 153/817
2026-09-30 06:35:59.384 | INFO     | __main__:_loop:231 - [batch pdf 3] 158/817
2026-09-30 06:36:04.408 | INFO     | __main__:_loop:231 - [batch pdf 3] 162/817
2026-09-30 06:36:09.430 | INFO     | __main__:_loop:231 - [batch pdf 3] 166/817
2026-09-30 06:36:14.455 | INFO     | __main__:_loop:231 - [batch pdf 3] 169/817
2026-09-30 06:36:19.489 | INFO     | __main__:_loop:231 - [batch pdf 3] 174/817
2026-09-30 06:36:24.509 | INFO     | __main__:_loop:231 - [batch pdf 3] 178/817
2026-09-30 06:36:29.525 | INFO     | __main__:_loop:231 - [batch pdf 3] 183/817
2026-09-30 06:36:34.542 | INFO     | __main__:_loop:231 - [batch pdf 3] 186/817
2026-09-30 06:36:39.558 | INFO     | __main__:_loop:231 - [batch pdf 3] 191/817
2026-09-30 06:36:44.578 | INFO     | __main__:_loop:231 - [batch pdf 3] 196/817
2026-09-30 06:36:49.602 | INFO     | __main__:_loop:231 - [batch pdf 3] 200/817
2026-09-30 06:36:54.626 | INFO     | __main__:_loop:231 - [batch pdf 3] 205/817
2026-09-30 06:36:59.649 | INFO     | __main__:_loop:231 - [batch pdf 3] 206/817
2026-09-30 06:37:04.674 | INFO     | __main__:_loop:231 - [batch pdf 3] 210/817
2026-09-30 06:37:09.694 | INFO     | __main__:_loop:231 - [batch pdf 3] 213/817
2026-09-30 06:37:14.719 | INFO     | __main__:_loop:231 - [batch pdf 3] 214/817
2026-09-30 06:37:19.745 | INFO     | __main__:_loop:231 - [batch pdf 3] 217/817
2026-09-30 06:37:24.771 | INFO     | __main__:_loop:231 - [batch pdf 3] 219/817
2026-09-30 06:37:29.795 | INFO     | __main__:_loop:231 - [batch pdf 3] 225/817
2026-09-30 06:37:34.817 | INFO     | __main__:_loop:231 - [batch pdf 3] 230/817
2026-09-30 06:37:39.838 | INFO     | __main__:_loop:231 - [batch pdf 3] 234/817
2026-09-30 06:37:44.866 | INFO     | __main__:_loop:231 - [batch pdf 3] 239/817
2026-09-30 06:37:49.894 | INFO     | __main__:_loop:231 - [batch pdf 3] 243/817
2026-09-30 06:37:54.917 | INFO     | __main__:_loop:231 - [batch pdf 3] 249/817
2026-09-30 06:37:59.943 | INFO     | __main__:_loop:231 - [batch pdf 3] 255/817
2026-09-30 06:38:04.969 | INFO     | __main__:_loop:231 - [batch pdf 3] 259/817
2026-09-30 06:38:09.992 | INFO     | __main__:_loop:231 - [batch pdf 3] 263/817
2026-09-30 06:38:15.018 | INFO     | __main__:_loop:231 - [batch pdf 3] 266/817
2026-09-30 06:38:20.045 | INFO     | __main__:_loop:231 - [batch pdf 3] 273/817
2026-09-30 06:38:25.063 | INFO     | __main__:_loop:231 - [batch pdf 3] 277/817
2026-09-30 06:38:30.091 | INFO     | __main__:_loop:231 - [batch pdf 3] 282/817
2026-09-30 06:38:35.121 | INFO     | __main__:_loop:231 - [batch pdf 3] 287/817
2026-09-30 06:38:40.139 | INFO     | __main__:_loop:231 - [batch pdf 3] 293/817
2026-09-30 06:38:45.159 | INFO     | __main__:_loop:231 - [batch pdf 3] 298/817
2026-09-30 06:38:50.185 | INFO     | __main__:_loop:231 - [batch pdf 3] 304/817
2026-09-30 06:38:55.210 | INFO     | __main__:_loop:231 - [batch pdf 3] 310/817
2026-09-30 06:39:00.242 | INFO     | __main__:_loop:231 - [batch pdf 3] 315/817
2026-09-30 06:39:05.269 | INFO     | __main__:_loop:231 - [batch pdf 3] 320/817
2026-09-30 06:39:10.287 | INFO     | __main__:_loop:231 - [batch pdf 3] 325/817
2026-09-30 06:39:15.309 | INFO     | __main__:_loop:231 - [batch pdf 3] 330/817
2026-09-30 06:39:20.328 | INFO     | __main__:_loop:231 - [batch pdf 3] 335/817
2026-09-30 06:39:25.359 | INFO     | __main__:_loop:231 - [batch pdf 3] 339/817
2026-09-30 06:39:30.383 | INFO     | __main__:_loop:231 - [batch pdf 3] 345/817
2026-09-30 06:39:35.409 | INFO     | __main__:_loop:231 - [batch pdf 3] 350/817
2026-09-30 06:39:40.435 | INFO     | __main__:_loop:231 - [batch pdf 3] 353/817
2026-09-30 06:39:45.459 | INFO     | __main__:_loop:231 - [batch pdf 3] 354/817
2026-09-30 06:39:50.484 | INFO     | __main__:_loop:231 - [batch pdf 3] 356/817
2026-09-30 06:39:55.511 | INFO     | __main__:_loop:231 - [batch pdf 3] 358/817
2026-09-30 06:40:00.544 | INFO     | __main__:_loop:231 - [batch pdf 3] 360/817
2026-09-30 06:40:05.571 | INFO     | __main__:_loop:231 - [batch pdf 3] 361/817
2026-09-30 06:40:10.590 | INFO     | __main__:_loop:231 - [batch pdf 3] 365/817
2026-09-30 06:40:15.606 | INFO     | __main__:_loop:231 - [batch pdf 3] 369/817
2026-09-30 06:40:20.628 | INFO     | __main__:_loop:231 - [batch pdf 3] 373/817
2026-09-30 06:40:25.648 | INFO     | __main__:_loop:231 - [batch pdf 3] 378/817
2026-09-30 06:40:30.679 | INFO     | __main__:_loop:231 - [batch pdf 3] 381/817
2026-09-30 06:40:35.685 | INFO     | __main__:_loop:246 - [focus] item 382/817 not saved after 5 s; checking Word
2026-09-30 06:41:03.716 | INFO     | __main__:_loop:246 - [focus] item 382/817 not saved after 33 s; checking Word
2026-09-30 06:41:25.802 | WARNING  | __main__:_report:208 - [batch pdf 3] item 382/817 open for more than 30 s:
-- Word windows {name, subrole}: ,
-- Word window text: 
-- crash reporters: 
-- batch-pdf-3.log:
[ok]	4
[ok]	5
[ok]	6
[ok]	7
[ok]	8
[ok]	9
[ok]	10
[ok]	11
[ok]	12
[ok]	13
[ok]	14
[ok]	15
[ok]	16
[ok]	17
[ok]	18
[ok]	19
[ok]	20
[ok]	21
[ok]	22
[ok]	23
[ok]	24
[ok]	25
[ok]	26
[ok]	27
[ok]	28
[ok]	29
[ok]	30
[ok]	31
[ok]	32
[ok]	33
[ok]	34
[ok]	35
[ok]	36
[ok]	37
[ok]	38
[ok]	39
[ok]	40
[ok]	41
[ok]	42
[ok]	43
[ok]	44
[ok]	45
[ok]	46
[ok]	47
[ok]	48
[ok]	49
[ok]	50
[ok]	51
[ok]	52
[ok]	53
[ok]	54
[ok]	55
[ok]	56
[ok]	57
[ok]	58
[ok]	59
[ok]	60
[ok]	61
[ok]	62
[ok]	63
[ok]	64
[ok]	65
[ok]	66
[ok]	67
[ok]	68
[ok]	69
[ok]	70
[ok]	71
[ok]	72
[ok]	73
[ok]	74
[ok]	75
[ok]	76
[ok]	77
[ok]	78
[ok]	79
[ok]	80
[ok]	81
[ok]	82
[ok]	83
[ok]	84
[ok]	85
[ok]	86
[ok]	87
[ok]	88
[ok]	89
[ok]	90
[ok]	91
[ok]	92
[ok]	93
[ok]	94
[ok]	95
[ok]	96
[ok]	97
[ok]	98
[ok]	99
[ok]	100
[ok]	101
[ok]	102
[ok]	103
[ok]	104
[ok]	105
[ok]	106
[ok]	107
[ok]	108
[ok]	109
[ok]	110
[ok]	111
[ok]	112
[ok]	113
[ok]	114
[ok]	115
[ok]	116
[ok]	117
[ok]	118
[ok]	119
[ok]	120
[ok]	121
[ok]	122
[ok]	123
[ok]	124
[ok]	125
[ok]	126
[ok]	127
[ok]	128
[ok]	129
[ok]	130
[ok]	131
[ok]	132
[ok]	133
[ok]	134
[ok]	135
[ok]	136
[ok]	137
[ok]	138
[ok]	139
[ok]	140
[ok]	141
[ok]	142
[ok]	143
[ok]	144
[ok]	145
[ok]	146
[ok]	147
[ok]	148
[ok]	149
[ok]	150
[ok]	151
[ok]	152
[ok]	153
[ok]	154
[ok]	155
[ok]	156
[ok]	157
[ok]	158
[ok]	159
[ok]	160
[ok]	161
[ok]	162
[ok]	163
[ok]	164
[ok]	165
[ok]	166
[ok]	167
[ok]	168
[ok]	169
[ok]	170
[ok]	171
[ok]	172
[ok]	173
[ok]	174
[ok]	175
[ok]	176
[ok]	177
[ok]	178
[ok]	179
[ok]	180
[ok]	181
[ok]	182
[ok]	183
[ok]	184
[ok]	185
[ok]	186
[ok]	187
[ok]	188
[ok]	189
[ok]	190
[ok]	191
[ok]	192
[ok]	193
[ok]	194
[ok]	195
[ok]	196
[ok]	197
[ok]	198
[ok]	199
[ok]	200
[ok]	201
[ok]	202
[ok]	203
[ok]	204
[ok]	205
[ok]	206
[ok]	207
[ok]	208
[ok]	209
[ok]	210
[ok]	211
[ok]	212
[ok]	213
[ok]	214
[ok]	215
[ok]	216
[ok]	217
[ok]	218
[ok]	219
[ok]	220
[ok]	221
[ok]	222
[ok]	223
[ok]	224
[ok]	225
[ok]	226
[ok]	227
[ok]	228
[ok]	229
[ok]	230
[ok]	231
[ok]	232
[ok]	233
[ok]	234
[ok]	235
[ok]	236
[ok]	237
[ok]	238
[ok]	239
[ok]	240
[ok]	241
[ok]	242
[ok]	243
[ok]	244
[ok]	245
[ok]	246
[ok]	247
[ok]	248
[ok]	249
[ok]	250
[ok]	251
[ok]	252
[ok]	253
[ok]	254
[ok]	255
[ok]	256
[ok]	257
[ok]	258
[ok]	259
[ok]	260
[ok]	261
[ok]	262
[ok]	263
[ok]	264
[ok]	265
[ok]	266
[ok]	267
[ok]	268
[ok]	269
[ok]	270
[ok]	271
[ok]	272
[ok]	273
[ok]	274
[ok]	275
[ok]	276
[ok]	277
[ok]	278
[ok]	279
[ok]	280
[ok]	281
[ok]	282
[ok]	283
[ok]	284
[ok]	285
[ok]	286
[ok]	287
[ok]	288
[ok]	289
[ok]	290
[ok]	291
[ok]	292
[ok]	293
[ok]	294
[ok]	295
[ok]	296
[ok]	297
[ok]	298
[ok]	299
[ok]	300
[ok]	301
[ok]	302
[ok]	303
[ok]	304
[ok]	305
[ok]	306
[ok]	307
[ok]	308
[ok]	309
[ok]	310
[ok]	311
[ok]	312
[ok]	313
[ok]	314
[ok]	315
[ok]	316
[ok]	317
[ok]	318
[ok]	319
[ok]	320
[ok]	321
[ok]	322
[ok]	323
[ok]	324
[ok]	325
[ok]	326
[ok]	327
[ok]	328
[ok]	329
[ok]	330
[ok]	331
[ok]	332
[ok]	333
[ok]	334
[ok]	335
[ok]	336
[ok]	337
[ok]	338
[ok]	339
[ok]	340
[ok]	341
[ok]	342
[ok]	343
[ok]	344
[ok]	345
[ok]	346
[ok]	347
[ok]	348
[ok]	349
[ok]	350
[ok]	351
[ok]	352
[ok]	353
[ok]	354
[ok]	355
[ok]	356
[ok]	357
[ok]	358
[ok]	359
[ok]	360
[ok]	361
[ok]	362
[ok]	363
[ok]	364
[ok]	365
[ok]	366
[ok]	367
[ok]	368
[ok]	369
[ok]	370
[ok]	371
[ok]	372
[ok]	373
[ok]	374
[ok]	375
[ok]	376
[ok]	377
[ok]	378
[ok]	379
[ok]	380
[ok]	381
[ok]	382
[ok]	383
[ok]	384
-- newest diagnostic reports: jub_b19-2026-09-30-052944.0006.ips, jub_b19-2026-09-30-052944.0005.ips, jub_b19-2026-09-30-052944.0004.ips, jub_b19-2026-09-30-052944.0003.ips, jub_b19-2026-09-30-052944.0002.ips
2026-09-30 06:41:31.731 | INFO     | __main__:_loop:246 - [focus] item 382/817 not saved after 61 s; checking Word
2026-09-30 06:41:59.793 | INFO     | __main__:_loop:246 - [focus] item 382/817 not saved after 89 s; checking Word
2026-09-30 06:42:27.853 | INFO     | __main__:_loop:231 - [batch pdf 3] 396/817
2026-09-30 06:42:32.880 | INFO     | __main__:_loop:231 - [batch pdf 3] 400/817
2026-09-30 06:42:37.907 | INFO     | __main__:_loop:231 - [batch pdf 3] 405/817
2026-09-30 06:42:42.924 | INFO     | __main__:_loop:231 - [batch pdf 3] 410/817
2026-09-30 06:42:47.952 | INFO     | __main__:_loop:231 - [batch pdf 3] 414/817
2026-09-30 06:42:52.972 | INFO     | __main__:_loop:231 - [batch pdf 3] 418/817
2026-09-30 06:42:57.997 | INFO     | __main__:_loop:231 - [batch pdf 3] 422/817
2026-09-30 06:43:03.022 | INFO     | __main__:_loop:231 - [batch pdf 3] 426/817
2026-09-30 06:43:08.040 | INFO     | __main__:_loop:231 - [batch pdf 3] 429/817
2026-09-30 06:43:13.063 | INFO     | __main__:_loop:231 - [batch pdf 3] 432/817
2026-09-30 06:43:18.093 | INFO     | __main__:_loop:231 - [batch pdf 3] 435/817
2026-09-30 06:43:23.116 | INFO     | __main__:_loop:231 - [batch pdf 3] 438/817
2026-09-30 06:43:28.140 | INFO     | __main__:_loop:231 - [batch pdf 3] 441/817
2026-09-30 06:43:33.163 | INFO     | __main__:_loop:231 - [batch pdf 3] 444/817
2026-09-30 06:43:38.184 | INFO     | __main__:_loop:231 - [batch pdf 3] 447/817
2026-09-30 06:43:43.204 | INFO     | __main__:_loop:231 - [batch pdf 3] 450/817
2026-09-30 06:43:48.231 | INFO     | __main__:_loop:231 - [batch pdf 3] 453/817
2026-09-30 06:43:53.256 | INFO     | __main__:_loop:231 - [batch pdf 3] 456/817
2026-09-30 06:43:58.290 | INFO     | __main__:_loop:231 - [batch pdf 3] 459/817
2026-09-30 06:44:03.314 | INFO     | __main__:_loop:231 - [batch pdf 3] 460/817
2026-09-30 06:44:08.320 | INFO     | __main__:_loop:246 - [focus] item 461/817 not saved after 5 s; checking Word
2026-09-30 06:44:36.395 | INFO     | __main__:_loop:231 - [batch pdf 3] 475/817
2026-09-30 06:44:41.427 | INFO     | __main__:_loop:231 - [batch pdf 3] 478/817
2026-09-30 06:44:46.453 | INFO     | __main__:_loop:231 - [batch pdf 3] 482/817
2026-09-30 06:44:51.481 | INFO     | __main__:_loop:231 - [batch pdf 3] 485/817
2026-09-30 06:44:56.513 | INFO     | __main__:_loop:231 - [batch pdf 3] 488/817
2026-09-30 06:45:01.534 | INFO     | __main__:_loop:231 - [batch pdf 3] 492/817
2026-09-30 06:45:06.571 | INFO     | __main__:_loop:231 - [batch pdf 3] 494/817
2026-09-30 06:45:11.602 | INFO     | __main__:_loop:231 - [batch pdf 3] 497/817
2026-09-30 06:45:16.627 | INFO     | __main__:_loop:231 - [batch pdf 3] 499/817
2026-09-30 06:45:21.651 | INFO     | __main__:_loop:231 - [batch pdf 3] 503/817
2026-09-30 06:45:26.676 | INFO     | __main__:_loop:231 - [batch pdf 3] 505/817
2026-09-30 06:45:31.702 | INFO     | __main__:_loop:231 - [batch pdf 3] 507/817
2026-09-30 06:45:36.729 | INFO     | __main__:_loop:231 - [batch pdf 3] 510/817
2026-09-30 06:45:41.756 | INFO     | __main__:_loop:231 - [batch pdf 3] 513/817
2026-09-30 06:45:46.786 | INFO     | __main__:_loop:231 - [batch pdf 3] 515/817
2026-09-30 06:45:51.823 | INFO     | __main__:_loop:231 - [batch pdf 3] 518/817
2026-09-30 06:45:56.845 | INFO     | __main__:_loop:231 - [batch pdf 3] 520/817
2026-09-30 06:46:01.869 | INFO     | __main__:_loop:231 - [batch pdf 3] 522/817
2026-09-30 06:46:06.900 | INFO     | __main__:_loop:231 - [batch pdf 3] 525/817
2026-09-30 06:46:11.945 | INFO     | __main__:_loop:231 - [batch pdf 3] 528/817
2026-09-30 06:46:16.979 | INFO     | __main__:_loop:231 - [batch pdf 3] 531/817
2026-09-30 06:46:22.002 | INFO     | __main__:_loop:231 - [batch pdf 3] 534/817
2026-09-30 06:46:27.021 | INFO     | __main__:_loop:231 - [batch pdf 3] 537/817
2026-09-30 06:46:32.046 | INFO     | __main__:_loop:231 - [batch pdf 3] 539/817
2026-09-30 06:46:37.121 | INFO     | __main__:_loop:231 - [batch pdf 3] 541/817
2026-09-30 06:46:42.163 | INFO     | __main__:_loop:246 - [focus] item 542/817 not saved after 5 s; checking Word
2026-09-30 06:47:10.214 | INFO     | __main__:_loop:246 - [focus] item 542/817 not saved after 33 s; checking Word
2026-09-30 06:47:34.061 | WARNING  | __main__:_report:208 - [batch pdf 3] item 542/817 open for more than 30 s:
-- Word windows {name, subrole}: ,
-- Word window text: 
-- crash reporters: 
-- batch-pdf-3.log:
[ok]	4
[ok]	5
[ok]	6
[ok]	7
[ok]	8
[ok]	9
[ok]	10
[ok]	11
[ok]	12
[ok]	13
[ok]	14
[ok]	15
[ok]	16
[ok]	17
[ok]	18
[ok]	19
[ok]	20
[ok]	21
[ok]	22
[ok]	23
[ok]	24
[ok]	25
[ok]	26
[ok]	27
[ok]	28
[ok]	29
[ok]	30
[ok]	31
[ok]	32
[ok]	33
[ok]	34
[ok]	35
[ok]	36
[ok]	37
[ok]	38
[ok]	39
[ok]	40
[ok]	41
[ok]	42
[ok]	43
[ok]	44
[ok]	45
[ok]	46
[ok]	47
[ok]	48
[ok]	49
[ok]	50
[ok]	51
[ok]	52
[ok]	53
[ok]	54
[ok]	55
[ok]	56
[ok]	57
[ok]	58
[ok]	59
[ok]	60
[ok]	61
[ok]	62
[ok]	63
[ok]	64
[ok]	65
[ok]	66
[ok]	67
[ok]	68
[ok]	69
[ok]	70
[ok]	71
[ok]	72
[ok]	73
[ok]	74
[ok]	75
[ok]	76
[ok]	77
[ok]	78
[ok]	79
[ok]	80
[ok]	81
[ok]	82
[ok]	83
[ok]	84
[ok]	85
[ok]	86
[ok]	87
[ok]	88
[ok]	89
[ok]	90
[ok]	91
[ok]	92
[ok]	93
[ok]	94
[ok]	95
[ok]	96
[ok]	97
[ok]	98
[ok]	99
[ok]	100
[ok]	101
[ok]	102
[ok]	103
[ok]	104
[ok]	105
[ok]	106
[ok]	107
[ok]	108
[ok]	109
[ok]	110
[ok]	111
[ok]	112
[ok]	113
[ok]	114
[ok]	115
[ok]	116
[ok]	117
[ok]	118
[ok]	119
[ok]	120
[ok]	121
[ok]	122
[ok]	123
[ok]	124
[ok]	125
[ok]	126
[ok]	127
[ok]	128
[ok]	129
[ok]	130
[ok]	131
[ok]	132
[ok]	133
[ok]	134
[ok]	135
[ok]	136
[ok]	137
[ok]	138
[ok]	139
[ok]	140
[ok]	141
[ok]	142
[ok]	143
[ok]	144
[ok]	145
[ok]	146
[ok]	147
[ok]	148
[ok]	149
[ok]	150
[ok]	151
[ok]	152
[ok]	153
[ok]	154
[ok]	155
[ok]	156
[ok]	157
[ok]	158
[ok]	159
[ok]	160
[ok]	161
[ok]	162
[ok]	163
[ok]	164
[ok]	165
[ok]	166
[ok]	167
[ok]	168
[ok]	169
[ok]	170
[ok]	171
[ok]	172
[ok]	173
[ok]	174
[ok]	175
[ok]	176
[ok]	177
[ok]	178
[ok]	179
[ok]	180
[ok]	181
[ok]	182
[ok]	183
[ok]	184
[ok]	185
[ok]	186
[ok]	187
[ok]	188
[ok]	189
[ok]	190
[ok]	191
[ok]	192
[ok]	193
[ok]	194
[ok]	195
[ok]	196
[ok]	197
[ok]	198
[ok]	199
[ok]	200
[ok]	201
[ok]	202
[ok]	203
[ok]	204
[ok]	205
[ok]	206
[ok]	207
[ok]	208
[ok]	209
[ok]	210
[ok]	211
[ok]	212
[ok]	213
[ok]	214
[ok]	215
[ok]	216
[ok]	217
[ok]	218
[ok]	219
[ok]	220
[ok]	221
[ok]	222
[ok]	223
[ok]	224
[ok]	225
[ok]	226
[ok]	227
[ok]	228
[ok]	229
[ok]	230
[ok]	231
[ok]	232
[ok]	233
[ok]	234
[ok]	235
[ok]	236
[ok]	237
[ok]	238
[ok]	239
[ok]	240
[ok]	241
[ok]	242
[ok]	243
[ok]	244
[ok]	245
[ok]	246
[ok]	247
[ok]	248
[ok]	249
[ok]	250
[ok]	251
[ok]	252
[ok]	253
[ok]	254
[ok]	255
[ok]	256
[ok]	257
[ok]	258
[ok]	259
[ok]	260
[ok]	261
[ok]	262
[ok]	263
[ok]	264
[ok]	265
[ok]	266
[ok]	267
[ok]	268
[ok]	269
[ok]	270
[ok]	271
[ok]	272
[ok]	273
[ok]	274
[ok]	275
[ok]	276
[ok]	277
[ok]	278
[ok]	279
[ok]	280
[ok]	281
[ok]	282
[ok]	283
[ok]	284
[ok]	285
[ok]	286
[ok]	287
[ok]	288
[ok]	289
[ok]	290
[ok]	291
[ok]	292
[ok]	293
[ok]	294
[ok]	295
[ok]	296
[ok]	297
[ok]	298
[ok]	299
[ok]	300
[ok]	301
[ok]	302
[ok]	303
[ok]	304
[ok]	305
[ok]	306
[ok]	307
[ok]	308
[ok]	309
[ok]	310
[ok]	311
[ok]	312
[ok]	313
[ok]	314
[ok]	315
[ok]	316
[ok]	317
[ok]	318
[ok]	319
[ok]	320
[ok]	321
[ok]	322
[ok]	323
[ok]	324
[ok]	325
[ok]	326
[ok]	327
[ok]	328
[ok]	329
[ok]	330
[ok]	331
[ok]	332
[ok]	333
[ok]	334
[ok]	335
[ok]	336
[ok]	337
[ok]	338
[ok]	339
[ok]	340
[ok]	341
[ok]	342
[ok]	343
[ok]	344
[ok]	345
[ok]	346
[ok]	347
[ok]	348
[ok]	349
[ok]	350
[ok]	351
[ok]	352
[ok]	353
[ok]	354
[ok]	355
[ok]	356
[ok]	357
[ok]	358
[ok]	359
[ok]	360
[ok]	361
[ok]	362
[ok]	363
[ok]	364
[ok]	365
[ok]	366
[ok]	367
[ok]	368
[ok]	369
[ok]	370
[ok]	371
[ok]	372
[ok]	373
[ok]	374
[ok]	375
[ok]	376
[ok]	377
[ok]	378
[ok]	379
[ok]	380
[ok]	381
[ok]	382
[ok]	383
[ok]	384
[ok]	385
[ok]	386
[ok]	387
[ok]	388
[ok]	389
[ok]	390
[ok]	391
[ok]	392
[ok]	393
[ok]	394
[ok]	395
[ok]	396
[ok]	397
[ok]	398
[ok]	399
[ok]	400
[ok]	401
[ok]	402
[ok]	403
[ok]	404
[ok]	405
[ok]	406
[ok]	407
[ok]	408
[ok]	409
[ok]	410
[ok]	411
[ok]	412
[ok]	413
[ok]	414
[ok]	415
[ok]	416
[ok]	417
[ok]	418
[ok]	419
[ok]	420
[ok]	421
[ok]	422
[ok]	423
[ok]	424
[ok]	425
[ok]	426
[ok]	427
[ok]	428
[ok]	429
[ok]	430
[ok]	431
[ok]	432
[ok]	433
[ok]	434
[ok]	435
[ok]	436
[ok]	437
[ok]	438
[ok]	439
[ok]	440
[ok]	441
[ok]	442
[ok]	443
[ok]	444
[ok]	445
[ok]	446
[ok]	447
[ok]	448
[ok]	449
[ok]	450
[ok]	451
[ok]	452
[ok]	453
[ok]	454
[ok]	455
[ok]	456
[ok]	457
[ok]	458
[ok]	459
[ok]	460
[ok]	461
[ok]	462
[ok]	463
[ok]	464
[ok]	465
[ok]	466
[ok]	467
[ok]	468
[ok]	469
[ok]	470
[ok]	471
[ok]	472
[ok]	473
[ok]	474
[ok]	475
[ok]	476
[ok]	477
[ok]	478
[ok]	479
[ok]	480
[ok]	481
[ok]	482
[ok]	483
[ok]	484
[ok]	485
[ok]	486
[ok]	487
[ok]	488
[ok]	489
[ok]	490
[ok]	491
[ok]	492
[ok]	493
[ok]	494
[ok]	495
[ok]	496
[ok]	497
[ok]	498
[ok]	499
[ok]	500
[ok]	501
[ok]	502
[ok]	503
[ok]	504
[ok]	505
[ok]	506
[ok]	507
[ok]	508
[ok]	509
[ok]	510
[ok]	511
[ok]	512
[ok]	513
[ok]	514
[ok]	515
[ok]	516
[ok]	517
[ok]	518
[ok]	519
[ok]	520
[ok]	521
[ok]	522
[ok]	523
[ok]	524
[ok]	525
[ok]	526
[ok]	527
[ok]	528
[ok]	529
[ok]	530
[ok]	531
[ok]	532
[ok]	533
[ok]	534
[ok]	535
[ok]	536
[ok]	537
[ok]	538
[ok]	539
[ok]	540
[ok]	541
[ok]	542
[ok]	543
[ok]	544
-- newest diagnostic reports: jub_b19-2026-09-30-052944.0006.ips, jub_b19-2026-09-30-052944.0005.ips, jub_b19-2026-09-30-052944.0004.ips, jub_b19-2026-09-30-052944.0003.ips, jub_b19-2026-09-30-052944.0002.ips
2026-09-30 06:47:38.246 | INFO     | __main__:_loop:246 - [focus] item 542/817 not saved after 61 s; checking Word
2026-09-30 06:48:06.318 | INFO     | __main__:_loop:231 - [batch pdf 3] 548/817
2026-09-30 06:48:11.340 | INFO     | __main__:_loop:231 - [batch pdf 3] 551/817
2026-09-30 06:48:16.372 | INFO     | __main__:_loop:231 - [batch pdf 3] 553/817
2026-09-30 06:48:21.410 | INFO     | __main__:_loop:231 - [batch pdf 3] 556/817
2026-09-30 06:48:26.445 | INFO     | __main__:_loop:231 - [batch pdf 3] 559/817
2026-09-30 06:48:31.480 | INFO     | __main__:_loop:231 - [batch pdf 3] 562/817
2026-09-30 06:48:36.507 | INFO     | __main__:_loop:231 - [batch pdf 3] 564/817
2026-09-30 06:48:41.536 | INFO     | __main__:_loop:231 - [batch pdf 3] 567/817
2026-09-30 06:48:46.560 | INFO     | __main__:_loop:231 - [batch pdf 3] 569/817
2026-09-30 06:48:51.590 | INFO     | __main__:_loop:231 - [batch pdf 3] 571/817
2026-09-30 06:48:56.622 | INFO     | __main__:_loop:246 - [focus] item 572/817 not saved after 5 s; checking Word
2026-09-30 06:49:24.686 | INFO     | __main__:_loop:231 - [batch pdf 3] 586/817
2026-09-30 06:49:29.716 | INFO     | __main__:_loop:231 - [batch pdf 3] 588/817
2026-09-30 06:49:34.742 | INFO     | __main__:_loop:231 - [batch pdf 3] 591/817
2026-09-30 06:49:39.768 | INFO     | __main__:_loop:231 - [batch pdf 3] 593/817
2026-09-30 06:49:44.794 | INFO     | __main__:_loop:231 - [batch pdf 3] 595/817
2026-09-30 06:49:49.819 | INFO     | __main__:_loop:231 - [batch pdf 3] 597/817
2026-09-30 06:49:54.862 | INFO     | __main__:_loop:231 - [batch pdf 3] 599/817
2026-09-30 06:49:59.888 | INFO     | __main__:_loop:231 - [batch pdf 3] 602/817
2026-09-30 06:50:04.912 | INFO     | __main__:_loop:231 - [batch pdf 3] 604/817
2026-09-30 06:50:09.947 | INFO     | __main__:_loop:231 - [batch pdf 3] 606/817
2026-09-30 06:50:14.975 | INFO     | __main__:_loop:231 - [batch pdf 3] 609/817
2026-09-30 06:50:19.991 | INFO     | __main__:_loop:231 - [batch pdf 3] 613/817
2026-09-30 06:50:25.011 | INFO     | __main__:_loop:231 - [batch pdf 3] 616/817
2026-09-30 06:50:30.037 | INFO     | __main__:_loop:231 - [batch pdf 3] 619/817
2026-09-30 06:50:35.057 | INFO     | __main__:_loop:231 - [batch pdf 3] 623/817
2026-09-30 06:50:40.084 | INFO     | __main__:_loop:231 - [batch pdf 3] 626/817
2026-09-30 06:50:45.111 | INFO     | __main__:_loop:231 - [batch pdf 3] 629/817
2026-09-30 06:50:50.135 | INFO     | __main__:_loop:231 - [batch pdf 3] 633/817
2026-09-30 06:50:55.164 | INFO     | __main__:_loop:231 - [batch pdf 3] 636/817
2026-09-30 06:51:00.192 | INFO     | __main__:_loop:231 - [batch pdf 3] 640/817
2026-09-30 06:51:05.218 | INFO     | __main__:_loop:231 - [batch pdf 3] 644/817
2026-09-30 06:51:10.248 | INFO     | __main__:_loop:231 - [batch pdf 3] 648/817
2026-09-30 06:51:15.261 | INFO     | __main__:_loop:231 - [batch pdf 3] 652/817
2026-09-30 06:51:20.281 | INFO     | __main__:_loop:231 - [batch pdf 3] 655/817
2026-09-30 06:51:25.300 | INFO     | __main__:_loop:231 - [batch pdf 3] 659/817
2026-09-30 06:51:30.327 | INFO     | __main__:_loop:231 - [batch pdf 3] 661/817
2026-09-30 06:51:35.350 | INFO     | __main__:_loop:231 - [batch pdf 3] 664/817
2026-09-30 06:51:40.383 | INFO     | __main__:_loop:231 - [batch pdf 3] 740/817
2026-09-30 06:51:40.549 | INFO     | word_pdf:_note_buttons:510 - [watchdog] Microsoft Word shows button 'OK'
2026-09-30 06:51:40.549 | INFO     | word_pdf:_note_buttons:510 - [watchdog] Microsoft Word shows button 'missing value'
2026-09-30 06:51:41.721 | WARNING  | __main__:_loop_word:188 - [watchdog] Word dialog dismissed via 'OK'
2026-09-30 06:51:45.410 | INFO     | __main__:_loop:231 - [batch pdf 3] 778/817
2026-09-30 06:51:50.430 | INFO     | __main__:_loop:231 - [batch pdf 3] 781/817
2026-09-30 06:51:55.450 | INFO     | __main__:_loop:231 - [batch pdf 3] 784/817
2026-09-30 06:52:00.465 | INFO     | __main__:_loop:231 - [batch pdf 3] 787/817
2026-09-30 06:52:05.470 | INFO     | __main__:_loop:246 - [focus] item 788/817 not saved after 5 s; checking Word
2026-09-30 06:52:19.362 | INFO     | __main__:_loop:231 - [batch pdf 3] 796/817
2026-09-30 06:52:24.385 | INFO     | __main__:_loop:231 - [batch pdf 3] 799/817
2026-09-30 06:52:29.405 | INFO     | __main__:_loop:231 - [batch pdf 3] 802/817
2026-09-30 06:52:34.422 | INFO     | __main__:_loop:231 - [batch pdf 3] 805/817
2026-09-30 06:52:39.441 | INFO     | __main__:_loop:231 - [batch pdf 3] 808/817
2026-09-30 06:52:44.460 | INFO     | __main__:_loop:231 - [batch pdf 3] 810/817
2026-09-30 06:52:49.487 | INFO     | __main__:_loop:231 - [batch pdf 3] 811/817
2026-09-30 06:52:54.506 | INFO     | __main__:_loop:231 - [batch pdf 3] 814/817
2026-09-30 06:52:59.527 | INFO     | __main__:_loop:231 - [batch pdf 3] 816/817
2026-09-30 06:52:59.672 | ERROR    | word_pdf:_convert_batched:1730 - [batch] FAIL: 19eb128df9_98bf5f3d218a1485f5eb284693b4f98725eadd3660097efd__vs__9666fa13fb_a3701d3600ed5bf6c9bf13e12e4c2a59542eba10f87fad69_redline_5b269ade28_jubarte-093.docx — 
2026-09-30 06:52:59.675 | ERROR    | word_pdf:_convert_batched:1730 - [batch] FAIL: 7e4c9416aa_00803e70c3646e42abab322238df606c847686168795a703__vs__1424386e9b_017447de83753a0e3b7afc659df038ef56972925336c6a5b_redline_c8545d372b_jubarte-093.docx — Microsoft Word got an error: document "00002__7e4c9416aa_00803e70c3646e42abab322238df606c847686168795a703__vs__1424386e9b_017447de83753a0e3b7afc659df038ef56972925336c6a5b_redline_c8545d372b_jubarte-09
2026-09-30 06:52:59.677 | ERROR    | word_pdf:_convert_batched:1730 - [batch] FAIL: acce1b593c_4bb73d9addf1f02e3a2132dcd33a8feb4dfcbe076d43bb0f__vs__4e2d5a0b0c_4887566b3c4aad8c7f07b4ba2637c0244a1ee0d66c8d0c29_redline_63ea4d3f8d_jubarte-093.docx — Microsoft Word got an error: AppleEvent timed out.
2026-09-30 06:53:55.315 | ERROR    | word_pdf:_convert_batched:1730 - [batch] FAIL: f43f6ef305_002042b8a23533ba746bf4eaf56b5e62642cc111f5f5fcff__vs__bd3824dd1e_000ee64ef7226d353297888f59a251e24ce5d776fea000fa_redline_fd2201fe85_jubarte-093.docx — 
2026-09-30 06:53:55.316 | ERROR    | word_pdf:_convert_batched:1730 - [batch] FAIL: f43f6ef305_002042b8a23533ba746bf4eaf56b5e62642cc111f5f5fcff__vs__deff0e697a_00b5defcad6e58038eac35472a2d48c89905068e5ece0cc3_redline_621d6afaf0_jubarte-093.docx — Microsoft Word got an error: every document doesn’t understand the “close” message.
2026-09-30 06:53:55.317 | ERROR    | word_pdf:_convert_batched:1730 - [batch] FAIL: f49b3b0ec2_super_editor__sd_1919_word_table_74726d6c__vs__18d1a4ad46_super_editor__sd_2534_collab_export_f3c7fdf7_redline_6ef257d033_jubarte-093.docx — Microsoft Word got an error: every document doesn’t understand the “close” message.
2026-09-30 06:53:55.318 | ERROR    | word_pdf:_convert_batched:1730 - [batch] FAIL: f49b3b0ec2_super_editor__sd_1919_word_table_74726d6c__vs__a0738533be_gdocs_comments_export_redline_515c0aa8ab_jubarte-093.docx — Microsoft Word got an error: every document doesn’t understand the “close” message.
2026-09-30 06:53:55.319 | ERROR    | word_pdf:_convert_batched:1730 - [batch] FAIL: f49b3b0ec2_super_editor__sd_1919_word_table_74726d6c__vs__e663016796_behavior__sd_2672_multipara_cell_4d1f068e_redline_6adcb54944_jubarte-093.docx — Microsoft Word got an error: every document doesn’t understand the “close” message.
2026-09-30 06:53:55.319 | ERROR    | word_pdf:_convert_batched:1730 - [batch] FAIL: f4e1903ff3_super_editor__sd_1707_list_enter_track_changes_w__vs__25f07e0823_super_editor__sd_1919_word_mixed_33e049ca_redline_4d4841f48c_jubarte-093.docx — Microsoft Word got an error: every document doesn’t understand the “close” message.
2026-09-30 06:53:55.320 | ERROR    | word_pdf:_convert_batched:1730 - [batch] FAIL: f4fa801783_sample_document_really_repaired_word_repaired__vs__451b3b3460_sample_document_word_repair_of_our_output_iter2_redline_72fecbe1f5_jubarte-093.docx — Microsoft Word got an error: every document doesn’t understand the “close” message.
2026-09-30 06:53:55.321 | ERROR    | word_pdf:_convert_batched:1730 - [batch] FAIL: f4faa3ad63_file_129__vs__1547c5df73_file_130_redline_206e9d2d17_jubarte-093.docx — Microsoft Word got an error: every document doesn’t understand the “close” message.
2026-09-30 06:53:55.321 | ERROR    | word_pdf:_convert_batched:1730 - [batch] FAIL: f529133cd5_super_editor__basic_comment_d3ba5f1e__vs__199cb211b5_super_editor__basic_footnotes_5be96945_redline_b547e31a0d_jubarte-093.docx — Microsoft Word got an error: every document doesn’t understand the “close” message.
2026-09-30 06:53:55.322 | ERROR    | word_pdf:_convert_batched:1730 - [batch] FAIL: f529133cd5_super_editor__basic_comment_d3ba5f1e__vs__2dc3e97d2a_super_editor__hyperlink_node_52b7695b_redline_4ce07ffaec_jubarte-093.docx — Microsoft Word got an error: every document doesn’t understand the “close” message.
2026-09-30 06:53:55.323 | ERROR    | word_pdf:_convert_batched:1730 - [batch] FAIL: f529133cd5_super_editor__basic_comment_d3ba5f1e__vs__3539cf2404_cli_legacy__replace_test_0a793f01_redline_a15dd224a7_jubarte-093.docx — Microsoft Word got an error: every document doesn’t understand the “close” message.
2026-09-30 06:53:55.323 | ERROR    | word_pdf:_convert_batched:1730 - [batch] FAIL: f529133cd5_super_editor__basic_comment_d3ba5f1e__vs__3b639ef236_super_editor__sdpr_8cc15994_redline_62f0f8ee91_jubarte-093.docx — Microsoft Word got an error: every document doesn’t understand the “close” message.
2026-09-30 06:53:55.324 | ERROR    | word_pdf:_convert_batched:1730 - [batch] FAIL: f529133cd5_super_editor__basic_comment_d3ba5f1e__vs__5fa01813d3_super_editor__basic_table_shading_d3212ffd_redline_b2704631d9_jubarte-093.docx — Microsoft Word got an error: every document doesn’t understand the “close” message.
2026-09-30 06:53:55.325 | ERROR    | word_pdf:_convert_batched:1730 - [batch] FAIL: f529133cd5_super_editor__basic_comment_d3ba5f1e__vs__75aeff4f58_super_editor__diff_after9_a9d4b4b0_redline_2eb4edf103_jubarte-093.docx — Microsoft Word got an error: every document doesn’t understand the “close” message.
2026-09-30 06:53:55.325 | ERROR    | word_pdf:_convert_batched:1730 - [batch] FAIL: f529133cd5_super_editor__basic_comment_d3ba5f1e__vs__8df6dfa8d7_alternate_content_redline_e8fafc3cba_jubarte-093.docx — Microsoft Word got an error: every document doesn’t understand the “close” message.
2026-09-30 06:53:55.326 | ERROR    | word_pdf:_convert_batched:1730 - [batch] FAIL: f584285fed_behavior__sd_2672_gridbefore_vmerge_7c895dff__vs__ae9360e096_behavior__sd_2672_merged_table_821b922c_redline_6f547c7a01_jubarte-093.docx — Microsoft Word got an error: every document doesn’t understand the “close” message.
2026-09-30 06:53:55.326 | ERROR    | word_pdf:_convert_batched:1730 - [batch] FAIL: f5bac425cd_word_tolerated_broken_media_rel__vs__d616476e12_word_tolerated_duplicate_ppr_redline_fd9df69e75_jubarte-093.docx — Microsoft Word got an error: every document doesn’t understand the “close” message.
2026-09-30 06:53:55.327 | ERROR    | word_pdf:_convert_batched:1730 - [batch] FAIL: f5e7ce8d94_italic_subscript_demo_style_default_missing__vs__bc1dd323f3_italic_text_formatting_demo_id_paraid_overflow_2_redline_ebb82f0e9b_jubarte-093.docx — Microsoft Word got an error: every document doesn’t understand the “close” message.
2026-09-30 06:53:55.328 | ERROR    | word_pdf:_convert_batched:1730 - [batch] FAIL: f601de1855_file_152__vs__746ad2b7f6_file_153_redline_49ed3281ea_jubarte-093.docx — Microsoft Word got an error: every document doesn’t understand the “close” message.
2026-09-30 06:53:55.328 | ERROR    | word_pdf:_convert_batched:1730 - [batch] FAIL: f62e209c7c_super_editor__paragraph_ppr_variations_a7653eb1__vs__bcc7379f64_super_editor__paragraph_spacing_missing_de418c38_redline_ae1647267d_jubarte-093.docx — Microsoft Word got an error: every document doesn’t understand the “close” message.
2026-09-30 06:53:55.329 | ERROR    | word_pdf:_convert_batched:1730 - [batch] FAIL: f644da9aeb_employee_directory_table_2__vs__7888085856_employee_directory_table_redline_81f83d335f_jubarte-093.docx — Microsoft Word got an error: every document doesn’t understand the “close” message.
2026-09-30 06:53:55.329 | ERROR    | word_pdf:_convert_batched:1730 - [batch] FAIL: f6bf50a9ee_heading_1_style_demo_id_paraid_overflow__vs__361c330b8d_heading_2_center_demo_id_paraid_overflow_redline_08c7668aa0_jubarte-093.docx — Microsoft Word got an error: every document doesn’t understand the “close” message.
2026-09-30 06:53:55.330 | ERROR    | word_pdf:_convert_batched:1730 - [batch] FAIL: f6de76cc94_numbered_list_italic_demo_id_paraid_overflow__vs__053c86de5f_open_sans_bold_underline_id_paraid_overflow_redline_0bde72da10_jubarte-093.docx — Microsoft Word got an error: every document doesn’t understand the “close” message.
2026-09-30 06:53:55.331 | ERROR    | word_pdf:_convert_batched:1730 - [batch] FAIL: f6de76cc94_numbered_list_italic_demo_id_paraid_overflow__vs__18eb110b3b_numwords_fldsimple_redline_452c8f76a5_jubarte-093.docx — Microsoft Word got an error: every document doesn’t understand the “close” message.
2026-09-30 06:53:55.332 | ERROR    | word_pdf:_convert_batched:1730 - [batch] FAIL: f6e1c253ff_super_editor__diff_before9_9818a85f__vs__0b1d0278ce_behavior__math_radical_tests_4c1ce187_redline_1445e94e75_jubarte-093.docx — Microsoft Word got an error: every document doesn’t understand the “close” message.
2026-09-30 06:53:55.332 | ERROR    | word_pdf:_convert_batched:1730 - [batch] FAIL: f6e1c253ff_super_editor__diff_before9_9818a85f__vs__0e1d01ec7d_super_editor__doc_with_graphs_diagrams_rotated_e_redline_108d3b4e97_jubarte-093.docx — Microsoft Word got an error: every document doesn’t understand the “close” message.
2026-09-30 06:53:55.333 | ERROR    | word_pdf:_convert_batched:1730 - [batch] FAIL: f6f35375dd_4b86cf0feb7f5bded449753bfe2950d19263d9c33580247d__vs__153475ecc3_630e2755d490dfd200220fd7138cb75964ae99d9fa116455_redline_c2d6b7dbc8_jubarte-093.docx — Microsoft Word got an error: every document doesn’t understand the “close” message.
2026-09-30 06:53:55.334 | ERROR    | word_pdf:_convert_batched:1730 - [batch] FAIL: f701e327ed_6a38e10504967e4c8d114e98a1ec4394a6ad0758771b60b3__vs__00163e55a0_7d35102e1569471281c726baa1f9e9cc31e56e839f337972_redline_bd704500fb_jubarte-093.docx — Microsoft Word got an error: every document doesn’t understand the “close” message.
2026-09-30 06:53:55.334 | ERROR    | word_pdf:_convert_batched:1730 - [batch] FAIL: f71a12ee23_super_editor__fields_attrs1_83837249__vs__3539cf2404_cli_legacy__replace_test_0a793f01_redline_7a1d3fbeba_jubarte-093.docx — Microsoft Word got an error: every document doesn’t understand the “close” message.
2026-09-30 06:53:55.335 | ERROR    | word_pdf:_convert_batched:1730 - [batch] FAIL: f71a12ee23_super_editor__fields_attrs1_83837249__vs__7b076416b0_sectpr_headerref_redline_0d3b1ce858_jubarte-093.docx — Microsoft Word got an error: every document doesn’t understand the “close” message.
2026-09-30 06:53:55.336 | ERROR    | word_pdf:_convert_batched:1730 - [batch] FAIL: f71a12ee23_super_editor__fields_attrs1_83837249__vs__8db63962d9_super_editor__fields_attrs2_fonts_ebd792fb_redline_1824b1df94_jubarte-093.docx — Microsoft Word got an error: every document doesn’t understand the “close” message.
2026-09-30 06:53:55.336 | ERROR    | word_pdf:_convert_batched:1730 - [batch] FAIL: f71a12ee23_super_editor__fields_attrs1_83837249__vs__f102bb2f46_super_editor__diff_before5_a5f60578_redline_306edcd34e_jubarte-093.docx — Microsoft Word got an error: every document doesn’t understand the “close” message.
2026-09-30 06:53:55.337 | ERROR    | word_pdf:_convert_batched:1730 - [batch] FAIL: f782ae23ec_super_editor__wordoriginatedcomments_c146be65__vs__3539cf2404_cli_legacy__replace_test_0a793f01_redline_3303e707c8_jubarte-093.docx — Microsoft Word got an error: every document doesn’t understand the “close” message.
2026-09-30 06:53:55.338 | ERROR    | word_pdf:_convert_batched:1730 - [batch] FAIL: f786f1da65_001921017566904561ee8ce26ec591c5fb4cd1655b295518__vs__1424386e9b_017447de83753a0e3b7afc659df038ef56972925336c6a5b_redline_4364428e37_jubarte-093.docx — Microsoft Word got an error: every document doesn’t understand the “close” message.
2026-09-30 06:53:55.339 | ERROR    | word_pdf:_convert_batched:1730 - [batch] FAIL: f786f1da65_001921017566904561ee8ce26ec591c5fb4cd1655b295518__vs__2773adf157_0004c94ca2a8684d47449bb0e7abf87de1df71a7e6543252_redline_bdea97dde1_jubarte-093.docx — Microsoft Word got an error: every document doesn’t understand the “close” message.
2026-09-30 06:53:55.339 | ERROR    | word_pdf:_convert_batched:1730 - [batch] FAIL: f786f1da65_001921017566904561ee8ce26ec591c5fb4cd1655b295518__vs__2e04202552_000e3e7bd2d6215fc7b469cc3e296c1b2a510bc1abc7e0fd_redline_0a0cd852ed_jubarte-093.docx — Microsoft Word got an error: every document doesn’t understand the “close” message.
2026-09-30 06:53:55.340 | ERROR    | word_pdf:_convert_batched:1730 - [batch] FAIL: f786f1da65_001921017566904561ee8ce26ec591c5fb4cd1655b295518__vs__333bfe069a_003416d620331122b93b434dad901db5836f60d2cad4b533_redline_3794c2d672_jubarte-093.docx — Microsoft Word got an error: every document doesn’t understand the “close” message.
2026-09-30 06:53:55.341 | ERROR    | word_pdf:_convert_batched:1730 - [batch] FAIL: f786f1da65_001921017566904561ee8ce26ec591c5fb4cd1655b295518__vs__342f364d46_001342333d45627868f4dc5282abbba4598a91b4a7584b08_redline_be486e3b25_jubarte-093.docx — Microsoft Word got an error: every document doesn’t understand the “close” message.
2026-09-30 06:53:55.342 | ERROR    | word_pdf:_convert_batched:1730 - [batch] FAIL: f786f1da65_001921017566904561ee8ce26ec591c5fb4cd1655b295518__vs__5203829c7a_001cc92b88566d5f930fe57f25813c0bf52a7bdc72c217d0_redline_cb330ddba7_jubarte-093.docx — Microsoft Word got an error: every document doesn’t understand the “close” message.
2026-09-30 06:53:55.343 | ERROR    | word_pdf:_convert_batched:1730 - [batch] FAIL: f786f1da65_001921017566904561ee8ce26ec591c5fb4cd1655b295518__vs__a5f2b9318d_002aa60c2ae1187417b4b157c5ec6450324cc056ec551a12_redline_f2f9d9b24a_jubarte-093.docx — Microsoft Word got an error: every document doesn’t understand the “close” message.
2026-09-30 06:53:55.343 | ERROR    | word_pdf:_convert_batched:1730 - [batch] FAIL: f786f1da65_001921017566904561ee8ce26ec591c5fb4cd1655b295518__vs__aa5340125d_00a4b0b91e9b5b072dc3771391c2d608518690eccf44eae8_redline_41c87b1359_jubarte-093.docx — Microsoft Word got an error: every document doesn’t understand the “close” message.
2026-09-30 06:53:55.344 | ERROR    | word_pdf:_convert_batched:1730 - [batch] FAIL: f786f1da65_001921017566904561ee8ce26ec591c5fb4cd1655b295518__vs__bd3824dd1e_000ee64ef7226d353297888f59a251e24ce5d776fea000fa_redline_dd1816c8cf_jubarte-093.docx — Microsoft Word got an error: every document doesn’t understand the “close” message.
2026-09-30 06:53:55.345 | ERROR    | word_pdf:_convert_batched:1730 - [batch] FAIL: f786f1da65_001921017566904561ee8ce26ec591c5fb4cd1655b295518__vs__deff0e697a_00b5defcad6e58038eac35472a2d48c89905068e5ece0cc3_redline_deab4d1fab_jubarte-093.docx — Microsoft Word got an error: every document doesn’t understand the “close” message.
2026-09-30 06:53:55.346 | ERROR    | word_pdf:_convert_batched:1730 - [batch] FAIL: f795b96ac4_behavior__math_delimiter_tests_c9d034dc__vs__22ccb1b200_super_editor__diff_after19_79c6b379_redline_d47a965ac5_jubarte-093.docx — Microsoft Word got an error: every document doesn’t understand the “close” message.
2026-09-30 06:53:55.347 | ERROR    | word_pdf:_convert_batched:1730 - [batch] FAIL: f795b96ac4_behavior__math_delimiter_tests_c9d034dc__vs__75aeff4f58_super_editor__diff_after9_a9d4b4b0_redline_898635595b_jubarte-093.docx — Microsoft Word got an error: every document doesn’t understand the “close” message.
2026-09-30 06:53:55.348 | ERROR    | word_pdf:_convert_batched:1730 - [batch] FAIL: f795b96ac4_behavior__math_delimiter_tests_c9d034dc__vs__79cb6b6c0f_behavior__word_native_bullet_disc_bfbeb2dd_redline_43b21d082c_jubarte-093.docx — Microsoft Word got an error: every document doesn’t understand the “close” message.
2026-09-30 06:53:55.348 | ERROR    | word_pdf:_convert_batched:1730 - [batch] FAIL: f795b96ac4_behavior__math_delimiter_tests_c9d034dc__vs__e3d152989b_behavior__math_eqarr_tests_40a1adb0_redline_5f586771fd_jubarte-093.docx — Microsoft Word got an error: every document doesn’t understand the “close” message.
2026-09-30 06:53:55.349 | ERROR    | word_pdf:_convert_batched:1730 - [batch] FAIL: f7d8cdf9a9_product_roadmap_2026_suggesting_insertions__vs__93db7f65b3_project_plan_suggesting_insertions_redline_218c9d60d5_jubarte-093.docx — Microsoft Word got an error: every document doesn’t understand the “close” message.
2026-09-30 06:53:55.350 | ERROR    | word_pdf:_convert_batched:1730 - [batch] FAIL: f7ece685ff_behavior__math_limit_tests_6dc07867__vs__3ad13eed3d_evals__document_9bff7e1b_redline_76d159d4b3_jubarte-093.docx — Microsoft Word got an error: every document doesn’t understand the “close” message.
2026-09-30 06:53:55.350 | ERROR    | word_pdf:_convert_batched:1730 - [batch] FAIL: f7ece685ff_behavior__math_limit_tests_6dc07867__vs__432a12b1a9_behavior__word_native_bullet_square_da8bb73c_redline_ca516d2f7f_jubarte-093.docx — Microsoft Word got an error: every document doesn’t understand the “close” message.
2026-09-30 06:53:55.351 | ERROR    | word_pdf:_convert_batched:1730 - [batch] FAIL: f7ece685ff_behavior__math_limit_tests_6dc07867__vs__6c0ad6c8ef_behavior__math_matrix_tests_a3b17e15_redline_4256a31075_jubarte-093.docx — Microsoft Word got an error: every document doesn’t understand the “close” message.
2026-09-30 06:53:55.352 | ERROR    | word_pdf:_convert_batched:1730 - [batch] FAIL: f809be38e3_526b9a2add7b99091cb17082b0173cf0494f0768c2a5d48d__vs__5ed92f798c_47f9e20139a5b07aae344e6f0fcbb842f9e3ca5f2746ac23_redline_cde0f6e857_jubarte-093.docx — Microsoft Word got an error: every document doesn’t understand the “close” message.
2026-09-30 06:53:55.353 | ERROR    | word_pdf:_convert_batched:1730 - [batch] FAIL: f83dd8794c_justify_alignment_demo_id_paraid_overflow_2__vs__56d80fab6a_justify_alignment_demo_id_paraid_overflow_redline_cedd5af88a_jubarte-093.docx — Microsoft Word got an error: every document doesn’t understand the “close” message.
2026-09-30 06:53:55.354 | ERROR    | word_pdf:_convert_batched:1730 - [batch] FAIL: f84571f3fc_bold_text_formatting_demo_id_paraid_overflow_2__vs__fdabb735ad_bold_text_formatting_demo_id_paraid_overflow_redline_031d0f0b06_jubarte-093.docx — Microsoft Word got an error: every document doesn’t understand the “close” message.
2026-09-30 06:53:55.356 | ERROR    | word_pdf:_convert_batched:1730 - [batch] FAIL: f884ff965b_subscript_demo_style_default_missing__vs__381ea58f00_subtitle_style_demo_id_paraid_overflow_redline_0787c21ef1_jubarte-093.docx — Microsoft Word got an error: every document doesn’t understand the “close” message.
2026-09-30 06:53:55.356 | ERROR    | word_pdf:_convert_batched:1730 - [batch] FAIL: f89ff5989b_evals__nda_7f304918__vs__0a2898b58a_evals__report_with_formatting_03f385ed_redline_cd9b4144f9_jubarte-093.docx — Microsoft Word got an error: every document doesn’t understand the “close” message.
2026-09-30 06:53:55.361 | ERROR    | word_pdf:_convert_batched:1730 - [batch] FAIL: f89ff5989b_evals__nda_7f304918__vs__18eb110b3b_numwords_fldsimple_redline_1988117669_jubarte-093.docx — Microsoft Word got an error: every document doesn’t understand the “close” message.
2026-09-30 06:53:55.362 | ERROR    | word_pdf:_convert_batched:1730 - [batch] FAIL: f8cb67d689_file_3__vs__f8f7ed1dc0_file_4_redline_6fb703911b_jubarte-093.docx — Microsoft Word got an error: every document doesn’t understand the “close” message.
2026-09-30 06:53:55.363 | ERROR    | word_pdf:_convert_batched:1730 - [batch] FAIL: f8ecf81d8b_font_size_demo_id_paraid_overflow__vs__2a69e1ce5c_green_bold_text_demo_id_paraid_overflow_redline_1197c62419_jubarte-093.docx — Microsoft Word got an error: every document doesn’t understand the “close” message.
2026-09-30 06:53:55.363 | ERROR    | word_pdf:_convert_batched:1730 - [batch] FAIL: f8ecf81d8b_font_size_demo_id_paraid_overflow__vs__64bdd3aded_footnotes_sample_redline_50108f87c5_jubarte-093.docx — Microsoft Word got an error: every document doesn’t understand the “close” message.
2026-09-30 06:53:55.364 | ERROR    | word_pdf:_convert_batched:1730 - [batch] FAIL: f8f7ed1dc0_file_4__vs__82ee7342fd_file_5_redline_1ca22e16ca_jubarte-093.docx — Microsoft Word got an error: every document doesn’t understand the “close” message.
2026-09-30 06:53:55.365 | ERROR    | word_pdf:_convert_batched:1730 - [batch] FAIL: f8f9857e80_title_style_demo_id_paraid_overflow__vs__39b73c977c_title_style_demo_style_default_missing_redline_2c6a62810a_jubarte-093.docx — Microsoft Word got an error: every document doesn’t understand the “close” message.
2026-09-30 06:53:55.366 | ERROR    | word_pdf:_convert_batched:1730 - [batch] FAIL: f901587291_docx_lots_of_comments_addition_redline_addition__vs__c9822f1008_docx_lots_of_comments_addition_redline_redline_82e22bbec6_jubarte-093.docx — Microsoft Word got an error: every document doesn’t understand the “close” message.
2026-09-30 06:53:55.366 | ERROR    | word_pdf:_convert_batched:1730 - [batch] FAIL: f94aeed5f5_001f4e98e9744f89b6f26b3741cb6439f8131bf89659230e__vs__1424386e9b_017447de83753a0e3b7afc659df038ef56972925336c6a5b_redline_ece42865e7_jubarte-093.docx — Microsoft Word got an error: every document doesn’t understand the “close” message.
2026-09-30 06:53:55.367 | ERROR    | word_pdf:_convert_batched:1730 - [batch] FAIL: f94aeed5f5_001f4e98e9744f89b6f26b3741cb6439f8131bf89659230e__vs__2773adf157_0004c94ca2a8684d47449bb0e7abf87de1df71a7e6543252_redline_c1a7769ddd_jubarte-093.docx — Microsoft Word got an error: every document doesn’t understand the “close” message.
2026-09-30 06:53:55.368 | ERROR    | word_pdf:_convert_batched:1730 - [batch] FAIL: f94aeed5f5_001f4e98e9744f89b6f26b3741cb6439f8131bf89659230e__vs__2e04202552_000e3e7bd2d6215fc7b469cc3e296c1b2a510bc1abc7e0fd_redline_c213810aca_jubarte-093.docx — Microsoft Word got an error: every document doesn’t understand the “close” message.
2026-09-30 06:53:55.369 | ERROR    | word_pdf:_convert_batched:1730 - [batch] FAIL: f94aeed5f5_001f4e98e9744f89b6f26b3741cb6439f8131bf89659230e__vs__333bfe069a_003416d620331122b93b434dad901db5836f60d2cad4b533_redline_3a7f98f21b_jubarte-093.docx — Microsoft Word got an error: every document doesn’t understand the “close” message.
2026-09-30 06:53:55.370 | ERROR    | word_pdf:_convert_batched:1730 - [batch] FAIL: f94aeed5f5_001f4e98e9744f89b6f26b3741cb6439f8131bf89659230e__vs__342f364d46_001342333d45627868f4dc5282abbba4598a91b4a7584b08_redline_564d441d36_jubarte-093.docx — Microsoft Word got an error: every document doesn’t understand the “close” message.
2026-09-30 06:53:55.371 | ERROR    | word_pdf:_convert_batched:1730 - [batch] FAIL: f94aeed5f5_001f4e98e9744f89b6f26b3741cb6439f8131bf89659230e__vs__5203829c7a_001cc92b88566d5f930fe57f25813c0bf52a7bdc72c217d0_redline_bd86c75e52_jubarte-093.docx — Microsoft Word got an error: every document doesn’t understand the “close” message.
2026-09-30 06:53:55.371 | ERROR    | word_pdf:_convert_batched:1730 - [batch] FAIL: f94aeed5f5_001f4e98e9744f89b6f26b3741cb6439f8131bf89659230e__vs__a5f2b9318d_002aa60c2ae1187417b4b157c5ec6450324cc056ec551a12_redline_751b38201f_jubarte-093.docx — Microsoft Word got an error: every document doesn’t understand the “close” message.
2026-09-30 06:53:55.372 | ERROR    | word_pdf:_convert_batched:1730 - [batch] FAIL: f94aeed5f5_001f4e98e9744f89b6f26b3741cb6439f8131bf89659230e__vs__aa5340125d_00a4b0b91e9b5b072dc3771391c2d608518690eccf44eae8_redline_24d37f7b5e_jubarte-093.docx — Microsoft Word got an error: every document doesn’t understand the “close” message.
2026-09-30 06:53:55.373 | ERROR    | word_pdf:_convert_batched:1730 - [batch] FAIL: f94aeed5f5_001f4e98e9744f89b6f26b3741cb6439f8131bf89659230e__vs__bd3824dd1e_000ee64ef7226d353297888f59a251e24ce5d776fea000fa_redline_c85d7fadac_jubarte-093.docx — Microsoft Word got an error: every document doesn’t understand the “close” message.
2026-09-30 06:53:55.374 | ERROR    | word_pdf:_convert_batched:1730 - [batch] FAIL: f94aeed5f5_001f4e98e9744f89b6f26b3741cb6439f8131bf89659230e__vs__deff0e697a_00b5defcad6e58038eac35472a2d48c89905068e5ece0cc3_redline_bb7bb84780_jubarte-093.docx — Microsoft Word got an error: every document doesn’t understand the “close” message.
2026-09-30 06:53:55.375 | ERROR    | word_pdf:_convert_batched:1730 - [batch] FAIL: f950268631_file_70__vs__13ccf06a72_file_71_redline_06abf273b8_jubarte-093.docx — Microsoft Word got an error: every document doesn’t understand the “close” message.
2026-09-30 06:53:55.375 | ERROR    | word_pdf:_convert_batched:1730 - [batch] FAIL: f96d955d1f_adc89f6f8c063857a4749aef826b32335f84f594f313784d__vs__2187372db5_7afce1a5de46c972eb12aa38086fda8ca550f4c811ef5d7f_redline_580f8e2e8a_jubarte-093.docx — Microsoft Word got an error: every document doesn’t understand the “close” message.
2026-09-30 06:53:55.376 | ERROR    | word_pdf:_convert_batched:1730 - [batch] FAIL: f999eb0cd4_b8eb69d5da1651ac1d6f5b7266fd567672cda7a9e9eab37b__vs__d2ba5bddc4_b9f2793b14613aaf0fdf7f451fe3da702bcfd98b34105b2b_redline_b0c99c33c7_jubarte-093.docx — Microsoft Word got an error: every document doesn’t understand the “close” message.
2026-09-30 06:53:55.377 | ERROR    | word_pdf:_convert_batched:1730 - [batch] FAIL: f9b9dbd790_0017bce9abd08007241b106f0fcf1d64e45c05cd82a05a1d__vs__1424386e9b_017447de83753a0e3b7afc659df038ef56972925336c6a5b_redline_2ea0a59b6a_jubarte-093.docx — Microsoft Word got an error: every document doesn’t understand the “close” message.
2026-09-30 06:53:55.378 | ERROR    | word_pdf:_convert_batched:1730 - [batch] FAIL: f9b9dbd790_0017bce9abd08007241b106f0fcf1d64e45c05cd82a05a1d__vs__2773adf157_0004c94ca2a8684d47449bb0e7abf87de1df71a7e6543252_redline_6bcf56a447_jubarte-093.docx — Microsoft Word got an error: every document doesn’t understand the “close” message.
2026-09-30 06:53:55.379 | ERROR    | word_pdf:_convert_batched:1730 - [batch] FAIL: f9b9dbd790_0017bce9abd08007241b106f0fcf1d64e45c05cd82a05a1d__vs__2e04202552_000e3e7bd2d6215fc7b469cc3e296c1b2a510bc1abc7e0fd_redline_b716c93528_jubarte-093.docx — Microsoft Word got an error: every document doesn’t understand the “close” message.
2026-09-30 06:53:55.380 | ERROR    | word_pdf:_convert_batched:1730 - [batch] FAIL: f9b9dbd790_0017bce9abd08007241b106f0fcf1d64e45c05cd82a05a1d__vs__333bfe069a_003416d620331122b93b434dad901db5836f60d2cad4b533_redline_a8c44068c2_jubarte-093.docx — Microsoft Word got an error: every document doesn’t understand the “close” message.
2026-09-30 06:53:55.380 | ERROR    | word_pdf:_convert_batched:1730 - [batch] FAIL: f9b9dbd790_0017bce9abd08007241b106f0fcf1d64e45c05cd82a05a1d__vs__342f364d46_001342333d45627868f4dc5282abbba4598a91b4a7584b08_redline_3a6aea7fd6_jubarte-093.docx — Microsoft Word got an error: every document doesn’t understand the “close” message.
2026-09-30 06:53:55.381 | ERROR    | word_pdf:_convert_batched:1730 - [batch] FAIL: f9b9dbd790_0017bce9abd08007241b106f0fcf1d64e45c05cd82a05a1d__vs__5203829c7a_001cc92b88566d5f930fe57f25813c0bf52a7bdc72c217d0_redline_415fa42f00_jubarte-093.docx — Microsoft Word got an error: every document doesn’t understand the “close” message.
2026-09-30 06:53:55.382 | ERROR    | word_pdf:_convert_batched:1730 - [batch] FAIL: f9b9dbd790_0017bce9abd08007241b106f0fcf1d64e45c05cd82a05a1d__vs__a5f2b9318d_002aa60c2ae1187417b4b157c5ec6450324cc056ec551a12_redline_51e52dbbaf_jubarte-093.docx — Microsoft Word got an error: every document doesn’t understand the “close” message.
2026-09-30 06:53:55.383 | ERROR    | word_pdf:_convert_batched:1730 - [batch] FAIL: f9b9dbd790_0017bce9abd08007241b106f0fcf1d64e45c05cd82a05a1d__vs__aa5340125d_00a4b0b91e9b5b072dc3771391c2d608518690eccf44eae8_redline_207461739c_jubarte-093.docx — Microsoft Word got an error: every document doesn’t understand the “close” message.
2026-09-30 06:53:55.384 | ERROR    | word_pdf:_convert_batched:1730 - [batch] FAIL: f9b9dbd790_0017bce9abd08007241b106f0fcf1d64e45c05cd82a05a1d__vs__bd3824dd1e_000ee64ef7226d353297888f59a251e24ce5d776fea000fa_redline_3eee1bceaf_jubarte-093.docx — Microsoft Word got an error: every document doesn’t understand the “close” message.
2026-09-30 06:53:55.384 | ERROR    | word_pdf:_convert_batched:1730 - [batch] FAIL: f9b9dbd790_0017bce9abd08007241b106f0fcf1d64e45c05cd82a05a1d__vs__deff0e697a_00b5defcad6e58038eac35472a2d48c89905068e5ece0cc3_redline_5e151b767c_jubarte-093.docx — Microsoft Word got an error: every document doesn’t understand the “close” message.
2026-09-30 06:53:55.385 | ERROR    | word_pdf:_convert_batched:1730 - [batch] FAIL: f9ca1d3348_277e57f3da9c9b557af1abffa61255c6e8036e032a64a874__vs__65695b941a_71df1fd99914a3abfca2de1775ccb4b2400f12430110f55d_redline_feacbc347e_jubarte-093.docx — Microsoft Word got an error: every document doesn’t understand the “close” message.
2026-09-30 06:53:55.386 | ERROR    | word_pdf:_convert_batched:1730 - [batch] FAIL: fa33fd104c_file_136__vs__e3e56d833b_file_137_redline_ed9f4b0a5b_jubarte-093.docx — Microsoft Word got an error: every document doesn’t understand the “close” message.
2026-09-30 06:53:55.386 | ERROR    | word_pdf:_convert_batched:1730 - [batch] FAIL: fa4d5010d8_layout_engine__basic_vector_shapes_e5f0ef49__vs__ad43500302_super_editor__list_numbering_reimport_d788d573_redline_9d682fe39d_jubarte-093.docx — Microsoft Word got an error: every document doesn’t understand the “close” message.
2026-09-30 06:53:55.387 | ERROR    | word_pdf:_convert_batched:1730 - [batch] FAIL: fa5b142e31_quarterly_performance_report_table__vs__c6f9b1571d_red_bold_heading_demo_style_default_missing_redline_7ef4149a19_jubarte-093.docx — Microsoft Word got an error: every document doesn’t understand the “close” message.
2026-09-30 06:53:55.388 | ERROR    | word_pdf:_convert_batched:1730 - [batch] FAIL: fa5b1dd76a_file_66__vs__57f861e6c4_file_67_redline_0c3d53058e_jubarte-093.docx — Microsoft Word got an error: every document doesn’t understand the “close” message.
2026-09-30 06:53:55.389 | ERROR    | word_pdf:_convert_batched:1730 - [batch] FAIL: fa6006c2ee_file_62__vs__5a508830cf_file_63_redline_0161808db0_jubarte-093.docx — Microsoft Word got an error: every document doesn’t understand the “close” message.
2026-09-30 06:53:55.389 | ERROR    | word_pdf:_convert_batched:1730 - [batch] FAIL: fa962f4b9d_file_79__vs__9d2146095f_file_80_redline_6169b89c33_jubarte-093.docx — Microsoft Word got an error: every document doesn’t understand the “close” message.
2026-09-30 06:53:55.390 | ERROR    | word_pdf:_convert_batched:1730 - [batch] FAIL: faa7c6b110_file_88__vs__57ff9e1b30_file_89_redline_4319e3d7c7_jubarte-093.docx — Microsoft Word got an error: every document doesn’t understand the “close” message.
2026-09-30 06:53:55.391 | ERROR    | word_pdf:_convert_batched:1730 - [batch] FAIL: fad179ac0c_file_85__vs__16c15842ae_file_86_redline_049b6411ab_jubarte-093.docx — Microsoft Word got an error: every document doesn’t understand the “close” message.
2026-09-30 06:53:55.391 | ERROR    | word_pdf:_convert_batched:1730 - [batch] FAIL: fad186fbc9_file_185__vs__5674014cbb_file_186_redline_c09f50d3f1_jubarte-093.docx — Microsoft Word got an error: every document doesn’t understand the “close” message.
2026-09-30 06:53:55.392 | ERROR    | word_pdf:_convert_batched:1730 - [batch] FAIL: fb1c56c1e0_fdf7dbac083ccb4be9870dac580f685d72e9cb78a9e1e824__vs__a9cfeef3a5_e9dbfb36238214117a1148b5b1ebb6ce93a718fcfc7357d4_redline_6ed1a241a2_jubarte-093.docx — Microsoft Word got an error: every document doesn’t understand the “close” message.
2026-09-30 06:53:55.393 | ERROR    | word_pdf:_convert_batched:1730 - [batch] FAIL: fb7e0f5c32_a908db22eafe0ddc365cd09429341464706ffb6d315fe03a__vs__8adb5d2b90_a5de68536253cfefa979b7c78ccbfd2f4d1316632aedf7c9_redline_496b13e942_jubarte-093.docx — Microsoft Word got an error: every document doesn’t understand the “close” message.
2026-09-30 06:53:55.394 | ERROR    | word_pdf:_convert_batched:1730 - [batch] FAIL: fb7e959776_blue_centered_title_demo_style_default_missing__vs__080a32894f_blue_italic_text_demo_id_paraid_overflow_redline_7f5ab5eb89_jubarte-093.docx — Microsoft Word got an error: every document doesn’t understand the “close” message.
2026-09-30 06:53:55.394 | ERROR    | word_pdf:_convert_batched:1730 - [batch] FAIL: fb85d194cb_23203fe6d92dfd722597a5820480664b6fa93fdf63d04cbe__vs__5d88ca2fc6_613418ce0a9bb74e12692fcaaa305ebd1196a5e3a8f56a13_redline_d610d90c10_jubarte-093.docx — Microsoft Word got an error: every document doesn’t understand the “close” message.
2026-09-30 06:53:55.396 | ERROR    | word_pdf:_convert_batched:1730 - [batch] FAIL: fbe14959b0_000f5278175aa01c2b9517b07e8a087014e4a05ab3e24f41__vs__1424386e9b_017447de83753a0e3b7afc659df038ef56972925336c6a5b_redline_2bd37cf59a_jubarte-093.docx — Microsoft Word got an error: every document doesn’t understand the “close” message.
2026-09-30 06:53:55.399 | ERROR    | word_pdf:_convert_batched:1730 - [batch] FAIL: fbe14959b0_000f5278175aa01c2b9517b07e8a087014e4a05ab3e24f41__vs__2773adf157_0004c94ca2a8684d47449bb0e7abf87de1df71a7e6543252_redline_1f36e9a00b_jubarte-093.docx — Microsoft Word got an error: every document doesn’t understand the “close” message.
2026-09-30 06:53:55.400 | ERROR    | word_pdf:_convert_batched:1730 - [batch] FAIL: fbe14959b0_000f5278175aa01c2b9517b07e8a087014e4a05ab3e24f41__vs__2e04202552_000e3e7bd2d6215fc7b469cc3e296c1b2a510bc1abc7e0fd_redline_638842c111_jubarte-093.docx — Microsoft Word got an error: every document doesn’t understand the “close” message.
2026-09-30 06:53:55.401 | ERROR    | word_pdf:_convert_batched:1730 - [batch] FAIL: fbe14959b0_000f5278175aa01c2b9517b07e8a087014e4a05ab3e24f41__vs__333bfe069a_003416d620331122b93b434dad901db5836f60d2cad4b533_redline_85aa26adba_jubarte-093.docx — Microsoft Word got an error: every document doesn’t understand the “close” message.
2026-09-30 06:53:55.402 | ERROR    | word_pdf:_convert_batched:1730 - [batch] FAIL: fbe14959b0_000f5278175aa01c2b9517b07e8a087014e4a05ab3e24f41__vs__342f364d46_001342333d45627868f4dc5282abbba4598a91b4a7584b08_redline_d452d8446d_jubarte-093.docx — Microsoft Word got an error: every document doesn’t understand the “close” message.
2026-09-30 06:53:55.404 | ERROR    | word_pdf:_convert_batched:1730 - [batch] FAIL: fbe14959b0_000f5278175aa01c2b9517b07e8a087014e4a05ab3e24f41__vs__5203829c7a_001cc92b88566d5f930fe57f25813c0bf52a7bdc72c217d0_redline_1b40a04f6e_jubarte-093.docx — Microsoft Word got an error: every document doesn’t understand the “close” message.
2026-09-30 06:53:55.405 | ERROR    | word_pdf:_convert_batched:1730 - [batch] FAIL: fbe14959b0_000f5278175aa01c2b9517b07e8a087014e4a05ab3e24f41__vs__a5f2b9318d_002aa60c2ae1187417b4b157c5ec6450324cc056ec551a12_redline_6fb9bbdb49_jubarte-093.docx — Microsoft Word got an error: every document doesn’t understand the “close” message.
2026-09-30 06:53:55.406 | ERROR    | word_pdf:_convert_batched:1730 - [batch] FAIL: fbe14959b0_000f5278175aa01c2b9517b07e8a087014e4a05ab3e24f41__vs__aa5340125d_00a4b0b91e9b5b072dc3771391c2d608518690eccf44eae8_redline_d6580e6209_jubarte-093.docx — Microsoft Word got an error: every document doesn’t understand the “close” message.
2026-09-30 06:53:55.408 | ERROR    | word_pdf:_convert_batched:1730 - [batch] FAIL: fbe14959b0_000f5278175aa01c2b9517b07e8a087014e4a05ab3e24f41__vs__bd3824dd1e_000ee64ef7226d353297888f59a251e24ce5d776fea000fa_redline_094759eca1_jubarte-093.docx — Microsoft Word got an error: every document doesn’t understand the “close” message.
2026-09-30 06:53:55.409 | ERROR    | word_pdf:_convert_batched:1730 - [batch] FAIL: fbe14959b0_000f5278175aa01c2b9517b07e8a087014e4a05ab3e24f41__vs__deff0e697a_00b5defcad6e58038eac35472a2d48c89905068e5ece0cc3_redline_dde913904e_jubarte-093.docx — Microsoft Word got an error: every document doesn’t understand the “close” message.
2026-09-30 06:53:55.409 | ERROR    | word_pdf:_convert_batched:1730 - [batch] FAIL: fc29454fff_89f617729d6e13b02ee455a6293f3bb99a733691efb9311a__vs__e3d461d691_e8b938f25b7a363d4ef544485a3e17717ee5369f4a8b637a_redline_8644055513_jubarte-093.docx — Microsoft Word got an error: every document doesn’t understand the “close” message.
2026-09-30 06:53:55.410 | ERROR    | word_pdf:_convert_batched:1730 - [batch] FAIL: fc5d9fecb7_00028d824d5d2262bc6e30692308cd1b577ac1dff228970d__vs__1424386e9b_017447de83753a0e3b7afc659df038ef56972925336c6a5b_redline_854b04698b_jubarte-093.docx — Microsoft Word got an error: every document doesn’t understand the “close” message.
