2026-09-30 04:03:52.109 | INFO     | word_pdf:preflight:1812 -  preflight: 
open_documents=0 started_clean=True launched_by_us=False close_documents=True
2026-09-30 04:03:52.137 | INFO     | word_pdf:convert_folder:1486 -  export: 
one_osascript=True documents=192 accept_all=False reject_all=False
2026-09-30 04:04:03.690 | INFO     | word_pdf:_convert_batched:1685 -  one 
osascript for 192 document(s)
2026-09-30 04:04:08.752 | INFO     | __main__:_loop:231 -  0/192
2026-09-30 04:04:13.801 | INFO     | __main__:_loop:231 -  4/192
2026-09-30 04:04:19.027 | INFO     | __main__:_loop:231 -  10/192
2026-09-30 04:04:24.209 | INFO     | __main__:_loop:231 -  15/192
2026-09-30 04:04:29.314 | INFO     | __main__:_loop:231 -  21/192
2026-09-30 04:04:34.348 | INFO     | __main__:_loop:231 -  27/192
2026-09-30 04:04:39.429 | INFO     | __main__:_loop:231 -  32/192
2026-09-30 04:04:44.502 | INFO     | __main__:_loop:231 -  38/192
2026-09-30 04:04:49.560 | INFO     | __main__:_loop:231 -  43/192
2026-09-30 04:04:54.630 | INFO     | __main__:_loop:231 -  48/192
2026-09-30 04:04:59.666 | INFO     | __main__:_loop:231 -  53/192
2026-09-30 04:05:04.727 | INFO     | __main__:_loop:231 -  59/192
2026-09-30 04:05:09.811 | INFO     | __main__:_loop:231 -  64/192
2026-09-30 04:05:14.894 | INFO     | __main__:_loop:231 -  70/192
2026-09-30 04:05:19.962 | INFO     | __main__:_loop:231 -  76/192
2026-09-30 04:05:24.993 | INFO     | __main__:_loop:231 -  82/192
2026-09-30 04:05:30.026 | INFO     | __main__:_loop:231 -  90/192
2026-09-30 04:05:35.057 | INFO     | __main__:_loop:231 -  97/192
2026-09-30 04:05:40.135 | INFO     | __main__:_loop:231 -  102/192
2026-09-30 04:05:45.207 | INFO     | __main__:_loop:231 -  107/192
2026-09-30 04:05:50.313 | INFO     | __main__:_loop:231 -  112/192
2026-09-30 04:05:55.422 | INFO     | __main__:_loop:231 -  117/192
2026-09-30 04:06:00.462 | INFO     | __main__:_loop:231 -  122/192
2026-09-30 04:06:05.533 | INFO     | __main__:_loop:231 -  126/192
2026-09-30 04:06:10.636 | INFO     | __main__:_loop:231 -  131/192
2026-09-30 04:06:15.865 | INFO     | __main__:_loop:231 -  136/192
2026-09-30 04:06:20.941 | INFO     | __main__:_loop:231 -  141/192
2026-09-30 04:06:26.073 | INFO     | __main__:_loop:231 -  146/192
2026-09-30 04:06:31.254 | INFO     | __main__:_loop:231 -  151/192
2026-09-30 04:06:36.296 | INFO     | __main__:_loop:231 -  156/192
2026-09-30 04:06:41.363 | INFO     | __main__:_loop:231 -  161/192
2026-09-30 04:06:46.501 | INFO     | __main__:_loop:231 -  166/192
2026-09-30 04:06:51.607 | INFO     | __main__:_loop:231 -  171/192
2026-09-30 04:06:56.704 | INFO     | __main__:_loop:231 -  176/192
2026-09-30 04:07:01.847 | INFO     | __main__:_loop:231 -  180/192
2026-09-30 04:07:06.965 | INFO     | __main__:_loop:231 -  185/192
2026-09-30 04:07:12.009 | INFO     | __main__:_loop:231 -  189/192
                DOCX → PDF:                 
  results/redlines_0929_full/superdoc/docx  
┏━━━━━━━━━━━━━━━━━━━━━━━━━━━━━━━━━━┳━━━━━━━┓
┃ outcome                          ┃ count ┃
┡━━━━━━━━━━━━━━━━━━━━━━━━━━━━━━━━━━╇━━━━━━━┩
│ converted                        │   192 │
│ skipped (exists)                 │     0 │
│ failed                           │     0 │
│ seconds per document (batch avg) │   1.0 │
└──────────────────────────────────┴───────┘
