redline_speed_bench: collecting up to 1000 fixtures
  dirs:
    /Users/arthrod/temp/T/neurotic_docx_bench/corpus/word_based/docx_source
    /Users/arthrod/temp/T/neurotic_docx_bench/corpus/word_based/docx_source_randomized
    /Users/arthrod/temp/T/neurotic_docx_bench/corpus/word_based/docx_accepted_word
    /Users/arthrod/temp/T/neurotic_docx_bench/corpus/no_comments_pdf_was_generated_by_word/docx_source
    /Users/arthrod/temp/T/neurotic_docx_bench/corpus/no_comments_pdf_was_generated_by_word/docx_accepted_word
    /Users/arthrod/temp/T/neurotic_docx_bench/corpus/word_based/docx_redlines_word
    /Users/arthrod/temp/T/neurotic_docx_bench/corpus/no_comments_pdf_was_generated_by_word/docx_redlines_word
  unique fixtures: 1000 (target 1000)
  loaded 32.4 MiB in 135.651ms
  pairs=5000 (min=5000, seed=42, rounds≈5)
  methods=jubarte-native warmup=50 reps=1 profile=false
  jubarte-dist=/Users/arthrod/temp/T/neurotic_docx_bench/dist/jubarte-final
  rust-dist=/Users/arthrod/temp/T/neurotic_docx_bench/src/neurotic_docx_bench/utils/jubarte/jubarte-rust
  csharp-dist=/Users/arthrod/temp/T/neurotic_docx_bench/src/neurotic_docx_bench/utils/docxodus/docxodus-csharp
  csharp-inproc-dist=/Users/arthrod/temp/T/neurotic_docx_bench/src/neurotic_docx_bench/utils/docxodus/docxodus-csharp-inproc/bin/Release/net8.0
  rust-inproc-dist=/Users/arthrod/temp/T/neurotic_docx_bench/src/neurotic_docx_bench/utils/jubarte/jubarte-rust
  wasm-dist=/Users/arthrod/temp/T/neurotic_docx_bench/src/neurotic_docx_bench/utils/jubarte/jubarte-wasm
  out=/Users/arthrod/temp/T/neurotic_docx_bench/results/redline_speed_bench/jubarte-native-via-ast-90

▶ jubarte-native (engine=jubarte-native, dist=/Users/arthrod/temp/T/neurotic_docx_bench/dist/jubarte-final, native=false)
  init 547.407ms
jubarte: acceptRevisionsXml: the string-level OOXML revision engine resolves paired run-level <w:ins>/<w:del> only; these constructs were preserved UNRESOLVED: customXml revision ranges. For full Word-faithful resolution use the AST engine (acceptAstRevisions / rejectAstRevisions, or acceptAllRevisions over the parsed AST).
jubarte: acceptRevisionsXml: the string-level OOXML revision engine resolves paired run-level <w:ins>/<w:del> only; these constructs were preserved UNRESOLVED: customXml revision ranges. For full Word-faithful resolution use the AST engine (acceptAstRevisions / rejectAstRevisions, or acceptAllRevisions over the parsed AST).
jubarte: acceptRevisionsXml: the string-level OOXML revision engine resolves paired run-level <w:ins>/<w:del> only; these constructs were preserved UNRESOLVED: customXml revision ranges. For full Word-faithful resolution use the AST engine (acceptAstRevisions / rejectAstRevisions, or acceptAllRevisions over the parsed AST).
jubarte: acceptRevisionsXml: the string-level OOXML revision engine resolves paired run-level <w:ins>/<w:del> only; these constructs were preserved UNRESOLVED: customXml revision ranges. For full Word-faithful resolution use the AST engine (acceptAstRevisions / rejectAstRevisions, or acceptAllRevisions over the parsed AST).
jubarte: acceptRevisionsXml: the string-level OOXML revision engine resolves paired run-level <w:ins>/<w:del> only; these constructs were preserved UNRESOLVED: customXml revision ranges. For full Word-faithful resolution use the AST engine (acceptAstRevisions / rejectAstRevisions, or acceptAllRevisions over the parsed AST).
jubarte: acceptRevisionsXml: the string-level OOXML revision engine resolves paired run-level <w:ins>/<w:del> only; these constructs were preserved UNRESOLVED: customXml revision ranges. For full Word-faithful resolution use the AST engine (acceptAstRevisions / rejectAstRevisions, or acceptAllRevisions over the parsed AST).
jubarte: acceptRevisionsXml: the string-level OOXML revision engine resolves paired run-level <w:ins>/<w:del> only; these constructs were preserved UNRESOLVED: customXml revision ranges. For full Word-faithful resolution use the AST engine (acceptAstRevisions / rejectAstRevisions, or acceptAllRevisions over the parsed AST).
jubarte: acceptRevisionsXml: the string-level OOXML revision engine resolves paired run-level <w:ins>/<w:del> only; these constructs were preserved UNRESOLVED: customXml revision ranges. For full Word-faithful resolution use the AST engine (acceptAstRevisions / rejectAstRevisions, or acceptAllRevisions over the parsed AST).
jubarte: acceptRevisionsXml: the string-level OOXML revision engine resolves paired run-level <w:ins>/<w:del> only; these constructs were preserved UNRESOLVED: customXml revision ranges. For full Word-faithful resolution use the AST engine (acceptAstRevisions / rejectAstRevisions, or acceptAllRevisions over the parsed AST).
jubarte: acceptRevisionsXml: the string-level OOXML revision engine resolves paired run-level <w:ins>/<w:del> only; these constructs were preserved UNRESOLVED: customXml revision ranges. For full Word-faithful resolution use the AST engine (acceptAstRevisions / rejectAstRevisions, or acceptAllRevisions over the parsed AST).
jubarte: acceptRevisionsXml: the string-level OOXML revision engine resolves paired run-level <w:ins>/<w:del> only; these constructs were preserved UNRESOLVED: customXml revision ranges. For full Word-faithful resolution use the AST engine (acceptAstRevisions / rejectAstRevisions, or acceptAllRevisions over the parsed AST).
jubarte: acceptRevisionsXml: the string-level OOXML revision engine resolves paired run-level <w:ins>/<w:del> only; these constructs were preserved UNRESOLVED: customXml revision ranges. For full Word-faithful resolution use the AST engine (acceptAstRevisions / rejectAstRevisions, or acceptAllRevisions over the parsed AST).
jubarte: acceptRevisionsXml: the string-level OOXML revision engine resolves paired run-level <w:ins>/<w:del> only; these constructs were preserved UNRESOLVED: customXml revision ranges. For full Word-faithful resolution use the AST engine (acceptAstRevisions / rejectAstRevisions, or acceptAllRevisions over the parsed AST).
jubarte: acceptRevisionsXml: the string-level OOXML revision engine resolves paired run-level <w:ins>/<w:del> only; these constructs were preserved UNRESOLVED: customXml revision ranges. For full Word-faithful resolution use the AST engine (acceptAstRevisions / rejectAstRevisions, or acceptAllRevisions over the parsed AST).
jubarte: acceptRevisionsXml: the string-level OOXML revision engine resolves paired run-level <w:ins>/<w:del> only; these constructs were preserved UNRESOLVED: customXml revision ranges. For full Word-faithful resolution use the AST engine (acceptAstRevisions / rejectAstRevisions, or acceptAllRevisions over the parsed AST).
jubarte: acceptRevisionsXml: the string-level OOXML revision engine resolves paired run-level <w:ins>/<w:del> only; these constructs were preserved UNRESOLVED: customXml revision ranges. For full Word-faithful resolution use the AST engine (acceptAstRevisions / rejectAstRevisions, or acceptAllRevisions over the parsed AST).
jubarte: acceptRevisions(word/document.xml): the string-level OOXML revision engine resolves paired run-level <w:ins>/<w:del> only; these constructs were preserved UNRESOLVED: w:rPrChange/w:pPrChange (format-change snapshots). For full Word-faithful resolution use the AST engine (acceptAstRevisions / rejectAstRevisions, or acceptAllRevisions over the parsed AST).
jubarte: acceptRevisions(word/document.xml): the string-level OOXML revision engine resolves paired run-level <w:ins>/<w:del> only; these constructs were preserved UNRESOLVED: w:rPrChange/w:pPrChange (format-change snapshots). For full Word-faithful resolution use the AST engine (acceptAstRevisions / rejectAstRevisions, or acceptAllRevisions over the parsed AST).
jubarte: acceptRevisionsXml: the string-level OOXML revision engine resolves paired run-level <w:ins>/<w:del> only; these constructs were preserved UNRESOLVED: customXml revision ranges. For full Word-faithful resolution use the AST engine (acceptAstRevisions / rejectAstRevisions, or acceptAllRevisions over the parsed AST).
jubarte: acceptRevisionsXml: the string-level OOXML revision engine resolves paired run-level <w:ins>/<w:del> only; these constructs were preserved UNRESOLVED: customXml revision ranges. For full Word-faithful resolution use the AST engine (acceptAstRevisions / rejectAstRevisions, or acceptAllRevisions over the parsed AST).
jubarte: acceptRevisionsXml: the string-level OOXML revision engine resolves paired run-level <w:ins>/<w:del> only; these constructs were preserved UNRESOLVED: customXml revision ranges. For full Word-faithful resolution use the AST engine (acceptAstRevisions / rejectAstRevisions, or acceptAllRevisions over the parsed AST).
jubarte: acceptRevisionsXml: the string-level OOXML revision engine resolves paired run-level <w:ins>/<w:del> only; these constructs were preserved UNRESOLVED: customXml revision ranges. For full Word-faithful resolution use the AST engine (acceptAstRevisions / rejectAstRevisions, or acceptAllRevisions over the parsed AST).
jubarte: acceptRevisionsXml: the string-level OOXML revision engine resolves paired run-level <w:ins>/<w:del> only; these constructs were preserved UNRESOLVED: customXml revision ranges. For full Word-faithful resolution use the AST engine (acceptAstRevisions / rejectAstRevisions, or acceptAllRevisions over the parsed AST).
jubarte: acceptRevisionsXml: the string-level OOXML revision engine resolves paired run-level <w:ins>/<w:del> only; these constructs were preserved UNRESOLVED: customXml revision ranges. For full Word-faithful resolution use the AST engine (acceptAstRevisions / rejectAstRevisions, or acceptAllRevisions over the parsed AST).
jubarte: acceptRevisionsXml: the string-level OOXML revision engine resolves paired run-level <w:ins>/<w:del> only; these constructs were preserved UNRESOLVED: customXml revision ranges. For full Word-faithful resolution use the AST engine (acceptAstRevisions / rejectAstRevisions, or acceptAllRevisions over the parsed AST).
jubarte: acceptRevisionsXml: the string-level OOXML revision engine resolves paired run-level <w:ins>/<w:del> only; these constructs were preserved UNRESOLVED: customXml revision ranges. For full Word-faithful resolution use the AST engine (acceptAstRevisions / rejectAstRevisions, or acceptAllRevisions over the parsed AST).
jubarte: acceptRevisionsXml: the string-level OOXML revision engine resolves paired run-level <w:ins>/<w:del> only; these constructs were preserved UNRESOLVED: customXml revision ranges. For full Word-faithful resolution use the AST engine (acceptAstRevisions / rejectAstRevisions, or acceptAllRevisions over the parsed AST).
jubarte: acceptRevisionsXml: the string-level OOXML revision engine resolves paired run-level <w:ins>/<w:del> only; these constructs were preserved UNRESOLVED: customXml revision ranges. For full Word-faithful resolution use the AST engine (acceptAstRevisions / rejectAstRevisions, or acceptAllRevisions over the parsed AST).
jubarte: acceptRevisionsXml: the string-level OOXML revision engine resolves paired run-level <w:ins>/<w:del> only; these constructs were preserved UNRESOLVED: customXml revision ranges. For full Word-faithful resolution use the AST engine (acceptAstRevisions / rejectAstRevisions, or acceptAllRevisions over the parsed AST).
jubarte: acceptRevisionsXml: the string-level OOXML revision engine resolves paired run-level <w:ins>/<w:del> only; these constructs were preserved UNRESOLVED: customXml revision ranges. For full Word-faithful resolution use the AST engine (acceptAstRevisions / rejectAstRevisions, or acceptAllRevisions over the parsed AST).
jubarte: acceptRevisionsXml: the string-level OOXML revision engine resolves paired run-level <w:ins>/<w:del> only; these constructs were preserved UNRESOLVED: customXml revision ranges. For full Word-faithful resolution use the AST engine (acceptAstRevisions / rejectAstRevisions, or acceptAllRevisions over the parsed AST).
jubarte: acceptRevisionsXml: the string-level OOXML revision engine resolves paired run-level <w:ins>/<w:del> only; these constructs were preserved UNRESOLVED: customXml revision ranges. For full Word-faithful resolution use the AST engine (acceptAstRevisions / rejectAstRevisions, or acceptAllRevisions over the parsed AST).
jubarte: acceptRevisionsXml: the string-level OOXML revision engine resolves paired run-level <w:ins>/<w:del> only; these constructs were preserved UNRESOLVED: customXml revision ranges. For full Word-faithful resolution use the AST engine (acceptAstRevisions / rejectAstRevisions, or acceptAllRevisions over the parsed AST).
jubarte: acceptRevisionsXml: the string-level OOXML revision engine resolves paired run-level <w:ins>/<w:del> only; these constructs were preserved UNRESOLVED: customXml revision ranges. For full Word-faithful resolution use the AST engine (acceptAstRevisions / rejectAstRevisions, or acceptAllRevisions over the parsed AST).
jubarte: acceptRevisionsXml: the string-level OOXML revision engine resolves paired run-level <w:ins>/<w:del> only; these constructs were preserved UNRESOLVED: customXml revision ranges. For full Word-faithful resolution use the AST engine (acceptAstRevisions / rejectAstRevisions, or acceptAllRevisions over the parsed AST).
jubarte: acceptRevisionsXml: the string-level OOXML revision engine resolves paired run-level <w:ins>/<w:del> only; these constructs were preserved UNRESOLVED: customXml revision ranges. For full Word-faithful resolution use the AST engine (acceptAstRevisions / rejectAstRevisions, or acceptAllRevisions over the parsed AST).
jubarte: acceptRevisionsXml: the string-level OOXML revision engine resolves paired run-level <w:ins>/<w:del> only; these constructs were preserved UNRESOLVED: customXml revision ranges. For full Word-faithful resolution use the AST engine (acceptAstRevisions / rejectAstRevisions, or acceptAllRevisions over the parsed AST).
jubarte: acceptRevisionsXml: the string-level OOXML revision engine resolves paired run-level <w:ins>/<w:del> only; these constructs were preserved UNRESOLVED: customXml revision ranges. For full Word-faithful resolution use the AST engine (acceptAstRevisions / rejectAstRevisions, or acceptAllRevisions over the parsed AST).
jubarte: acceptRevisionsXml: the string-level OOXML revision engine resolves paired run-level <w:ins>/<w:del> only; these constructs were preserved UNRESOLVED: customXml revision ranges. For full Word-faithful resolution use the AST engine (acceptAstRevisions / rejectAstRevisions, or acceptAllRevisions over the parsed AST).
jubarte: acceptRevisionsXml: the string-level OOXML revision engine resolves paired run-level <w:ins>/<w:del> only; these constructs were preserved UNRESOLVED: customXml revision ranges. For full Word-faithful resolution use the AST engine (acceptAstRevisions / rejectAstRevisions, or acceptAllRevisions over the parsed AST).
jubarte: acceptRevisionsXml: the string-level OOXML revision engine resolves paired run-level <w:ins>/<w:del> only; these constructs were preserved UNRESOLVED: customXml revision ranges. For full Word-faithful resolution use the AST engine (acceptAstRevisions / rejectAstRevisions, or acceptAllRevisions over the parsed AST).
jubarte: acceptRevisionsXml: the string-level OOXML revision engine resolves paired run-level <w:ins>/<w:del> only; these constructs were preserved UNRESOLVED: customXml revision ranges. For full Word-faithful resolution use the AST engine (acceptAstRevisions / rejectAstRevisions, or acceptAllRevisions over the parsed AST).
jubarte: acceptRevisionsXml: the string-level OOXML revision engine resolves paired run-level <w:ins>/<w:del> only; these constructs were preserved UNRESOLVED: customXml revision ranges. For full Word-faithful resolution use the AST engine (acceptAstRevisions / rejectAstRevisions, or acceptAllRevisions over the parsed AST).
jubarte: acceptRevisionsXml: the string-level OOXML revision engine resolves paired run-level <w:ins>/<w:del> only; these constructs were preserved UNRESOLVED: customXml revision ranges. For full Word-faithful resolution use the AST engine (acceptAstRevisions / rejectAstRevisions, or acceptAllRevisions over the parsed AST).
jubarte: acceptRevisionsXml: the string-level OOXML revision engine resolves paired run-level <w:ins>/<w:del> only; these constructs were preserved UNRESOLVED: customXml revision ranges. For full Word-faithful resolution use the AST engine (acceptAstRevisions / rejectAstRevisions, or acceptAllRevisions over the parsed AST).
jubarte: acceptRevisionsXml: the string-level OOXML revision engine resolves paired run-level <w:ins>/<w:del> only; these constructs were preserved UNRESOLVED: customXml revision ranges. For full Word-faithful resolution use the AST engine (acceptAstRevisions / rejectAstRevisions, or acceptAllRevisions over the parsed AST).
jubarte: acceptRevisions(word/document.xml): the string-level OOXML revision engine resolves paired run-level <w:ins>/<w:del> only; these constructs were preserved UNRESOLVED: w:rPrChange/w:pPrChange (format-change snapshots). For full Word-faithful resolution use the AST engine (acceptAstRevisions / rejectAstRevisions, or acceptAllRevisions over the parsed AST).
jubarte: acceptRevisionsXml: the string-level OOXML revision engine resolves paired run-level <w:ins>/<w:del> only; these constructs were preserved UNRESOLVED: customXml revision ranges. For full Word-faithful resolution use the AST engine (acceptAstRevisions / rejectAstRevisions, or acceptAllRevisions over the parsed AST).
jubarte: acceptRevisionsXml: the string-level OOXML revision engine resolves paired run-level <w:ins>/<w:del> only; these constructs were preserved UNRESOLVED: customXml revision ranges. For full Word-faithful resolution use the AST engine (acceptAstRevisions / rejectAstRevisions, or acceptAllRevisions over the parsed AST).
jubarte: acceptRevisionsXml: the string-level OOXML revision engine resolves paired run-level <w:ins>/<w:del> only; these constructs were preserved UNRESOLVED: customXml revision ranges. For full Word-faithful resolution use the AST engine (acceptAstRevisions / rejectAstRevisions, or acceptAllRevisions over the parsed AST).
jubarte: acceptRevisionsXml: the string-level OOXML revision engine resolves paired run-level <w:ins>/<w:del> only; these constructs were preserved UNRESOLVED: customXml revision ranges. For full Word-faithful resolution use the AST engine (acceptAstRevisions / rejectAstRevisions, or acceptAllRevisions over the parsed AST).
jubarte: acceptRevisionsXml: the string-level OOXML revision engine resolves paired run-level <w:ins>/<w:del> only; these constructs were preserved UNRESOLVED: customXml revision ranges. For full Word-faithful resolution use the AST engine (acceptAstRevisions / rejectAstRevisions, or acceptAllRevisions over the parsed AST).
jubarte: acceptRevisionsXml: the string-level OOXML revision engine resolves paired run-level <w:ins>/<w:del> only; these constructs were preserved UNRESOLVED: customXml revision ranges. For full Word-faithful resolution use the AST engine (acceptAstRevisions / rejectAstRevisions, or acceptAllRevisions over the parsed AST).
jubarte: acceptRevisionsXml: the string-level OOXML revision engine resolves paired run-level <w:ins>/<w:del> only; these constructs were preserved UNRESOLVED: customXml revision ranges. For full Word-faithful resolution use the AST engine (acceptAstRevisions / rejectAstRevisions, or acceptAllRevisions over the parsed AST).
jubarte: acceptRevisionsXml: the string-level OOXML revision engine resolves paired run-level <w:ins>/<w:del> only; these constructs were preserved UNRESOLVED: customXml revision ranges. For full Word-faithful resolution use the AST engine (acceptAstRevisions / rejectAstRevisions, or acceptAllRevisions over the parsed AST).
jubarte: acceptRevisionsXml: the string-level OOXML revision engine resolves paired run-level <w:ins>/<w:del> only; these constructs were preserved UNRESOLVED: customXml revision ranges. For full Word-faithful resolution use the AST engine (acceptAstRevisions / rejectAstRevisions, or acceptAllRevisions over the parsed AST).
jubarte: acceptRevisionsXml: the string-level OOXML revision engine resolves paired run-level <w:ins>/<w:del> only; these constructs were preserved UNRESOLVED: customXml revision ranges. For full Word-faithful resolution use the AST engine (acceptAstRevisions / rejectAstRevisions, or acceptAllRevisions over the parsed AST).
jubarte: acceptRevisionsXml: the string-level OOXML revision engine resolves paired run-level <w:ins>/<w:del> only; these constructs were preserved UNRESOLVED: customXml revision ranges. For full Word-faithful resolution use the AST engine (acceptAstRevisions / rejectAstRevisions, or acceptAllRevisions over the parsed AST).
jubarte: acceptRevisionsXml: the string-level OOXML revision engine resolves paired run-level <w:ins>/<w:del> only; these constructs were preserved UNRESOLVED: customXml revision ranges. For full Word-faithful resolution use the AST engine (acceptAstRevisions / rejectAstRevisions, or acceptAllRevisions over the parsed AST).
jubarte: acceptRevisionsXml: the string-level OOXML revision engine resolves paired run-level <w:ins>/<w:del> only; these constructs were preserved UNRESOLVED: customXml revision ranges. For full Word-faithful resolution use the AST engine (acceptAstRevisions / rejectAstRevisions, or acceptAllRevisions over the parsed AST).
jubarte: acceptRevisionsXml: the string-level OOXML revision engine resolves paired run-level <w:ins>/<w:del> only; these constructs were preserved UNRESOLVED: customXml revision ranges. For full Word-faithful resolution use the AST engine (acceptAstRevisions / rejectAstRevisions, or acceptAllRevisions over the parsed AST).
jubarte: acceptRevisionsXml: the string-level OOXML revision engine resolves paired run-level <w:ins>/<w:del> only; these constructs were preserved UNRESOLVED: customXml revision ranges. For full Word-faithful resolution use the AST engine (acceptAstRevisions / rejectAstRevisions, or acceptAllRevisions over the parsed AST).
jubarte: acceptRevisionsXml: the string-level OOXML revision engine resolves paired run-level <w:ins>/<w:del> only; these constructs were preserved UNRESOLVED: customXml revision ranges. For full Word-faithful resolution use the AST engine (acceptAstRevisions / rejectAstRevisions, or acceptAllRevisions over the parsed AST).
jubarte: acceptRevisionsXml: the string-level OOXML revision engine resolves paired run-level <w:ins>/<w:del> only; these constructs were preserved UNRESOLVED: customXml revision ranges. For full Word-faithful resolution use the AST engine (acceptAstRevisions / rejectAstRevisions, or acceptAllRevisions over the parsed AST).
jubarte: acceptRevisionsXml: the string-level OOXML revision engine resolves paired run-level <w:ins>/<w:del> only; these constructs were preserved UNRESOLVED: customXml revision ranges. For full Word-faithful resolution use the AST engine (acceptAstRevisions / rejectAstRevisions, or acceptAllRevisions over the parsed AST).
jubarte: acceptRevisionsXml: the string-level OOXML revision engine resolves paired run-level <w:ins>/<w:del> only; these constructs were preserved UNRESOLVED: customXml revision ranges. For full Word-faithful resolution use the AST engine (acceptAstRevisions / rejectAstRevisions, or acceptAllRevisions over the parsed AST).
jubarte: acceptRevisionsXml: the string-level OOXML revision engine resolves paired run-level <w:ins>/<w:del> only; these constructs were preserved UNRESOLVED: customXml revision ranges. For full Word-faithful resolution use the AST engine (acceptAstRevisions / rejectAstRevisions, or acceptAllRevisions over the parsed AST).
jubarte: acceptRevisionsXml: the string-level OOXML revision engine resolves paired run-level <w:ins>/<w:del> only; these constructs were preserved UNRESOLVED: customXml revision ranges. For full Word-faithful resolution use the AST engine (acceptAstRevisions / rejectAstRevisions, or acceptAllRevisions over the parsed AST).
jubarte: acceptRevisionsXml: the string-level OOXML revision engine resolves paired run-level <w:ins>/<w:del> only; these constructs were preserved UNRESOLVED: customXml revision ranges. For full Word-faithful resolution use the AST engine (acceptAstRevisions / rejectAstRevisions, or acceptAllRevisions over the parsed AST).
jubarte: acceptRevisionsXml: the string-level OOXML revision engine resolves paired run-level <w:ins>/<w:del> only; these constructs were preserved UNRESOLVED: customXml revision ranges. For full Word-faithful resolution use the AST engine (acceptAstRevisions / rejectAstRevisions, or acceptAllRevisions over the parsed AST).
jubarte: acceptRevisionsXml: the string-level OOXML revision engine resolves paired run-level <w:ins>/<w:del> only; these constructs were preserved UNRESOLVED: customXml revision ranges. For full Word-faithful resolution use the AST engine (acceptAstRevisions / rejectAstRevisions, or acceptAllRevisions over the parsed AST).
jubarte: acceptRevisions(word/document.xml): the string-level OOXML revision engine resolves paired run-level <w:ins>/<w:del> only; these constructs were preserved UNRESOLVED: w:rPrChange/w:pPrChange (format-change snapshots). For full Word-faithful resolution use the AST engine (acceptAstRevisions / rejectAstRevisions, or acceptAllRevisions over the parsed AST).
jubarte: acceptRevisionsXml: the string-level OOXML revision engine resolves paired run-level <w:ins>/<w:del> only; these constructs were preserved UNRESOLVED: customXml revision ranges. For full Word-faithful resolution use the AST engine (acceptAstRevisions / rejectAstRevisions, or acceptAllRevisions over the parsed AST).
jubarte: acceptRevisionsXml: the string-level OOXML revision engine resolves paired run-level <w:ins>/<w:del> only; these constructs were preserved UNRESOLVED: customXml revision ranges. For full Word-faithful resolution use the AST engine (acceptAstRevisions / rejectAstRevisions, or acceptAllRevisions over the parsed AST).
jubarte: acceptRevisionsXml: the string-level OOXML revision engine resolves paired run-level <w:ins>/<w:del> only; these constructs were preserved UNRESOLVED: customXml revision ranges. For full Word-faithful resolution use the AST engine (acceptAstRevisions / rejectAstRevisions, or acceptAllRevisions over the parsed AST).
jubarte: acceptRevisionsXml: the string-level OOXML revision engine resolves paired run-level <w:ins>/<w:del> only; these constructs were preserved UNRESOLVED: customXml revision ranges. For full Word-faithful resolution use the AST engine (acceptAstRevisions / rejectAstRevisions, or acceptAllRevisions over the parsed AST).
jubarte: acceptRevisions(word/document.xml): the string-level OOXML revision engine resolves paired run-level <w:ins>/<w:del> only; these constructs were preserved UNRESOLVED: self-closing w:ins/w:del (paragraph-mark / row-mark revisions). For full Word-faithful resolution use the AST engine (acceptAstRevisions / rejectAstRevisions, or acceptAllRevisions over the parsed AST).
jubarte: acceptRevisionsXml: the string-level OOXML revision engine resolves paired run-level <w:ins>/<w:del> only; these constructs were preserved UNRESOLVED: customXml revision ranges. For full Word-faithful resolution use the AST engine (acceptAstRevisions / rejectAstRevisions, or acceptAllRevisions over the parsed AST).
jubarte: acceptRevisionsXml: the string-level OOXML revision engine resolves paired run-level <w:ins>/<w:del> only; these constructs were preserved UNRESOLVED: customXml revision ranges. For full Word-faithful resolution use the AST engine (acceptAstRevisions / rejectAstRevisions, or acceptAllRevisions over the parsed AST).
jubarte: acceptRevisionsXml: the string-level OOXML revision engine resolves paired run-level <w:ins>/<w:del> only; these constructs were preserved UNRESOLVED: customXml revision ranges. For full Word-faithful resolution use the AST engine (acceptAstRevisions / rejectAstRevisions, or acceptAllRevisions over the parsed AST).
jubarte: acceptRevisionsXml: the string-level OOXML revision engine resolves paired run-level <w:ins>/<w:del> only; these constructs were preserved UNRESOLVED: customXml revision ranges. For full Word-faithful resolution use the AST engine (acceptAstRevisions / rejectAstRevisions, or acceptAllRevisions over the parsed AST).
jubarte: acceptRevisionsXml: the string-level OOXML revision engine resolves paired run-level <w:ins>/<w:del> only; these constructs were preserved UNRESOLVED: customXml revision ranges. For full Word-faithful resolution use the AST engine (acceptAstRevisions / rejectAstRevisions, or acceptAllRevisions over the parsed AST).
jubarte: acceptRevisionsXml: the string-level OOXML revision engine resolves paired run-level <w:ins>/<w:del> only; these constructs were preserved UNRESOLVED: customXml revision ranges. For full Word-faithful resolution use the AST engine (acceptAstRevisions / rejectAstRevisions, or acceptAllRevisions over the parsed AST).
jubarte: acceptRevisionsXml: the string-level OOXML revision engine resolves paired run-level <w:ins>/<w:del> only; these constructs were preserved UNRESOLVED: customXml revision ranges. For full Word-faithful resolution use the AST engine (acceptAstRevisions / rejectAstRevisions, or acceptAllRevisions over the parsed AST).
jubarte: acceptRevisionsXml: the string-level OOXML revision engine resolves paired run-level <w:ins>/<w:del> only; these constructs were preserved UNRESOLVED: customXml revision ranges. For full Word-faithful resolution use the AST engine (acceptAstRevisions / rejectAstRevisions, or acceptAllRevisions over the parsed AST).
jubarte: acceptRevisionsXml: the string-level OOXML revision engine resolves paired run-level <w:ins>/<w:del> only; these constructs were preserved UNRESOLVED: customXml revision ranges. For full Word-faithful resolution use the AST engine (acceptAstRevisions / rejectAstRevisions, or acceptAllRevisions over the parsed AST).
jubarte: acceptRevisionsXml: the string-level OOXML revision engine resolves paired run-level <w:ins>/<w:del> only; these constructs were preserved UNRESOLVED: customXml revision ranges. For full Word-faithful resolution use the AST engine (acceptAstRevisions / rejectAstRevisions, or acceptAllRevisions over the parsed AST).
jubarte: acceptRevisionsXml: the string-level OOXML revision engine resolves paired run-level <w:ins>/<w:del> only; these constructs were preserved UNRESOLVED: customXml revision ranges. For full Word-faithful resolution use the AST engine (acceptAstRevisions / rejectAstRevisions, or acceptAllRevisions over the parsed AST).
jubarte: acceptRevisionsXml: the string-level OOXML revision engine resolves paired run-level <w:ins>/<w:del> only; these constructs were preserved UNRESOLVED: customXml revision ranges. For full Word-faithful resolution use the AST engine (acceptAstRevisions / rejectAstRevisions, or acceptAllRevisions over the parsed AST).
jubarte: acceptRevisions(word/document.xml): the string-level OOXML revision engine resolves paired run-level <w:ins>/<w:del> only; these constructs were preserved UNRESOLVED: w:rPrChange/w:pPrChange (format-change snapshots); w:tblPrChange/w:trPrChange/w:tcPrChange/w:sectPrChange (table/section property changes); self-closing w:ins/w:del (paragraph-mark / row-mark revisions). For full Word-faithful resolution use the AST engine (acceptAstRevisions / rejectAstRevisions, or acceptAllRevisions over the parsed AST).
jubarte: acceptRevisionsXml: the string-level OOXML revision engine resolves paired run-level <w:ins>/<w:del> only; these constructs were preserved UNRESOLVED: customXml revision ranges. For full Word-faithful resolution use the AST engine (acceptAstRevisions / rejectAstRevisions, or acceptAllRevisions over the parsed AST).
jubarte: acceptRevisionsXml: the string-level OOXML revision engine resolves paired run-level <w:ins>/<w:del> only; these constructs were preserved UNRESOLVED: customXml revision ranges. For full Word-faithful resolution use the AST engine (acceptAstRevisions / rejectAstRevisions, or acceptAllRevisions over the parsed AST).
jubarte: acceptRevisionsXml: the string-level OOXML revision engine resolves paired run-level <w:ins>/<w:del> only; these constructs were preserved UNRESOLVED: customXml revision ranges. For full Word-faithful resolution use the AST engine (acceptAstRevisions / rejectAstRevisions, or acceptAllRevisions over the parsed AST).
jubarte: acceptRevisionsXml: the string-level OOXML revision engine resolves paired run-level <w:ins>/<w:del> only; these constructs were preserved UNRESOLVED: customXml revision ranges. For full Word-faithful resolution use the AST engine (acceptAstRevisions / rejectAstRevisions, or acceptAllRevisions over the parsed AST).
jubarte: acceptRevisionsXml: the string-level OOXML revision engine resolves paired run-level <w:ins>/<w:del> only; these constructs were preserved UNRESOLVED: customXml revision ranges. For full Word-faithful resolution use the AST engine (acceptAstRevisions / rejectAstRevisions, or acceptAllRevisions over the parsed AST).
jubarte: acceptRevisionsXml: the string-level OOXML revision engine resolves paired run-level <w:ins>/<w:del> only; these constructs were preserved UNRESOLVED: customXml revision ranges. For full Word-faithful resolution use the AST engine (acceptAstRevisions / rejectAstRevisions, or acceptAllRevisions over the parsed AST).
jubarte: acceptRevisionsXml: the string-level OOXML revision engine resolves paired run-level <w:ins>/<w:del> only; these constructs were preserved UNRESOLVED: customXml revision ranges. For full Word-faithful resolution use the AST engine (acceptAstRevisions / rejectAstRevisions, or acceptAllRevisions over the parsed AST).
jubarte: acceptRevisionsXml: the string-level OOXML revision engine resolves paired run-level <w:ins>/<w:del> only; these constructs were preserved UNRESOLVED: customXml revision ranges. For full Word-faithful resolution use the AST engine (acceptAstRevisions / rejectAstRevisions, or acceptAllRevisions over the parsed AST).
jubarte: acceptRevisionsXml: the string-level OOXML revision engine resolves paired run-level <w:ins>/<w:del> only; these constructs were preserved UNRESOLVED: customXml revision ranges. For full Word-faithful resolution use the AST engine (acceptAstRevisions / rejectAstRevisions, or acceptAllRevisions over the parsed AST).
jubarte: acceptRevisionsXml: the string-level OOXML revision engine resolves paired run-level <w:ins>/<w:del> only; these constructs were preserved UNRESOLVED: customXml revision ranges. For full Word-faithful resolution use the AST engine (acceptAstRevisions / rejectAstRevisions, or acceptAllRevisions over the parsed AST).
jubarte: acceptRevisionsXml: the string-level OOXML revision engine resolves paired run-level <w:ins>/<w:del> only; these constructs were preserved UNRESOLVED: customXml revision ranges. For full Word-faithful resolution use the AST engine (acceptAstRevisions / rejectAstRevisions, or acceptAllRevisions over the parsed AST).
jubarte: acceptRevisionsXml: the string-level OOXML revision engine resolves paired run-level <w:ins>/<w:del> only; these constructs were preserved UNRESOLVED: customXml revision ranges. For full Word-faithful resolution use the AST engine (acceptAstRevisions / rejectAstRevisions, or acceptAllRevisions over the parsed AST).
jubarte: acceptRevisionsXml: the string-level OOXML revision engine resolves paired run-level <w:ins>/<w:del> only; these constructs were preserved UNRESOLVED: customXml revision ranges. For full Word-faithful resolution use the AST engine (acceptAstRevisions / rejectAstRevisions, or acceptAllRevisions over the parsed AST).
jubarte: acceptRevisionsXml: the string-level OOXML revision engine resolves paired run-level <w:ins>/<w:del> only; these constructs were preserved UNRESOLVED: customXml revision ranges. For full Word-faithful resolution use the AST engine (acceptAstRevisions / rejectAstRevisions, or acceptAllRevisions over the parsed AST).
jubarte: acceptRevisionsXml: the string-level OOXML revision engine resolves paired run-level <w:ins>/<w:del> only; these constructs were preserved UNRESOLVED: customXml revision ranges. For full Word-faithful resolution use the AST engine (acceptAstRevisions / rejectAstRevisions, or acceptAllRevisions over the parsed AST).
jubarte: acceptRevisionsXml: the string-level OOXML revision engine resolves paired run-level <w:ins>/<w:del> only; these constructs were preserved UNRESOLVED: customXml revision ranges. For full Word-faithful resolution use the AST engine (acceptAstRevisions / rejectAstRevisions, or acceptAllRevisions over the parsed AST).
jubarte: acceptRevisionsXml: the string-level OOXML revision engine resolves paired run-level <w:ins>/<w:del> only; these constructs were preserved UNRESOLVED: customXml revision ranges. For full Word-faithful resolution use the AST engine (acceptAstRevisions / rejectAstRevisions, or acceptAllRevisions over the parsed AST).
jubarte: acceptRevisionsXml: the string-level OOXML revision engine resolves paired run-level <w:ins>/<w:del> only; these constructs were preserved UNRESOLVED: customXml revision ranges. For full Word-faithful resolution use the AST engine (acceptAstRevisions / rejectAstRevisions, or acceptAllRevisions over the parsed AST).
jubarte: acceptRevisionsXml: the string-level OOXML revision engine resolves paired run-level <w:ins>/<w:del> only; these constructs were preserved UNRESOLVED: customXml revision ranges. For full Word-faithful resolution use the AST engine (acceptAstRevisions / rejectAstRevisions, or acceptAllRevisions over the parsed AST).
jubarte: acceptRevisionsXml: the string-level OOXML revision engine resolves paired run-level <w:ins>/<w:del> only; these constructs were preserved UNRESOLVED: customXml revision ranges. For full Word-faithful resolution use the AST engine (acceptAstRevisions / rejectAstRevisions, or acceptAllRevisions over the parsed AST).
jubarte: acceptRevisionsXml: the string-level OOXML revision engine resolves paired run-level <w:ins>/<w:del> only; these constructs were preserved UNRESOLVED: customXml revision ranges. For full Word-faithful resolution use the AST engine (acceptAstRevisions / rejectAstRevisions, or acceptAllRevisions over the parsed AST).
jubarte: acceptRevisionsXml: the string-level OOXML revision engine resolves paired run-level <w:ins>/<w:del> only; these constructs were preserved UNRESOLVED: customXml revision ranges. For full Word-faithful resolution use the AST engine (acceptAstRevisions / rejectAstRevisions, or acceptAllRevisions over the parsed AST).
jubarte: acceptRevisionsXml: the string-level OOXML revision engine resolves paired run-level <w:ins>/<w:del> only; these constructs were preserved UNRESOLVED: customXml revision ranges. For full Word-faithful resolution use the AST engine (acceptAstRevisions / rejectAstRevisions, or acceptAllRevisions over the parsed AST).
jubarte: acceptRevisionsXml: the string-level OOXML revision engine resolves paired run-level <w:ins>/<w:del> only; these constructs were preserved UNRESOLVED: customXml revision ranges. For full Word-faithful resolution use the AST engine (acceptAstRevisions / rejectAstRevisions, or acceptAllRevisions over the parsed AST).
jubarte: acceptRevisionsXml: the string-level OOXML revision engine resolves paired run-level <w:ins>/<w:del> only; these constructs were preserved UNRESOLVED: customXml revision ranges. For full Word-faithful resolution use the AST engine (acceptAstRevisions / rejectAstRevisions, or acceptAllRevisions over the parsed AST).
jubarte: acceptRevisionsXml: the string-level OOXML revision engine resolves paired run-level <w:ins>/<w:del> only; these constructs were preserved UNRESOLVED: customXml revision ranges. For full Word-faithful resolution use the AST engine (acceptAstRevisions / rejectAstRevisions, or acceptAllRevisions over the parsed AST).
jubarte: acceptRevisionsXml: the string-level OOXML revision engine resolves paired run-level <w:ins>/<w:del> only; these constructs were preserved UNRESOLVED: customXml revision ranges. For full Word-faithful resolution use the AST engine (acceptAstRevisions / rejectAstRevisions, or acceptAllRevisions over the parsed AST).
jubarte: acceptRevisionsXml: the string-level OOXML revision engine resolves paired run-level <w:ins>/<w:del> only; these constructs were preserved UNRESOLVED: customXml revision ranges. For full Word-faithful resolution use the AST engine (acceptAstRevisions / rejectAstRevisions, or acceptAllRevisions over the parsed AST).
jubarte: acceptRevisionsXml: the string-level OOXML revision engine resolves paired run-level <w:ins>/<w:del> only; these constructs were preserved UNRESOLVED: customXml revision ranges. For full Word-faithful resolution use the AST engine (acceptAstRevisions / rejectAstRevisions, or acceptAllRevisions over the parsed AST).
jubarte: acceptRevisionsXml: the string-level OOXML revision engine resolves paired run-level <w:ins>/<w:del> only; these constructs were preserved UNRESOLVED: customXml revision ranges. For full Word-faithful resolution use the AST engine (acceptAstRevisions / rejectAstRevisions, or acceptAllRevisions over the parsed AST).
jubarte: acceptRevisionsXml: the string-level OOXML revision engine resolves paired run-level <w:ins>/<w:del> only; these constructs were preserved UNRESOLVED: customXml revision ranges. For full Word-faithful resolution use the AST engine (acceptAstRevisions / rejectAstRevisions, or acceptAllRevisions over the parsed AST).
jubarte: acceptRevisionsXml: the string-level OOXML revision engine resolves paired run-level <w:ins>/<w:del> only; these constructs were preserved UNRESOLVED: customXml revision ranges. For full Word-faithful resolution use the AST engine (acceptAstRevisions / rejectAstRevisions, or acceptAllRevisions over the parsed AST).
jubarte: acceptRevisionsXml: the string-level OOXML revision engine resolves paired run-level <w:ins>/<w:del> only; these constructs were preserved UNRESOLVED: customXml revision ranges. For full Word-faithful resolution use the AST engine (acceptAstRevisions / rejectAstRevisions, or acceptAllRevisions over the parsed AST).
jubarte: acceptRevisionsXml: the string-level OOXML revision engine resolves paired run-level <w:ins>/<w:del> only; these constructs were preserved UNRESOLVED: customXml revision ranges. For full Word-faithful resolution use the AST engine (acceptAstRevisions / rejectAstRevisions, or acceptAllRevisions over the parsed AST).
jubarte: acceptRevisionsXml: the string-level OOXML revision engine resolves paired run-level <w:ins>/<w:del> only; these constructs were preserved UNRESOLVED: customXml revision ranges. For full Word-faithful resolution use the AST engine (acceptAstRevisions / rejectAstRevisions, or acceptAllRevisions over the parsed AST).
jubarte: acceptRevisionsXml: the string-level OOXML revision engine resolves paired run-level <w:ins>/<w:del> only; these constructs were preserved UNRESOLVED: customXml revision ranges. For full Word-faithful resolution use the AST engine (acceptAstRevisions / rejectAstRevisions, or acceptAllRevisions over the parsed AST).
jubarte: acceptRevisionsXml: the string-level OOXML revision engine resolves paired run-level <w:ins>/<w:del> only; these constructs were preserved UNRESOLVED: customXml revision ranges. For full Word-faithful resolution use the AST engine (acceptAstRevisions / rejectAstRevisions, or acceptAllRevisions over the parsed AST).
jubarte: acceptRevisionsXml: the string-level OOXML revision engine resolves paired run-level <w:ins>/<w:del> only; these constructs were preserved UNRESOLVED: customXml revision ranges. For full Word-faithful resolution use the AST engine (acceptAstRevisions / rejectAstRevisions, or acceptAllRevisions over the parsed AST).
jubarte: acceptRevisionsXml: the string-level OOXML revision engine resolves paired run-level <w:ins>/<w:del> only; these constructs were preserved UNRESOLVED: customXml revision ranges. For full Word-faithful resolution use the AST engine (acceptAstRevisions / rejectAstRevisions, or acceptAllRevisions over the parsed AST).
jubarte: acceptRevisionsXml: the string-level OOXML revision engine resolves paired run-level <w:ins>/<w:del> only; these constructs were preserved UNRESOLVED: customXml revision ranges. For full Word-faithful resolution use the AST engine (acceptAstRevisions / rejectAstRevisions, or acceptAllRevisions over the parsed AST).
jubarte: acceptRevisionsXml: the string-level OOXML revision engine resolves paired run-level <w:ins>/<w:del> only; these constructs were preserved UNRESOLVED: customXml revision ranges. For full Word-faithful resolution use the AST engine (acceptAstRevisions / rejectAstRevisions, or acceptAllRevisions over the parsed AST).
jubarte: acceptRevisionsXml: the string-level OOXML revision engine resolves paired run-level <w:ins>/<w:del> only; these constructs were preserved UNRESOLVED: customXml revision ranges. For full Word-faithful resolution use the AST engine (acceptAstRevisions / rejectAstRevisions, or acceptAllRevisions over the parsed AST).
jubarte: acceptRevisionsXml: the string-level OOXML revision engine resolves paired run-level <w:ins>/<w:del> only; these constructs were preserved UNRESOLVED: customXml revision ranges. For full Word-faithful resolution use the AST engine (acceptAstRevisions / rejectAstRevisions, or acceptAllRevisions over the parsed AST).
jubarte: acceptRevisionsXml: the string-level OOXML revision engine resolves paired run-level <w:ins>/<w:del> only; these constructs were preserved UNRESOLVED: customXml revision ranges. For full Word-faithful resolution use the AST engine (acceptAstRevisions / rejectAstRevisions, or acceptAllRevisions over the parsed AST).
jubarte: acceptRevisionsXml: the string-level OOXML revision engine resolves paired run-level <w:ins>/<w:del> only; these constructs were preserved UNRESOLVED: customXml revision ranges. For full Word-faithful resolution use the AST engine (acceptAstRevisions / rejectAstRevisions, or acceptAllRevisions over the parsed AST).
jubarte: acceptRevisionsXml: the string-level OOXML revision engine resolves paired run-level <w:ins>/<w:del> only; these constructs were preserved UNRESOLVED: customXml revision ranges. For full Word-faithful resolution use the AST engine (acceptAstRevisions / rejectAstRevisions, or acceptAllRevisions over the parsed AST).
jubarte: acceptRevisionsXml: the string-level OOXML revision engine resolves paired run-level <w:ins>/<w:del> only; these constructs were preserved UNRESOLVED: customXml revision ranges. For full Word-faithful resolution use the AST engine (acceptAstRevisions / rejectAstRevisions, or acceptAllRevisions over the parsed AST).
jubarte: acceptRevisionsXml: the string-level OOXML revision engine resolves paired run-level <w:ins>/<w:del> only; these constructs were preserved UNRESOLVED: customXml revision ranges. For full Word-faithful resolution use the AST engine (acceptAstRevisions / rejectAstRevisions, or acceptAllRevisions over the parsed AST).
jubarte: acceptRevisionsXml: the string-level OOXML revision engine resolves paired run-level <w:ins>/<w:del> only; these constructs were preserved UNRESOLVED: customXml revision ranges. For full Word-faithful resolution use the AST engine (acceptAstRevisions / rejectAstRevisions, or acceptAllRevisions over the parsed AST).
jubarte: acceptRevisionsXml: the string-level OOXML revision engine resolves paired run-level <w:ins>/<w:del> only; these constructs were preserved UNRESOLVED: customXml revision ranges. For full Word-faithful resolution use the AST engine (acceptAstRevisions / rejectAstRevisions, or acceptAllRevisions over the parsed AST).
jubarte: acceptRevisionsXml: the string-level OOXML revision engine resolves paired run-level <w:ins>/<w:del> only; these constructs were preserved UNRESOLVED: customXml revision ranges. For full Word-faithful resolution use the AST engine (acceptAstRevisions / rejectAstRevisions, or acceptAllRevisions over the parsed AST).
jubarte: acceptRevisionsXml: the string-level OOXML revision engine resolves paired run-level <w:ins>/<w:del> only; these constructs were preserved UNRESOLVED: customXml revision ranges. For full Word-faithful resolution use the AST engine (acceptAstRevisions / rejectAstRevisions, or acceptAllRevisions over the parsed AST).
jubarte: acceptRevisionsXml: the string-level OOXML revision engine resolves paired run-level <w:ins>/<w:del> only; these constructs were preserved UNRESOLVED: customXml revision ranges. For full Word-faithful resolution use the AST engine (acceptAstRevisions / rejectAstRevisions, or acceptAllRevisions over the parsed AST).
jubarte: acceptRevisionsXml: the string-level OOXML revision engine resolves paired run-level <w:ins>/<w:del> only; these constructs were preserved UNRESOLVED: customXml revision ranges. For full Word-faithful resolution use the AST engine (acceptAstRevisions / rejectAstRevisions, or acceptAllRevisions over the parsed AST).
jubarte: acceptRevisionsXml: the string-level OOXML revision engine resolves paired run-level <w:ins>/<w:del> only; these constructs were preserved UNRESOLVED: customXml revision ranges. For full Word-faithful resolution use the AST engine (acceptAstRevisions / rejectAstRevisions, or acceptAllRevisions over the parsed AST).
jubarte: acceptRevisionsXml: the string-level OOXML revision engine resolves paired run-level <w:ins>/<w:del> only; these constructs were preserved UNRESOLVED: customXml revision ranges. For full Word-faithful resolution use the AST engine (acceptAstRevisions / rejectAstRevisions, or acceptAllRevisions over the parsed AST).
jubarte: acceptRevisionsXml: the string-level OOXML revision engine resolves paired run-level <w:ins>/<w:del> only; these constructs were preserved UNRESOLVED: customXml revision ranges. For full Word-faithful resolution use the AST engine (acceptAstRevisions / rejectAstRevisions, or acceptAllRevisions over the parsed AST).
jubarte: acceptRevisionsXml: the string-level OOXML revision engine resolves paired run-level <w:ins>/<w:del> only; these constructs were preserved UNRESOLVED: customXml revision ranges. For full Word-faithful resolution use the AST engine (acceptAstRevisions / rejectAstRevisions, or acceptAllRevisions over the parsed AST).
jubarte: acceptRevisionsXml: the string-level OOXML revision engine resolves paired run-level <w:ins>/<w:del> only; these constructs were preserved UNRESOLVED: customXml revision ranges. For full Word-faithful resolution use the AST engine (acceptAstRevisions / rejectAstRevisions, or acceptAllRevisions over the parsed AST).
jubarte: acceptRevisionsXml: the string-level OOXML revision engine resolves paired run-level <w:ins>/<w:del> only; these constructs were preserved UNRESOLVED: customXml revision ranges. For full Word-faithful resolution use the AST engine (acceptAstRevisions / rejectAstRevisions, or acceptAllRevisions over the parsed AST).
jubarte: acceptRevisionsXml: the string-level OOXML revision engine resolves paired run-level <w:ins>/<w:del> only; these constructs were preserved UNRESOLVED: customXml revision ranges. For full Word-faithful resolution use the AST engine (acceptAstRevisions / rejectAstRevisions, or acceptAllRevisions over the parsed AST).
jubarte: acceptRevisionsXml: the string-level OOXML revision engine resolves paired run-level <w:ins>/<w:del> only; these constructs were preserved UNRESOLVED: customXml revision ranges. For full Word-faithful resolution use the AST engine (acceptAstRevisions / rejectAstRevisions, or acceptAllRevisions over the parsed AST).
jubarte: acceptRevisionsXml: the string-level OOXML revision engine resolves paired run-level <w:ins>/<w:del> only; these constructs were preserved UNRESOLVED: customXml revision ranges. For full Word-faithful resolution use the AST engine (acceptAstRevisions / rejectAstRevisions, or acceptAllRevisions over the parsed AST).
jubarte: acceptRevisionsXml: the string-level OOXML revision engine resolves paired run-level <w:ins>/<w:del> only; these constructs were preserved UNRESOLVED: customXml revision ranges. For full Word-faithful resolution use the AST engine (acceptAstRevisions / rejectAstRevisions, or acceptAllRevisions over the parsed AST).
jubarte: acceptRevisionsXml: the string-level OOXML revision engine resolves paired run-level <w:ins>/<w:del> only; these constructs were preserved UNRESOLVED: customXml revision ranges. For full Word-faithful resolution use the AST engine (acceptAstRevisions / rejectAstRevisions, or acceptAllRevisions over the parsed AST).
jubarte: acceptRevisionsXml: the string-level OOXML revision engine resolves paired run-level <w:ins>/<w:del> only; these constructs were preserved UNRESOLVED: customXml revision ranges. For full Word-faithful resolution use the AST engine (acceptAstRevisions / rejectAstRevisions, or acceptAllRevisions over the parsed AST).
jubarte: acceptRevisionsXml: the string-level OOXML revision engine resolves paired run-level <w:ins>/<w:del> only; these constructs were preserved UNRESOLVED: customXml revision ranges. For full Word-faithful resolution use the AST engine (acceptAstRevisions / rejectAstRevisions, or acceptAllRevisions over the parsed AST).
jubarte: acceptRevisionsXml: the string-level OOXML revision engine resolves paired run-level <w:ins>/<w:del> only; these constructs were preserved UNRESOLVED: customXml revision ranges. For full Word-faithful resolution use the AST engine (acceptAstRevisions / rejectAstRevisions, or acceptAllRevisions over the parsed AST).
jubarte: acceptRevisionsXml: the string-level OOXML revision engine resolves paired run-level <w:ins>/<w:del> only; these constructs were preserved UNRESOLVED: customXml revision ranges. For full Word-faithful resolution use the AST engine (acceptAstRevisions / rejectAstRevisions, or acceptAllRevisions over the parsed AST).
jubarte: acceptRevisionsXml: the string-level OOXML revision engine resolves paired run-level <w:ins>/<w:del> only; these constructs were preserved UNRESOLVED: customXml revision ranges. For full Word-faithful resolution use the AST engine (acceptAstRevisions / rejectAstRevisions, or acceptAllRevisions over the parsed AST).
jubarte: acceptRevisionsXml: the string-level OOXML revision engine resolves paired run-level <w:ins>/<w:del> only; these constructs were preserved UNRESOLVED: customXml revision ranges. For full Word-faithful resolution use the AST engine (acceptAstRevisions / rejectAstRevisions, or acceptAllRevisions over the parsed AST).
jubarte: acceptRevisionsXml: the string-level OOXML revision engine resolves paired run-level <w:ins>/<w:del> only; these constructs were preserved UNRESOLVED: customXml revision ranges. For full Word-faithful resolution use the AST engine (acceptAstRevisions / rejectAstRevisions, or acceptAllRevisions over the parsed AST).
jubarte: acceptRevisionsXml: the string-level OOXML revision engine resolves paired run-level <w:ins>/<w:del> only; these constructs were preserved UNRESOLVED: customXml revision ranges. For full Word-faithful resolution use the AST engine (acceptAstRevisions / rejectAstRevisions, or acceptAllRevisions over the parsed AST).
jubarte: acceptRevisionsXml: the string-level OOXML revision engine resolves paired run-level <w:ins>/<w:del> only; these constructs were preserved UNRESOLVED: customXml revision ranges. For full Word-faithful resolution use the AST engine (acceptAstRevisions / rejectAstRevisions, or acceptAllRevisions over the parsed AST).
jubarte: acceptRevisionsXml: the string-level OOXML revision engine resolves paired run-level <w:ins>/<w:del> only; these constructs were preserved UNRESOLVED: customXml revision ranges. For full Word-faithful resolution use the AST engine (acceptAstRevisions / rejectAstRevisions, or acceptAllRevisions over the parsed AST).
jubarte: acceptRevisionsXml: the string-level OOXML revision engine resolves paired run-level <w:ins>/<w:del> only; these constructs were preserved UNRESOLVED: customXml revision ranges. For full Word-faithful resolution use the AST engine (acceptAstRevisions / rejectAstRevisions, or acceptAllRevisions over the parsed AST).
jubarte: acceptRevisionsXml: the string-level OOXML revision engine resolves paired run-level <w:ins>/<w:del> only; these constructs were preserved UNRESOLVED: customXml revision ranges. For full Word-faithful resolution use the AST engine (acceptAstRevisions / rejectAstRevisions, or acceptAllRevisions over the parsed AST).
jubarte: acceptRevisionsXml: the string-level OOXML revision engine resolves paired run-level <w:ins>/<w:del> only; these constructs were preserved UNRESOLVED: customXml revision ranges. For full Word-faithful resolution use the AST engine (acceptAstRevisions / rejectAstRevisions, or acceptAllRevisions over the parsed AST).
jubarte: acceptRevisionsXml: the string-level OOXML revision engine resolves paired run-level <w:ins>/<w:del> only; these constructs were preserved UNRESOLVED: customXml revision ranges. For full Word-faithful resolution use the AST engine (acceptAstRevisions / rejectAstRevisions, or acceptAllRevisions over the parsed AST).
jubarte: acceptRevisionsXml: the string-level OOXML revision engine resolves paired run-level <w:ins>/<w:del> only; these constructs were preserved UNRESOLVED: customXml revision ranges. For full Word-faithful resolution use the AST engine (acceptAstRevisions / rejectAstRevisions, or acceptAllRevisions over the parsed AST).
jubarte: acceptRevisionsXml: the string-level OOXML revision engine resolves paired run-level <w:ins>/<w:del> only; these constructs were preserved UNRESOLVED: customXml revision ranges. For full Word-faithful resolution use the AST engine (acceptAstRevisions / rejectAstRevisions, or acceptAllRevisions over the parsed AST).
jubarte: acceptRevisionsXml: the string-level OOXML revision engine resolves paired run-level <w:ins>/<w:del> only; these constructs were preserved UNRESOLVED: customXml revision ranges. For full Word-faithful resolution use the AST engine (acceptAstRevisions / rejectAstRevisions, or acceptAllRevisions over the parsed AST).
jubarte: acceptRevisionsXml: the string-level OOXML revision engine resolves paired run-level <w:ins>/<w:del> only; these constructs were preserved UNRESOLVED: customXml revision ranges. For full Word-faithful resolution use the AST engine (acceptAstRevisions / rejectAstRevisions, or acceptAllRevisions over the parsed AST).
jubarte: acceptRevisionsXml: the string-level OOXML revision engine resolves paired run-level <w:ins>/<w:del> only; these constructs were preserved UNRESOLVED: customXml revision ranges. For full Word-faithful resolution use the AST engine (acceptAstRevisions / rejectAstRevisions, or acceptAllRevisions over the parsed AST).
jubarte: acceptRevisionsXml: the string-level OOXML revision engine resolves paired run-level <w:ins>/<w:del> only; these constructs were preserved UNRESOLVED: customXml revision ranges. For full Word-faithful resolution use the AST engine (acceptAstRevisions / rejectAstRevisions, or acceptAllRevisions over the parsed AST).
jubarte: acceptRevisionsXml: the string-level OOXML revision engine resolves paired run-level <w:ins>/<w:del> only; these constructs were preserved UNRESOLVED: customXml revision ranges. For full Word-faithful resolution use the AST engine (acceptAstRevisions / rejectAstRevisions, or acceptAllRevisions over the parsed AST).
jubarte: acceptRevisionsXml: the string-level OOXML revision engine resolves paired run-level <w:ins>/<w:del> only; these constructs were preserved UNRESOLVED: customXml revision ranges. For full Word-faithful resolution use the AST engine (acceptAstRevisions / rejectAstRevisions, or acceptAllRevisions over the parsed AST).
jubarte: acceptRevisionsXml: the string-level OOXML revision engine resolves paired run-level <w:ins>/<w:del> only; these constructs were preserved UNRESOLVED: customXml revision ranges. For full Word-faithful resolution use the AST engine (acceptAstRevisions / rejectAstRevisions, or acceptAllRevisions over the parsed AST).
jubarte: acceptRevisionsXml: the string-level OOXML revision engine resolves paired run-level <w:ins>/<w:del> only; these constructs were preserved UNRESOLVED: customXml revision ranges. For full Word-faithful resolution use the AST engine (acceptAstRevisions / rejectAstRevisions, or acceptAllRevisions over the parsed AST).
jubarte: acceptRevisionsXml: the string-level OOXML revision engine resolves paired run-level <w:ins>/<w:del> only; these constructs were preserved UNRESOLVED: customXml revision ranges. For full Word-faithful resolution use the AST engine (acceptAstRevisions / rejectAstRevisions, or acceptAllRevisions over the parsed AST).
jubarte: acceptRevisionsXml: the string-level OOXML revision engine resolves paired run-level <w:ins>/<w:del> only; these constructs were preserved UNRESOLVED: customXml revision ranges. For full Word-faithful resolution use the AST engine (acceptAstRevisions / rejectAstRevisions, or acceptAllRevisions over the parsed AST).
jubarte: acceptRevisionsXml: the string-level OOXML revision engine resolves paired run-level <w:ins>/<w:del> only; these constructs were preserved UNRESOLVED: customXml revision ranges. For full Word-faithful resolution use the AST engine (acceptAstRevisions / rejectAstRevisions, or acceptAllRevisions over the parsed AST).
jubarte: acceptRevisionsXml: the string-level OOXML revision engine resolves paired run-level <w:ins>/<w:del> only; these constructs were preserved UNRESOLVED: customXml revision ranges. For full Word-faithful resolution use the AST engine (acceptAstRevisions / rejectAstRevisions, or acceptAllRevisions over the parsed AST).
jubarte: acceptRevisionsXml: the string-level OOXML revision engine resolves paired run-level <w:ins>/<w:del> only; these constructs were preserved UNRESOLVED: customXml revision ranges. For full Word-faithful resolution use the AST engine (acceptAstRevisions / rejectAstRevisions, or acceptAllRevisions over the parsed AST).
jubarte: acceptRevisionsXml: the string-level OOXML revision engine resolves paired run-level <w:ins>/<w:del> only; these constructs were preserved UNRESOLVED: customXml revision ranges. For full Word-faithful resolution use the AST engine (acceptAstRevisions / rejectAstRevisions, or acceptAllRevisions over the parsed AST).
jubarte: acceptRevisionsXml: the string-level OOXML revision engine resolves paired run-level <w:ins>/<w:del> only; these constructs were preserved UNRESOLVED: customXml revision ranges. For full Word-faithful resolution use the AST engine (acceptAstRevisions / rejectAstRevisions, or acceptAllRevisions over the parsed AST).
jubarte: acceptRevisionsXml: the string-level OOXML revision engine resolves paired run-level <w:ins>/<w:del> only; these constructs were preserved UNRESOLVED: customXml revision ranges. For full Word-faithful resolution use the AST engine (acceptAstRevisions / rejectAstRevisions, or acceptAllRevisions over the parsed AST).
jubarte: acceptRevisionsXml: the string-level OOXML revision engine resolves paired run-level <w:ins>/<w:del> only; these constructs were preserved UNRESOLVED: customXml revision ranges. For full Word-faithful resolution use the AST engine (acceptAstRevisions / rejectAstRevisions, or acceptAllRevisions over the parsed AST).
jubarte: acceptRevisionsXml: the string-level OOXML revision engine resolves paired run-level <w:ins>/<w:del> only; these constructs were preserved UNRESOLVED: customXml revision ranges. For full Word-faithful resolution use the AST engine (acceptAstRevisions / rejectAstRevisions, or acceptAllRevisions over the parsed AST).
jubarte: acceptRevisionsXml: the string-level OOXML revision engine resolves paired run-level <w:ins>/<w:del> only; these constructs were preserved UNRESOLVED: customXml revision ranges. For full Word-faithful resolution use the AST engine (acceptAstRevisions / rejectAstRevisions, or acceptAllRevisions over the parsed AST).
jubarte: acceptRevisionsXml: the string-level OOXML revision engine resolves paired run-level <w:ins>/<w:del> only; these constructs were preserved UNRESOLVED: customXml revision ranges. For full Word-faithful resolution use the AST engine (acceptAstRevisions / rejectAstRevisions, or acceptAllRevisions over the parsed AST).
jubarte: acceptRevisionsXml: the string-level OOXML revision engine resolves paired run-level <w:ins>/<w:del> only; these constructs were preserved UNRESOLVED: customXml revision ranges. For full Word-faithful resolution use the AST engine (acceptAstRevisions / rejectAstRevisions, or acceptAllRevisions over the parsed AST).
jubarte: acceptRevisionsXml: the string-level OOXML revision engine resolves paired run-level <w:ins>/<w:del> only; these constructs were preserved UNRESOLVED: customXml revision ranges. For full Word-faithful resolution use the AST engine (acceptAstRevisions / rejectAstRevisions, or acceptAllRevisions over the parsed AST).
jubarte: acceptRevisionsXml: the string-level OOXML revision engine resolves paired run-level <w:ins>/<w:del> only; these constructs were preserved UNRESOLVED: customXml revision ranges. For full Word-faithful resolution use the AST engine (acceptAstRevisions / rejectAstRevisions, or acceptAllRevisions over the parsed AST).
  wall 285.73s  median 14.43ms  mean 57.14ms  p95 175.71ms  p99 578.45ms  17.5/s  (n=5000, fail=0)

# redline_speed_bench (speed_redlines)

- **fixtures:** 1000 unique (target 1000) from 7 dirs
- **pairs:** 5000 (every fixture × random partner, seed=42, min=5000)
- **warmup:** 50  **reps:** 1
- **run_ts:** 2026-07-31T12:42:56.767Z

| rank | tool | median ms | mean ms | p95 | p99 | /s | wall s | fail | n | profile |
| ---: | --- | ---: | ---: | ---: | ---: | ---: | ---: | ---: | ---: | --- |
| 1 | jubarte-native | 14.43 | 57.145 | 175.709 | 578.45 | 17.5 | 285.73 | 0 | 5000 | — |

## Profiles

Native engines use **samply** (open in Firefox Profiler / samply load):

```bash
npx speedscope /Users/arthrod/temp/T/neurotic_docx_bench/results/redline_speed_bench/jubarte-native-via-ast-90/cpu/jubarte-native.cpuprofile
```

## Fairness

- **docxodus-csharp / jubarte-rust:** CLI — **one process per redline** (spawn + I/O + compare). C# pays large .NET cold-start; Rust starts in a few ms.
- **docxodus-csharp-inproc / jubarte-rust-inproc:** **warm process** — same algorithms as the CLIs (`DocxDiffOps.Compare` / `compare_documents`), long-lived stdin worker. **This is the fair algorithm comparison.**
- **docxodus:** npm WASM package (`compareDocuments`) — Mono/.NET WASM in-process after one-time `initialize()`.
- **jubarte-wasm:** canonical jubarte-redlines source via **wasm-pack** + **wasm-opt -O3** (`wasm32-unknown-unknown` + wasm-bindgen). Same `compare_documents` as native Rust, hosted in V8 WASM — fair peer of docxodus WASM.
- **jubarte-native / jubarte-lossless:** in-memory Node Uint8Array compare when included.


✔ /Users/arthrod/temp/T/neurotic_docx_bench/results/redline_speed_bench/jubarte-native-via-ast-90/report.md
✔ /Users/arthrod/temp/T/neurotic_docx_bench/results/redline_speed_bench/jubarte-native-via-ast-90/summary.json
✔ /Users/arthrod/temp/T/neurotic_docx_bench/results/redline_speed_bench/jubarte-native-via-ast-90/speed.jsonl
✔ results/speed.jsonl (appended kind=speed_redlines)
