redline_speed_bench: collecting up to 200 fixtures
  dirs:
    /Users/arthrod/temp/T/neurotic_docx_bench/corpus/word_based/docx_source
    /Users/arthrod/temp/T/neurotic_docx_bench/corpus/word_based/docx_source_randomized
    /Users/arthrod/temp/T/neurotic_docx_bench/corpus/word_based/docx_accepted_word
    /Users/arthrod/temp/T/neurotic_docx_bench/corpus/no_comments_pdf_was_generated_by_word/docx_source
    /Users/arthrod/temp/T/neurotic_docx_bench/corpus/no_comments_pdf_was_generated_by_word/docx_accepted_word
    /Users/arthrod/temp/T/neurotic_docx_bench/corpus/word_based/docx_redlines_word
    /Users/arthrod/temp/T/neurotic_docx_bench/corpus/no_comments_pdf_was_generated_by_word/docx_redlines_word
  unique fixtures: 200 (target 200)
  loaded 4.9 MiB in 73.618ms
  pairs=500 (min=500, seed=42, rounds≈3)
  methods=jubarte-wasm, docxodus, jubarte-rust-inproc warmup=30 reps=1 profile=false
  jubarte-dist=/Users/arthrod/temp/T/neurotic_docx_bench/dist/jubarte-final
  rust-dist=/Users/arthrod/temp/T/neurotic_docx_bench/src/neurotic_docx_bench/utils/jubarte/jubarte-rust
  csharp-dist=/Users/arthrod/temp/T/ooxmlsdk/Docxodus/tools/redline/bin/Release/net8.0
  csharp-inproc-dist=/Users/arthrod/temp/T/neurotic_docx_bench/src/neurotic_docx_bench/utils/docxodus/docxodus-csharp-inproc/bin/Release/net8.0
  rust-inproc-dist=/Users/arthrod/temp/T/neurotic_docx_bench/src/neurotic_docx_bench/utils/jubarte/jubarte-rust
  wasm-dist=/Users/arthrod/temp/T/neurotic_docx_bench/src/neurotic_docx_bench/utils/jubarte/jubarte-wasm
  out=/Users/arthrod/temp/T/neurotic_docx_bench/results/redline_speed_bench/wasm_vs_wasm

▶ jubarte-wasm (engine=jubarte-wasm, dist=/Users/arthrod/temp/T/neurotic_docx_bench/src/neurotic_docx_bench/utils/jubarte/jubarte-wasm, native=false)
  init 18.615ms
  wall 29.09s  median 6.80ms  mean 58.18ms  p95 293.15ms  p99 638.41ms  17.2/s  (n=500, fail=0)

▶ docxodus (engine=docxodus, dist=/Users/arthrod/temp/T/neurotic_docx_bench/dist/jubarte-final, native=false)
MONO_WASM: Error loading symbol file dotnet.native.js.symbols: {}
  init 188.627ms
