redline_speed_bench: collecting up to 50 fixtures
  dirs:
    /Users/arthrod/temp/T/neurotic_docx_bench/corpus/word_based/docx_source
    /Users/arthrod/temp/T/neurotic_docx_bench/corpus/word_based/docx_source_randomized
    /Users/arthrod/temp/T/neurotic_docx_bench/corpus/word_based/docx_accepted_word
    /Users/arthrod/temp/T/neurotic_docx_bench/corpus/no_comments_pdf_was_generated_by_word/docx_source
    /Users/arthrod/temp/T/neurotic_docx_bench/corpus/no_comments_pdf_was_generated_by_word/docx_accepted_word
    /Users/arthrod/temp/T/neurotic_docx_bench/corpus/word_based/docx_redlines_word
    /Users/arthrod/temp/T/neurotic_docx_bench/corpus/no_comments_pdf_was_generated_by_word/docx_redlines_word
  unique fixtures: 50 (target 50)
  loaded 1.8 MiB in 7.124ms
  pairs=50 (min=50, seed=42, rounds≈1)
  methods=docxodus-csharp, docxodus-csharp-inproc, docxodus, jubarte-rust warmup=5 reps=1 profile=false
  jubarte-dist=/Users/arthrod/temp/T/neurotic_docx_bench/dist/jubarte-final
  rust-dist=/Users/arthrod/temp/T/neurotic_docx_bench/src/neurotic_docx_bench/utils/jubarte/jubarte-rust
  csharp-dist=/Users/arthrod/temp/T/ooxmlsdk/Docxodus/tools/redline/bin/Release/net8.0
  csharp-inproc-dist=/Users/arthrod/temp/T/neurotic_docx_bench/src/neurotic_docx_bench/utils/docxodus/docxodus-csharp-inproc/bin/Release/net8.0
  out=/Users/arthrod/temp/T/neurotic_docx_bench/results/redline_speed_bench/why_slow

▶ docxodus-csharp (engine=docxodus-csharp, dist=/Users/arthrod/temp/T/ooxmlsdk/Docxodus/tools/redline/bin/Release/net8.0, native=true)
  init 0.292ms
  wall 22.08s  median 208.39ms  mean 441.65ms  p95 911.87ms  p99 1154.01ms  2.3/s  (n=50, fail=0)

▶ docxodus-csharp-inproc (engine=docxodus-csharp-inproc, dist=/Users/arthrod/temp/T/neurotic_docx_bench/src/neurotic_docx_bench/utils/docxodus/docxodus-csharp-inproc/bin/Release/net8.0, native=false)
  init 29.851ms
  wall 3.46s  median 8.98ms  mean 69.18ms  p95 236.80ms  p99 248.11ms  14.5/s  (n=50, fail=0)

▶ docxodus (engine=docxodus, dist=/Users/arthrod/temp/T/neurotic_docx_bench/dist/jubarte-final, native=false)
MONO_WASM: Error loading symbol file dotnet.native.js.symbols: {}
  init 125.044ms
  wall 50.53s  median 120.50ms  mean 1010.66ms  p95 2744.11ms  p99 4212.31ms  1.0/s  (n=50, fail=0)

▶ jubarte-rust (engine=jubarte-rust, dist=/Users/arthrod/temp/T/neurotic_docx_bench/src/neurotic_docx_bench/utils/jubarte/jubarte-rust, native=true)
  init 0.427ms
  wall 2.24s  median 6.64ms  mean 44.74ms  p95 131.24ms  p99 167.52ms  22.4/s  (n=50, fail=0)

# redline_speed_bench (speed_redlines)

- **fixtures:** 50 unique (target 50) from 7 dirs
- **pairs:** 50 (every fixture × random partner, seed=42, min=50)
- **warmup:** 5  **reps:** 1
- **run_ts:** 2026-07-15T17:35:53.260Z

| rank | tool | median ms | mean ms | p95 | p99 | /s | wall s | fail | n | profile |
| ---: | --- | ---: | ---: | ---: | ---: | ---: | ---: | ---: | ---: | --- |
| 1 | jubarte-rust | 6.643 | 44.737 | 131.242 | 167.517 | 22.4 | 2.24 | 0 | 50 | — |
| 2 | docxodus-csharp-inproc | 8.978 | 69.178 | 236.802 | 248.109 | 14.5 | 3.46 | 0 | 50 | — |
| 3 | docxodus | 120.503 | 1010.66 | 2744.111 | 4212.309 | 1 | 50.53 | 0 | 50 | — |
| 4 | docxodus-csharp | 208.388 | 441.646 | 911.873 | 1154.008 | 2.3 | 22.08 | 0 | 50 | — |

## Profiles

Native engines use **samply** (open in Firefox Profiler / samply load):

```bash
samply load /Users/arthrod/temp/T/neurotic_docx_bench/results/redline_speed_bench/why_slow/cpu/docxodus-csharp.profile.json.gz
npx speedscope /Users/arthrod/temp/T/neurotic_docx_bench/results/redline_speed_bench/why_slow/cpu/docxodus-csharp-inproc.cpuprofile
npx speedscope /Users/arthrod/temp/T/neurotic_docx_bench/results/redline_speed_bench/why_slow/cpu/docxodus.cpuprofile
samply load /Users/arthrod/temp/T/neurotic_docx_bench/results/redline_speed_bench/why_slow/cpu/jubarte-rust.profile.json.gz
```

## Fairness

- **docxodus-csharp:** native .NET CLI — **one process per redline** (cold-start tax dominates; typically 200–800ms).
- **docxodus-csharp-inproc:** same Docxodus.dll, **one long-lived process** (algorithm cost only; ~few ms after warmup).
- **docxodus:** npm WASM package (`compareDocuments`) — Mono/.NET WASM in-process after one-time `initialize()`.
- **jubarte-rust:** Rust CLI via spawnSync + temp files (I/O + process spawn included).
- **jubarte-native / jubarte-lossless:** in-memory Uint8Array compare when included.


✔ /Users/arthrod/temp/T/neurotic_docx_bench/results/redline_speed_bench/why_slow/report.md
✔ /Users/arthrod/temp/T/neurotic_docx_bench/results/redline_speed_bench/why_slow/summary.json
✔ /Users/arthrod/temp/T/neurotic_docx_bench/results/redline_speed_bench/why_slow/speed.jsonl
✔ results/speed.jsonl (appended kind=speed_redlines)
