holdout: 20 sealed key(s) excluded from scoring (corpus/word_based/holdout.txt)
oracle manifest OK (corpus/word_based/oracle_manifest.json)
renderer canary OK — LibreOffice 26.2.4.2 fingerprint OK
──────────────────────── jubarte-rust  (render=soffice) ────────────────────────
tool_version: jubarte-rust@fcea02da49f4
generate: node --import tsx scripts/generate-native-redlines.ts 
--method=jubarte-rust --dist=src/neurotic_docx_bench/utils/jubarte/jubarte-rust 
--out=$RUN_DIR/docx --run-dir=$RUN_DIR --tool=jubarte-rust && node --import tsx 
scripts/generate-native-redlines.ts --method=jubarte-rust 
--manifest=corpus/word_based/centralized_mapping_randomized.csv 
--source-dir=corpus/word_based/docx_source_randomized 
--dist=src/neurotic_docx_bench/utils/jubarte/jubarte-rust --out=$RUN_DIR/docx 
--run-dir=$RUN_DIR --tool=jubarte-rust
[jubarte-rust] wrote 207 redline(s) → /Users/arthrod/temp/T/neurotic_docx_bench/runs/jubarte-rust_2026-08-03_16-18/docx
[jubarte-rust] wrote 196 redline(s) → /Users/arthrod/temp/T/neurotic_docx_bench/runs/jubarte-rust_2026-08-03_16-18/docx
visual report → runs/jubarte-rust_2026-08-03_16-18/report.html
functional lens: 377 checked — accept-ok 365, reject-ok 301, 6 blind
page-count mismatch on 13 doc(s) (scored on the shared pages only): 
file_196_file_197 (oracle 14 vs candidate 12); file_22_file_23 (oracle 116 vs 
candidate 115); file_64_file_65 (oracle 3 vs candidate 4); file_91_file_92 
(oracle 3 vs candidate 4); meeting_minutes_suggesting_insertions_multi_section 
(oracle 3 vs candidate 4) …

────────────────────────── benchmark: script_redlines ──────────────────────────
                         jubarte-rust  ·  383 documents                         
╭─────────────────────────────────────────────────────────────────────┬────────╮
│ document                                                            │  score │
├─────────────────────────────────────────────────────────────────────┼────────┤
│ 1_5_line_spacing_id_paraid_overflow_24_id_paraid_overflow           │ 100.00 │
│ 24_id_paraid_overflow_alternate_content                             │  99.16 │
│ 24_id_paraid_overflow_blue_bold_centered_demo_id_paraid_overflow    │  98.50 │
│ alternate_content_anchor_images                                     │  61.16 │
│ blue_bold_centered_demo_id_paraid_overflow_blue_centered_title_demo │  60.22 │
│ _style_default_missing                                              │        │
│ blue_centered_title_demo_style_default_missing_blue_italic_text_dem │  89.46 │
│ o_id_paraid_overflow                                                │        │
│ blue_italic_text_demo_id_paraid_overflow_blue_underline_combo_demo_ │ 100.00 │
│ id_paraid_overflow                                                  │        │
│ blue_underline_combo_demo_id_paraid_overflow_bold_and_italic_combo_ │  99.69 │
│ style_default_missing                                               │        │
│ bold_and_underline_combo_id_paraid_overflow_bold_italic_combined_de │ 100.00 │
│ mo_id_paraid_overflow                                               │        │
│ bold_italic_combined_demo_id_paraid_overflow_bold_italic_underline_ │  99.81 │
│ demo_id_paraid_overflow                                             │        │
│ bold_italic_underline_demo_id_paraid_overflow_bold_red_text_combo_i │ 100.00 │
│ d_paraid_overflow                                                   │        │
│ bold_superscript_demo_style_default_missing_bold_text_formatting_de │  93.31 │
│ mo_id_paraid_overflow_2                                             │        │
│ bold_text_formatting_demo_id_paraid_overflow_2_bold_text_formatting │ 100.00 │
│ _demo_id_paraid_overflow                                            │        │
│ bold_text_formatting_demo_id_paraid_overflow_bold_underline_combine │  97.85 │
│ d_demo_id_paraid_overflow                                           │        │
│ bold_underline_combined_demo_id_paraid_overflow_bold_underline_high │ 100.00 │
│ light_demo_id_paraid_overflow                                       │        │
│ bold_underline_highlight_demo_id_paraid_overflow_book_catalog_id_pa │ 100.00 │
│ raid_overflow                                                       │        │
│ book_catalog_id_paraid_overflow_book_catalog_table                  │ 100.00 │
│ book_catalog_table_budget_report_q1_2026_suggesting_insertions      │  90.79 │
│ budget_report_q1_2026_suggesting_insertions_bullet_list_bold_demo_i │  98.24 │
│ d_paraid_overflow                                                   │        │
│ bullet_list_bold_demo_id_paraid_overflow_bullet_list_demo_id_paraid │  92.02 │
│ _overflow                                                           │        │
│ bullet_list_demo_id_paraid_overflow_calibri_bold_italic_demo_id_par │  85.01 │
│ aid_overflow                                                        │        │
│ calibri_bold_italic_demo_id_paraid_overflow_calibri_font_demo_id_pa │ 100.00 │
│ raid_overflow_2                                                     │        │
│ calibri_font_demo_id_paraid_overflow_2_calibri_font_demo_id_paraid_ │ 100.00 │
│ overflow                                                            │        │
│ calibri_font_demo_id_paraid_overflow_calibri_heading_2_right_id_par │  82.51 │
│ aid_overflow                                                        │        │
│ calibri_heading_2_right_id_paraid_overflow_center_aligned_bold_text │ 100.00 │
│ _id_paraid_overflow                                                 │        │
│ center_aligned_bold_text_id_paraid_overflow_center_alignment_demo_i │  82.79 │
│ d_paraid_overflow_2                                                 │        │
│ center_alignment_demo_id_paraid_overflow_2_center_alignment_demo_id │  81.52 │
│ _paraid_overflow                                                    │        │
│ center_alignment_demo_id_paraid_overflow_center_bold_demo_id_paraid │  83.59 │
│ _overflow                                                           │        │
│ center_bold_demo_id_paraid_overflow_clear_formatting_demo_id_paraid │ 100.00 │
│ _overflow                                                           │        │
│ clear_formatting_demo_id_paraid_overflow_comments                   │  94.96 │
│ clear_formatting_demo_id_paraid_overflow_contract_review_suggesting │ 100.00 │
│ _insertions                                                         │        │
│ comments_complex_style_attr                                         │  69.47 │
│ complex_style_attr_contract_review_suggesting_insertions            │  58.29 │
│ contract_review_suggesting_insertions_contract_review_suggesting_mi │  77.32 │
│ xed_edits                                                           │        │
│ contract_review_suggesting_mixed_edits_customer_satisfaction_survey │  86.65 │
│ _q4_suggesting_insertions                                           │        │
│ customer_satisfaction_survey_q4_suggesting_insertions_document_100_ │  99.20 │
│ ultimate_demo_id_paraid_overflow                                    │        │
│ document_100_ultimate_demo_id_paraid_overflow_docx_lots_of_comments │  45.70 │
│ _addition_redline_addition_v_removal                                │        │
│ document_100_ultimate_demo_id_paraid_overflow_double_spacing_bold_d │  89.51 │
│ emo_id_paraid_overflow                                              │        │
│ docx_lots_of_comments_addition_docx_lots_of_comments                │  99.58 │
│ docx_lots_of_comments_addition_redline_addition_v_removal_docx_lots │  99.02 │
│ _of_comments_addition_redline                                       │        │
│ docx_lots_of_comments_addition_redline_docx_lots_of_comments_additi │  62.30 │
│ on_removal_redline_removal_v_addition                               │        │
│ docx_lots_of_comments_addition_removal_docx_lots_of_comments_additi │  99.92 │
│ on                                                                  │        │
│ docx_lots_of_comments_addition_removal_redline_docx_lots_of_comment │  58.59 │
│ s_addition_removal                                                  │        │
│ docx_lots_of_comments_addition_removal_redline_removal_v_addition_d │  54.52 │
│ ocx_lots_of_comments_addition_removal_redline                       │        │
│ docx_lots_of_comments_double_spacing_bold_demo_id_paraid_overflow   │  74.86 │
│ double_spacing_bold_demo_id_paraid_overflow_eigenpal_docx_editor_su │  54.62 │
│ ggesting_mixed_edits                                                │        │
│ eigenpal_docx_editor_suggesting_mixed_edits_employee_directory_tabl │  53.11 │
│ e_2                                                                 │        │
│ employee_directory_table_2_employee_directory_table                 │ 100.00 │
│ employee_directory_table_employee_review_john_smith_suggesting_inse │  90.78 │
│ rtions                                                              │        │
│ file_100_file_101                                                   │  66.31 │
│ file_101_file_102                                                   │  62.51 │
│ file_102_file_103                                                   │ 100.00 │
│ file_103_file_104                                                   │  57.05 │
│ file_104_file_105                                                   │  65.08 │
│ file_105_file_106                                                   │ 100.00 │
│ file_106_file_107                                                   │  99.94 │
│ file_107_file_108                                                   │ 100.00 │
│ file_108_file_109                                                   │ 100.00 │
│ file_109_file_110                                                   │ 100.00 │
│ file_10_file_11                                                     │ 100.00 │
│ file_110_file_111                                                   │  55.79 │
│ file_112_file_113                                                   │  63.87 │
│ file_113_file_114                                                   │ 100.00 │
│ file_114_file_115                                                   │  62.62 │
│ file_115_file_116                                                   │  75.97 │
│ file_116_file_117                                                   │  66.75 │
│ file_117_file_118                                                   │  93.37 │
│ file_118_file_119                                                   │  74.97 │
│ file_119_file_120                                                   │  77.11 │
│ file_11_file_12                                                     │ 100.00 │
│ file_120_file_121                                                   │  63.10 │
│ file_121_file_122                                                   │ 100.00 │
│ file_123_file_124                                                   │ 100.00 │
│ file_124_file_125                                                   │  93.32 │
│ file_125_file_126                                                   │ 100.00 │
│ file_126_file_127                                                   │ 100.00 │
│ file_127_file_128                                                   │  69.57 │
│ file_128_file_129                                                   │ 100.00 │
│ file_129_file_130                                                   │ 100.00 │
│ file_12_file_13                                                     │ 100.00 │
│ file_130_file_131                                                   │  64.67 │
│ file_131_file_132                                                   │  87.68 │
│ file_132_file_133                                                   │  80.07 │
│ file_133_file_134                                                   │  55.09 │
│ file_134_file_135                                                   │  49.66 │
│ file_135_file_136                                                   │  73.28 │
│ file_136_file_137                                                   │  82.16 │
│ file_137_file_138                                                   │ 100.00 │
│ file_139_file_140                                                   │  92.40 │
│ file_13_file_14                                                     │  53.08 │
│ file_141_file_142                                                   │  96.04 │
│ file_142_file_143                                                   │  76.04 │
│ file_143_file_144                                                   │  95.27 │
│ file_144_file_145                                                   │  91.21 │
│ file_145_file_146                                                   │  49.68 │
│ file_146_file_147                                                   │  66.23 │
│ file_147_file_148                                                   │  69.18 │
│ file_148_file_149                                                   │  92.86 │
│ file_149_file_150                                                   │ 100.00 │
│ file_14_file_15                                                     │  95.30 │
│ file_150_file_151                                                   │ 100.00 │
│ file_151_file_152                                                   │  91.91 │
│ file_152_file_153                                                   │  83.46 │
│ file_153_file_154                                                   │  93.87 │
│ file_154_file_155                                                   │  99.93 │
│ file_155_file_156                                                   │ 100.00 │
│ file_157_file_158                                                   │ 100.00 │
│ file_158_file_159                                                   │ 100.00 │
│ file_159_file_160                                                   │  90.35 │
│ file_15_file_16                                                     │  78.17 │
│ file_160_file_161                                                   │  95.44 │
│ file_161_file_162                                                   │  81.13 │
│ file_162_file_163                                                   │ 100.00 │
│ file_163_file_164                                                   │  99.91 │
│ file_164_file_165                                                   │ 100.00 │
│ file_165_file_166                                                   │  95.62 │
│ file_166_file_167                                                   │  92.86 │
│ file_167_file_168                                                   │ 100.00 │
│ file_168_file_169                                                   │ 100.00 │
│ file_169_file_170                                                   │  47.30 │
│ file_16_file_17                                                     │  72.51 │
│ file_170_file_171                                                   │  98.32 │
│ file_171_file_172                                                   │  98.02 │
│ file_172_file_173                                                   │  92.81 │
│ file_173_file_174                                                   │ 100.00 │
│ file_174_file_175                                                   │  74.02 │
│ file_175_file_176                                                   │  49.97 │
│ file_176_file_177                                                   │  69.91 │
│ file_177_file_178                                                   │ 100.00 │
│ file_178_file_179                                                   │ 100.00 │
│ file_179_file_180                                                   │  62.58 │
│ file_17_file_18                                                     │ 100.00 │
│ file_180_file_181                                                   │  61.26 │
│ file_181_file_182                                                   │  81.42 │
│ file_182_file_183                                                   │ 100.00 │
│ file_183_file_184                                                   │  61.30 │
│ file_184_file_185                                                   │  63.72 │
│ file_185_file_186                                                   │  75.01 │
│ file_186_file_187                                                   │ 100.00 │
│ file_187_file_188                                                   │  51.32 │
│ file_188_file_189                                                   │  48.54 │
│ file_189_file_190                                                   │  94.25 │
│ file_18_file_19                                                     │  53.14 │
│ file_190_file_191                                                   │  85.91 │
│ file_191_file_192                                                   │ 100.00 │
│ file_192_file_193                                                   │ 100.00 │
│ file_193_file_194                                                   │  86.66 │
│ file_194_file_195                                                   │  95.37 │
│ file_195_file_196                                                   │  60.34 │
│ file_196_file_197                                                   │  36.17 │
│ file_197_file_198                                                   │ 100.00 │
│ file_198_file_199                                                   │  60.54 │
│ file_19_file_20                                                     │ 100.00 │
│ file_1_file_2                                                       │  68.17 │
│ file_20_file_21                                                     │  91.23 │
│ file_21_file_22                                                     │  61.85 │
│ file_22_file_23                                                     │  44.86 │
│ file_23_file_24                                                     │ 100.00 │
│ file_24_file_25                                                     │ 100.00 │
│ file_25_file_26                                                     │ 100.00 │
│ file_26_file_27                                                     │  67.28 │
│ file_27_file_28                                                     │  62.02 │
│ file_28_file_29                                                     │  89.33 │
│ file_29_file_30                                                     │  61.19 │
│ file_2_file_3                                                       │  95.37 │
│ file_30_file_31                                                     │  87.39 │
│ file_31_file_32                                                     │  99.87 │
│ file_32_file_33                                                     │  95.58 │
│ file_34_file_35                                                     │  45.57 │
│ file_35_file_36                                                     │ 100.00 │
│ file_36_file_37                                                     │  58.41 │
│ file_37_file_38                                                     │ 100.00 │
│ file_38_file_39                                                     │ 100.00 │
│ file_39_file_40                                                     │  63.40 │
│ file_40_file_41                                                     │  62.42 │
│ file_41_file_42                                                     │  47.42 │
│ file_42_file_43                                                     │ 100.00 │
│ file_43_file_44                                                     │ 100.00 │
│ file_44_file_45                                                     │  80.85 │
│ file_45_file_46                                                     │ 100.00 │
│ file_46_file_47                                                     │  94.45 │
│ file_49_file_50                                                     │ 100.00 │
│ file_4_file_5                                                       │ 100.00 │
│ file_50_file_51                                                     │  99.96 │
│ file_51_file_52                                                     │ 100.00 │
│ file_52_file_53                                                     │  69.71 │
│ file_53_file_54                                                     │  71.63 │
│ file_54_file_55                                                     │  82.53 │
│ file_55_file_56                                                     │ 100.00 │
│ file_56_file_57                                                     │ 100.00 │
│ file_57_file_58                                                     │ 100.00 │
│ file_58_file_59                                                     │  58.73 │
│ file_59_file_60                                                     │ 100.00 │
│ file_5_file_6                                                       │  65.00 │
│ file_60_file_61                                                     │  78.97 │
│ file_61_file_62                                                     │ 100.00 │
│ file_62_file_63                                                     │ 100.00 │
│ file_63_file_64                                                     │  73.61 │
│ file_64_file_65                                                     │  64.33 │
│ file_65_file_66                                                     │  66.64 │
│ file_66_file_67                                                     │  99.94 │
│ file_67_file_68                                                     │ 100.00 │
│ file_68_file_69                                                     │  70.20 │
│ file_69_file_70                                                     │  60.88 │
│ file_6_file_7                                                       │  73.27 │
│ file_70_file_71                                                     │ 100.00 │
│ file_71_file_72                                                     │ 100.00 │
│ file_72_file_73                                                     │ 100.00 │
│ file_73_file_74                                                     │  67.28 │
│ file_74_file_75                                                     │  73.28 │
│ file_75_file_76                                                     │ 100.00 │
│ file_76_file_77                                                     │  97.23 │
│ file_77_file_78                                                     │  74.94 │
│ file_78_file_79                                                     │  61.65 │
│ file_79_file_80                                                     │ 100.00 │
│ file_7_file_8                                                       │  63.33 │
│ file_80_file_81                                                     │  82.99 │
│ file_81_file_82                                                     │  78.45 │
│ file_82_file_83                                                     │  86.70 │
│ file_83_file_84                                                     │ 100.00 │
│ file_84_file_85                                                     │  99.60 │
│ file_85_file_86                                                     │  96.30 │
│ file_86_file_87                                                     │ 100.00 │
│ file_88_file_89                                                     │ 100.00 │
│ file_89_file_90                                                     │ 100.00 │
│ file_8_file_9                                                       │  63.69 │
│ file_90_file_91                                                     │ 100.00 │
│ file_91_file_92                                                     │  63.34 │
│ file_92_file_93                                                     │  64.99 │
│ file_93_file_94                                                     │  91.27 │
│ file_94_file_95                                                     │ 100.00 │
│ file_95_file_96                                                     │ 100.00 │
│ file_96_file_97                                                     │  98.23 │
│ file_97_file_98                                                     │ 100.00 │
│ file_98_file_99                                                     │  99.93 │
│ file_99_file_100                                                    │  62.58 │
│ file_9_file_10                                                      │  72.52 │
│ font_color_demo_style_default_missing_font_family_demo_id_paraid_ov │  97.76 │
│ erflow                                                              │        │
│ font_family_demo_id_paraid_overflow_font_size_12_demo_id_paraid_ove │  94.42 │
│ rflow                                                               │        │
│ font_size_12_demo_id_paraid_overflow_font_size_18_demo_style_defaul │ 100.00 │
│ t_missing                                                           │        │
│ font_size_18_demo_style_default_missing_font_size_24_demo_id_paraid │  96.78 │
│ _overflow                                                           │        │
│ font_size_24_demo_id_paraid_overflow_font_size_demo_id_paraid_overf │  88.96 │
│ low                                                                 │        │
│ font_size_demo_id_paraid_overflow_footnotes_sample                  │  91.57 │
│ font_size_demo_id_paraid_overflow_green_bold_text_demo_id_paraid_ov │  88.61 │
│ erflow                                                              │        │
│ footnotes_sample_gdocs_comments_export                              │  79.02 │
│ gdocs_comments_export_green_bold_text_demo_id_paraid_overflow       │  87.26 │
│ green_bold_text_demo_id_paraid_overflow_green_highlight_demo_id_par │  95.37 │
│ aid_overflow                                                        │        │
│ green_highlight_demo_id_paraid_overflow_green_underline_bullet_list │ 100.00 │
│ _id_paraid_overflow                                                 │        │
│ green_underline_bullet_list_id_paraid_overflow_header_no_rels       │  56.48 │
│ green_underline_bullet_list_id_paraid_overflow_heading_1_bold_demo_ │ 100.00 │
│ id_paraid_overflow                                                  │        │
│ header_no_rels_heading_1_bold_demo_id_paraid_overflow               │  51.61 │
│ heading_1_bold_demo_id_paraid_overflow_heading_1_style_demo_id_para │  95.38 │
│ id_overflow                                                         │        │
│ heading_1_style_demo_id_paraid_overflow_heading_2_center_demo_id_pa │ 100.00 │
│ raid_overflow                                                       │        │
│ heading_2_center_demo_id_paraid_overflow_heading_2_style_demo_id_pa │  94.85 │
│ raid_overflow                                                       │        │
│ heading_2_style_demo_id_paraid_overflow_heading_3_center_italic_id_ │  95.75 │
│ paraid_overflow                                                     │        │
│ heading_3_center_italic_id_paraid_overflow_heading_3_style_demo_id_ │  88.18 │
│ paraid_overflow_2                                                   │        │
│ heading_3_style_demo_id_paraid_overflow_2_heading_3_style_demo_id_p │ 100.00 │
│ araid_overflow                                                      │        │
│ heading_3_style_demo_id_paraid_overflow_heading_4_right_italic_id_p │ 100.00 │
│ araid_overflow                                                      │        │
│ heading_4_right_italic_id_paraid_overflow_heading_4_style_demo_id_p │  96.00 │
│ araid_overflow_2                                                    │        │
│ heading_4_style_demo_id_paraid_overflow_2_heading_4_style_demo_id_p │ 100.00 │
│ araid_overflow                                                      │        │
│ heading_4_style_demo_id_paraid_overflow_helvetica_font_demo_style_d │ 100.00 │
│ efault_missing                                                      │        │
│ helvetica_font_demo_style_default_missing_hr_onboarding_checklist_t │ 100.00 │
│ able                                                                │        │
│ hr_onboarding_checklist_table_i_am_sharing_microsoft_word_vs_google │  49.04 │
│ _docs_comprehensive_proof_with_you                                  │        │
│ i_am_sharing_microsoft_word_vs_google_docs_comprehensive_proof_with │  79.75 │
│ _you_increase_indent_demo_id_paraid_overflow                        │        │
│ increase_indent_demo_id_paraid_overflow_insert_link_demo_id_paraid_ │  86.24 │
│ overflow                                                            │        │
│ insert_link_demo_id_paraid_overflow_inventory_list_suggesting_delet │  94.45 │
│ ions                                                                │        │
│ inventory_list_suggesting_deletions_inventory_list_suggesting_mixed │  92.14 │
│ _edits                                                              │        │
│ inventory_list_suggesting_mixed_edits_it_security_policy_v2_suggest │  94.77 │
│ ing_insertions                                                      │        │
│ it_security_policy_v2_suggesting_insertions_italic_and_underline_co │  69.80 │
│ mbo_style_default_missing                                           │        │
│ italic_and_underline_combo_style_default_missing_italic_subscript_d │ 100.00 │
│ emo_style_default_missing                                           │        │
│ italic_subscript_demo_style_default_missing_italic_text_formatting_ │  93.81 │
│ demo_id_paraid_overflow_2                                           │        │
│ italic_text_formatting_demo_id_paraid_overflow_2_italic_text_format │ 100.00 │
│ ting_demo_id_paraid_overflow                                        │        │
│ italic_text_formatting_demo_id_paraid_overflow_italic_underline_com │ 100.00 │
│ bined_demo_id_paraid_overflow                                       │        │
│ italic_underline_combined_demo_id_paraid_overflow_justified_underli │  89.49 │
│ ne_demo_id_paraid_overflow                                          │        │
│ justified_underline_demo_id_paraid_overflow_justify_alignment_demo_ │  95.98 │
│ id_paraid_overflow_2                                                │        │
│ justify_alignment_demo_id_paraid_overflow_2_justify_alignment_demo_ │  93.07 │
│ id_paraid_overflow                                                  │        │
│ large_font_size_demo_id_paraid_overflow_left_alignment_demo_id_para │ 100.00 │
│ id_overflow                                                         │        │
│ left_alignment_demo_id_paraid_overflow_line_spacing_demo_id_paraid_ │ 100.00 │
│ overflow                                                            │        │
│ line_spacing_demo_id_paraid_overflow_marketing_strategy_2026_sugges │  98.16 │
│ ting_insertions                                                     │        │
│ marketing_strategy_2026_suggesting_insertions_meeting_agenda_table_ │ 100.00 │
│ 2                                                                   │        │
│ mcdoc_meeting_agenda_table_2                                        │  58.57 │
│ meeting_agenda_table_2_meeting_agenda_table                         │  97.41 │
│ meeting_agenda_table_meeting_minutes_id_paraid_overflow             │ 100.00 │
│ meeting_minutes_id_paraid_overflow_meeting_minutes_suggesting_inser │  91.89 │
│ tions                                                               │        │
│ meeting_minutes_suggesting_insertions_multi_section                 │  62.88 │
│ meeting_minutes_suggesting_insertions_numbered_list_demo_id_paraid_ │  91.59 │
│ overflow                                                            │        │
│ multi_section_nested_table_rowspan                                  │  48.30 │
│ nested_table_rowspan_numbered_list_demo_id_paraid_overflow          │  48.19 │
│ numbered_list_demo_id_paraid_overflow_numbered_list_italic_demo_id_ │  92.74 │
│ paraid_overflow                                                     │        │
│ numbered_list_italic_demo_id_paraid_overflow_open_sans_bold_underli │ 100.00 │
│ ne_id_paraid_overflow                                               │        │
│ numwords_fldsimple_ole_object                                       │  61.46 │
│ ole_object_ooxml_style_link                                         │  60.71 │
│ ooxml_style_link_open_sans_bold_underline_id_paraid_overflow        │  99.99 │
│ open_sans_font_demo_id_paraid_overflow_2_open_sans_font_demo_id_par │ 100.00 │
│ aid_overflow                                                        │        │
│ open_sans_font_demo_id_paraid_overflow_product_roadmap_2026_suggest │ 100.00 │
│ ing_insertions                                                      │        │
│ page_numbering_examples_potpourritest                               │  45.53 │
│ potpourritest_product_roadmap_2026_suggesting_insertions            │  64.78 │
│ product_roadmap_2026_suggesting_insertions_project_plan_suggesting_ │  77.95 │
│ insertions                                                          │        │
│ project_plan_suggesting_insertions_project_proposal_id_paraid_overf │  97.26 │
│ low                                                                 │        │
│ project_proposal_id_paraid_overflow_project_proposal_suggesting_ins │ 100.00 │
│ ertions                                                             │        │
│ project_proposal_suggesting_insertions_project_tasks_suggesting_ins │  87.66 │
│ ertions_2                                                           │        │
│ project_tasks_suggesting_insertions_2_project_tasks_suggesting_inse │  92.20 │
│ rtions                                                              │        │
│ project_tasks_suggesting_insertions_q1_sales_summary_table_2        │  93.90 │
│ q1_sales_summary_table_2_q1_sales_summary_table                     │  99.89 │
│ q1_sales_summary_table_quarterly_performance_report_table_2         │  92.66 │
│ quarterly_performance_report_table_2_quarterly_performance_report_t │  99.91 │
│ able                                                                │        │
│ red_bold_heading_demo_style_default_missing_red_bold_text_demo_id_p │  86.60 │
│ araid_overflow                                                      │        │
│ red_bold_text_demo_id_paraid_overflow_red_heading_demo_id_paraid_ov │  96.30 │
│ erflow                                                              │        │
│ red_heading_demo_id_paraid_overflow_red_strikethrough_demo_style_de │ 100.00 │
│ fault_missing                                                       │        │
│ red_strikethrough_demo_style_default_missing_redline_cicerodo_v_pla │  46.70 │
│ te_30                                                               │        │
│ red_strikethrough_demo_style_default_missing_right_align_bold_demo_ │ 100.00 │
│ id_paraid_overflow                                                  │        │
│ redline_cicerodo_v_plate_30_right_align_bold_demo_id_paraid_overflo │  63.12 │
│ w                                                                   │        │
│ right_align_bold_demo_id_paraid_overflow_right_aligned_italic_demo_ │  88.42 │
│ id_paraid_overflow                                                  │        │
│ right_aligned_italic_demo_id_paraid_overflow_right_alignment_demo_i │  75.91 │
│ d_paraid_overflow_2                                                 │        │
│ right_alignment_demo_id_paraid_overflow_risk_assessment_product_lau │  98.44 │
│ nch_suggesting_insertions                                           │        │
│ risk_assessment_product_launch_suggesting_insertions_roboto_font_de │  97.75 │
│ mo_id_paraid_overflow_2                                             │        │
│ roboto_font_demo_id_paraid_overflow_2_roboto_font_demo_id_paraid_ov │ 100.00 │
│ erflow                                                              │        │
│ roboto_font_demo_id_paraid_overflow_roboto_underline_demo_id_paraid │ 100.00 │
│ _overflow                                                           │        │
│ roboto_underline_demo_id_paraid_overflow_sales_report_january_2026_ │  99.42 │
│ suggesting_insertions                                               │        │
│ sales_report_january_2026_suggesting_insertions_sample_document_aft │  70.71 │
│ erword_repaired_word_repaired                                       │        │
│ sample_document_afterword_repaired_word_repaired_sample_document_re │  89.23 │
│ ally_repaired_word_repaired                                         │        │
│ sample_document_really_repaired_word_repaired_sample_document_word_ │  51.16 │
│ repair_of_our_output_iter2_word_repaired                            │        │
│ sample_document_word_repair_of_our_output_iter2_word_repaired_sampl │  68.81 │
│ e_document_word_repair_of_our_output_word_repaired                  │        │
│ sample_document_word_repair_of_our_output_word_repaired_sd_2517_loc │  46.75 │
│ alized_heading_styles                                               │        │
│ sample_document_word_repair_of_our_output_word_repaired_small_font_ │  36.95 │
│ size_demo_id_paraid_overflow                                        │        │
│ sd_2517_localized_heading_styles_sectpr_headerref                   │  42.40 │
│ sectpr_headerref_single_paragraph                                   │  54.33 │
│ single_paragraph_small_font_size_demo_id_paraid_overflow            │ 100.00 │
│ small_font_size_demo_id_paraid_overflow_strict01_sdt_controls       │  61.85 │
│ small_font_size_demo_id_paraid_overflow_strikethrough_and_italic_co │ 100.00 │
│ mbo_id_paraid_overflow                                              │        │
│ strict01_sdt_controls_strict01                                      │  61.07 │
│ strict01_strikethrough_and_italic_combo_id_paraid_overflow          │  64.81 │
│ strikethrough_and_italic_combo_id_paraid_overflow_strikethrough_bol │ 100.00 │
│ d_demo_id_paraid_overflow                                           │        │
│ strikethrough_bold_demo_id_paraid_overflow_strikethrough_text_demo_ │  99.87 │
│ id_paraid_overflow                                                  │        │
│ strikethrough_text_demo_id_paraid_overflow_strikethrough_text_forma │ 100.00 │
│ tting_demo_id_paraid_overflow                                       │        │
│ strikethrough_text_formatting_demo_id_paraid_overflow_subscript_dem │ 100.00 │
│ o_id_paraid_overflow                                                │        │
│ subscript_demo_id_paraid_overflow_subscript_demo_style_default_miss │ 100.00 │
│ ing                                                                 │        │
│ subscript_demo_style_default_missing_subtitle_style_demo_id_paraid_ │ 100.00 │
│ overflow                                                            │        │
│ subtitle_style_demo_id_paraid_overflow_subtitle_style_demo_style_de │  82.76 │
│ fault_missing                                                       │        │
│ subtitle_style_demo_style_default_missing_superscript_demo_id_parai │ 100.00 │
│ d_overflow_2                                                        │        │
│ superscript_demo_id_paraid_overflow_2_superscript_demo_id_paraid_ov │  99.50 │
│ erflow                                                              │        │
│ superscript_demo_id_paraid_overflow_superscript_demo_style_default_ │  91.99 │
│ missing                                                             │        │
│ superscript_demo_style_default_missing_support_tickets_summary_id_p │ 100.00 │
│ araid_overflow                                                      │        │
│ superscript_demo_style_default_missing_support_tickets_table        │ 100.00 │
│ support_tickets_summary_id_paraid_overflow_support_tickets_table    │  63.72 │
│ support_tickets_summary_id_paraid_overflow_text_highlight_demo_styl │ 100.00 │
│ e_default_missing                                                   │        │
│ support_tickets_table_support_tickets_summary_id_paraid_overflow    │  99.96 │
│ support_tickets_table_table_bookmark_end                            │  47.30 │
│ table_bookmark_end_table_vmerge_colspan                             │  47.18 │
│ table_vmerge_colspan_text_box                                       │  60.67 │
│ text_box_text_highlight_demo_style_default_missing                  │  69.12 │
│ text_highlight_demo_style_default_missing_tiff_image                │ 100.00 │
│ text_highlight_demo_style_default_missing_times_new_roman_bold_id_p │  90.80 │
│ araid_overflow                                                      │        │
│ tiff_image_times_new_roman_bold_id_paraid_overflow                  │  52.70 │
│ times_new_roman_bold_id_paraid_overflow_times_new_roman_font_id_par │ 100.00 │
│ aid_overflow                                                        │        │
│ times_new_roman_font_id_paraid_overflow_title_style_centered_demo_i │  92.55 │
│ d_paraid_overflow                                                   │        │
│ title_style_centered_demo_id_paraid_overflow_title_style_demo_id_pa │  86.44 │
│ raid_overflow                                                       │        │
│ title_style_demo_id_paraid_overflow_title_style_demo_style_default_ │  99.74 │
│ missing                                                             │        │
│ title_style_demo_style_default_missing_track_changes_editing_bullet │ 100.00 │
│ _id_paraid_overflow                                                 │        │
│ track_changes_editing_bullet_id_paraid_overflow_track_changes_editi │ 100.00 │
│ ng_strikethrough_id_paraid_overflow                                 │        │
│ track_changes_editing_strikethrough_id_paraid_overflow_track_change │ 100.00 │
│ s_suggesting_bold_id_paraid_overflow                                │        │
│ track_changes_suggesting_bold_id_paraid_overflow_track_changes_sugg │ 100.00 │
│ esting_calibri_id_paraid_overflow                                   │        │
│ track_changes_suggesting_center_id_paraid_overflow_track_changes_su │  91.55 │
│ ggesting_heading_id_paraid_overflow                                 │        │
│ track_changes_suggesting_heading_id_paraid_overflow_track_changes_s │ 100.00 │
│ uggesting_italic_id_paraid_overflow                                 │        │
│ track_changes_suggesting_italic_id_paraid_overflow_track_changes_su │  90.43 │
│ ggesting_title_id_paraid_overflow                                   │        │
│ track_changes_suggesting_title_id_paraid_overflow_training_material │  99.70 │
│ s_onboarding_program_suggesting_insertions                          │        │
│ training_materials_onboarding_program_suggesting_insertions_underli │  97.76 │
│ ne_text_demo_id_paraid_overflow                                     │        │
│ underline_text_demo_id_paraid_overflow_underline_text_formatting_de │ 100.00 │
│ mo_style_default_missing                                            │        │
│ underline_text_formatting_demo_style_default_missing_verdana_bold_l │ 100.00 │
│ arge_font_id_paraid_overflow                                        │        │
│ verdana_bold_large_font_id_paraid_overflow_verdana_font_demo_id_par │  99.90 │
│ aid_overflow                                                        │        │
│ verdana_bold_large_font_id_paraid_overflow_verdana_font_demo_id_par │  71.76 │
│ aid_overflow_2                                                      │        │
│ verdana_font_demo_id_paraid_overflow_2_verdana_font_demo_id_paraid_ │  68.46 │
│ overflow                                                            │        │
│ verdana_font_demo_id_paraid_overflow_verdana_italic_centered_demo_i │ 100.00 │
│ d_paraid_overflow                                                   │        │
│ verdana_italic_centered_demo_id_paraid_overflow_vfdsdfcacawesd_sugg │  72.34 │
│ esting_mixed_edits                                                  │        │
│ verdana_italic_centered_demo_id_paraid_overflow_word_clean_strict01 │  57.00 │
│ word_clean_strict01_word_tolerated_broken_media_rel                 │  61.69 │
│ word_tolerated_broken_media_rel_word_tolerated_duplicate_ppr        │  49.65 │
│ word_tolerated_duplicate_ppr_word_tolerated_misplaced_link          │  76.45 │
│ word_tolerated_misplaced_link_word_tolerated_misplaced_pgsz         │  73.58 │
│ word_tolerated_misplaced_pgsz_word_tolerated_misplaced_uipriority   │  58.13 │
│ word_tolerated_misplaced_uipriority_word_tolerated_orphan_comment   │  53.48 │
│ word_tolerated_orphan_comment_yellow_highlight_demo_id_paraid_overf │  89.20 │
│ low                                                                 │        │
│ yellow_highlight_demo_id_paraid_overflow_yellow_highlight_italic_de │  93.13 │
│ mo_style_default_missing                                            │        │
╰─────────────────────────────────────────────────────────────────────┴────────╯
           mean 85.02 · median 93.37 · min 36.17 · max 100.00 · n 383           
jsonl: appended → results/bench.jsonl
gate: PASS — no baseline (first accepted run)
