redline_speed_bench: collecting up to 200 fixtures
  dirs:
    /Users/arthrod/temp/T/neurotic_docx_bench/corpus/word_based/docx_source
    /Users/arthrod/temp/T/neurotic_docx_bench/corpus/word_based/docx_source_randomized
    /Users/arthrod/temp/T/neurotic_docx_bench/corpus/word_based/docx_accepted_word
    /Users/arthrod/temp/T/neurotic_docx_bench/corpus/no_comments_pdf_was_generated_by_word/docx_source
    /Users/arthrod/temp/T/neurotic_docx_bench/corpus/no_comments_pdf_was_generated_by_word/docx_accepted_word
    /Users/arthrod/temp/T/neurotic_docx_bench/corpus/word_based/docx_redlines_word
    /Users/arthrod/temp/T/neurotic_docx_bench/corpus/no_comments_pdf_was_generated_by_word/docx_redlines_word
  unique fixtures: 200 (target 200)
  loaded 4.9 MiB in 22.957ms
  pairs=500 (min=500, seed=42, rounds≈3)
  methods=jubarte-lossless warmup=20 reps=1 profile=false
  jubarte-dist=/Users/arthrod/temp/T/jubarte-first/dist
  rust-dist=/Users/arthrod/temp/T/neurotic_docx_bench/src/neurotic_docx_bench/utils/jubarte/jubarte-rust
  csharp-dist=/Users/arthrod/temp/T/ooxmlsdk/Docxodus/tools/redline/bin/Release/net8.0
  csharp-inproc-dist=/Users/arthrod/temp/T/neurotic_docx_bench/src/neurotic_docx_bench/utils/docxodus/docxodus-csharp-inproc/bin/Release/net8.0
  rust-inproc-dist=/Users/arthrod/temp/T/neurotic_docx_bench/src/neurotic_docx_bench/utils/jubarte/jubarte-rust
  wasm-dist=/Users/arthrod/temp/T/neurotic_docx_bench/src/neurotic_docx_bench/utils/jubarte/jubarte-wasm
  out=/Users/arthrod/temp/T/neurotic_docx_bench/results/redline_speed_bench/jubarte-first-speed-claim-smoke

▶ jubarte-lossless (engine=jubarte-lossless, dist=/Users/arthrod/temp/T/jubarte-first/dist, native=false)
  init 60.618ms
  wall 65.35s  median 30.44ms  mean 130.70ms  p95 583.10ms  p99 780.55ms  7.7/s  (n=500, fail=0)

# redline_speed_bench (speed_redlines)

- **fixtures:** 200 unique (target 200) from 7 dirs
- **pairs:** 500 (every fixture × random partner, seed=42, min=500)
- **warmup:** 20  **reps:** 1
- **run_ts:** 2026-07-16T04:15:19.263Z

| rank | tool | median ms | mean ms | p95 | p99 | /s | wall s | fail | n | profile |
| ---: | --- | ---: | ---: | ---: | ---: | ---: | ---: | ---: | ---: | --- |
| 1 | jubarte-lossless | 30.442 | 130.697 | 583.104 | 780.55 | 7.7 | 65.35 | 0 | 500 | — |

## Profiles

Native engines use **samply** (open in Firefox Profiler / samply load):

```bash
npx speedscope /Users/arthrod/temp/T/neurotic_docx_bench/results/redline_speed_bench/jubarte-first-speed-claim-smoke/cpu/jubarte-lossless.cpuprofile
```

## Fairness

- **docxodus-csharp / jubarte-rust:** CLI — **one process per redline** (spawn + I/O + compare). C# pays large .NET cold-start; Rust starts in a few ms.
- **docxodus-csharp-inproc / jubarte-rust-inproc:** **warm process** — same algorithms as the CLIs (`DocxDiffOps.Compare` / `compare_documents`), long-lived stdin worker. **This is the fair algorithm comparison.**
- **docxodus:** npm WASM package (`compareDocuments`) — Mono/.NET WASM in-process after one-time `initialize()`.
- **jubarte-wasm:** jubarte-rs via **wasm-pack** + **wasm-opt -O3** (`wasm32-unknown-unknown` + wasm-bindgen). Same `compare_documents` as native Rust, hosted in V8 WASM — fair peer of docxodus WASM.
- **jubarte-native / jubarte-lossless:** in-memory Node Uint8Array compare when included.


✔ /Users/arthrod/temp/T/neurotic_docx_bench/results/redline_speed_bench/jubarte-first-speed-claim-smoke/report.md
✔ /Users/arthrod/temp/T/neurotic_docx_bench/results/redline_speed_bench/jubarte-first-speed-claim-smoke/summary.json
✔ /Users/arthrod/temp/T/neurotic_docx_bench/results/redline_speed_bench/jubarte-first-speed-claim-smoke/speed.jsonl
✔ results/speed.jsonl (appended kind=speed_redlines)
