jubarte: 70 documents reused from earlier runs, not converted
jubarte: 75/250 (5 PDFs)
jubarte: 100/250 (30 PDFs)
jubarte: 125/250 (55 PDFs)
jubarte: 150/250 (80 PDFs)
jubarte: 175/250 (105 PDFs)
jubarte: 200/250 (130 PDFs)
jubarte: 225/250 (155 PDFs)
jubarte: 250/250 (180 PDFs)
docxide-pdf: 250 documents reused from earlier runs, not converted
docxide-pdf: 250/250 (0 PDFs, all present)
soffice: 250 documents reused from earlier runs, not converted
soffice: 250/250 (0 PDFs, all present)
office2pdf: 70 documents reused from earlier runs, not converted
office2pdf: 75/250 (5 PDFs)
office2pdf: 100/250 (30 PDFs)
office2pdf: 125/250 (55 PDFs)
office2pdf: 150/250 (80 PDFs)
office2pdf: 175/250 (105 PDFs)
office2pdf: 200/250 (130 PDFs)
office2pdf: 225/250 (155 PDFs)
office2pdf: 250/250 (180 PDFs)
office2pdf-lib: 70 documents reused from earlier runs, not converted
office2pdf-lib: 75/250 (5 PDFs)
office2pdf-lib: 100/250 (30 PDFs)
office2pdf-lib: 125/250 (55 PDFs)
office2pdf-lib: 150/250 (80 PDFs)
office2pdf-lib: 175/250 (105 PDFs)
office2pdf-lib: 200/250 (130 PDFs)
office2pdf-lib: 225/250 (155 PDFs)
office2pdf-lib: 250/250 (180 PDFs)
genoffice: 70 documents reused from earlier runs, not converted
genoffice: 75/250 (5 PDFs)
genoffice: 100/250 (30 PDFs)
genoffice: 125/250 (55 PDFs)
genoffice: 150/250 (80 PDFs)
genoffice: 175/250 (105 PDFs)
genoffice: 200/250 (130 PDFs)
genoffice: 225/250 (155 PDFs)
genoffice: 250/250 (180 PDFs)
rdocx: 70 documents reused from earlier runs, not converted
rdocx: 75/250 (4 PDFs)
rdocx: 100/250 (28 PDFs)
rdocx: 125/250 (53 PDFs)
rdocx: 150/250 (77 PDFs)
rdocx: 175/250 (101 PDFs)
rdocx: 200/250 (123 PDFs)
rdocx: 225/250 (148 PDFs)
rdocx: 250/250 (173 PDFs)
dxpdf: 70 documents reused from earlier runs, not converted
dxpdf: 75/250 (0 PDFs)
dxpdf: 100/250 (19 PDFs)
dxpdf: 125/250 (27 PDFs)
dxpdf: 150/250 (37 PDFs)
dxpdf: 175/250 (51 PDFs)
dxpdf: 200/250 (63 PDFs)
dxpdf: 225/250 (82 PDFs)
dxpdf: 250/250 (107 PDFs)
pdfitdown: 70 documents reused from earlier runs, not converted
pdfitdown: 75/250 (5 PDFs)
pdfitdown: 100/250 (30 PDFs)
pdfitdown: 125/250 (55 PDFs)
pdfitdown: 150/250 (80 PDFs)
pdfitdown: 175/250 (105 PDFs)
pdfitdown: 200/250 (130 PDFs)
pdfitdown: 225/250 (155 PDFs)
pdfitdown: 250/250 (180 PDFs)
libreoffice_convert_rust: 70 documents reused from earlier runs, not converted
libreoffice_convert_rust: 75/250 (4 PDFs)
libreoffice_convert_rust: 100/250 (29 PDFs)
libreoffice_convert_rust: 125/250 (54 PDFs)
libreoffice_convert_rust: 150/250 (79 PDFs)
libreoffice_convert_rust: 175/250 (104 PDFs)
libreoffice_convert_rust: 200/250 (129 PDFs)
libreoffice_convert_rust: 225/250 (154 PDFs)
libreoffice_convert_rust: 250/250 (179 PDFs)
doxx: 70 documents reused from earlier runs, not converted
doxx: 75/250 (0 PDFs)
doxx: 100/250 (0 PDFs)
doxx: 125/250 (0 PDFs)
doxx: 150/250 (0 PDFs)
doxx: 175/250 (0 PDFs)
doxx: 200/250 (0 PDFs)
doxx: 225/250 (0 PDFs)
doxx: 250/250 (0 PDFs)
pymupdf-pro: 105 documents reused from earlier runs, not converted
pymupdf-pro: 125/250 (20 PDFs)
pymupdf-pro: 150/250 (42 PDFs)
pymupdf-pro: 175/250 (65 PDFs)
pymupdf-pro: 200/250 (90 PDFs)
pymupdf-pro: 225/250 (115 PDFs)
pymupdf-pro: 250/250 (135 PDFs)
