2026-09-30 04:12:59.144 | INFO     | word_pdf:preflight:1812 -  preflight: 
open_documents=0 started_clean=True launched_by_us=False close_documents=True
2026-09-30 04:12:59.169 | INFO     | word_pdf:convert_folder:1486 -  export: 
one_osascript=True documents=5 accept_all=True reject_all=False
2026-09-30 04:12:59.176 | INFO     | word_pdf:_convert_batched:1685 -  one 
osascript for 5 document(s)
2026-09-30 04:13:04.196 | INFO     | __main__:_loop:231 -  3/5
2026-09-30 04:13:06.235 | WARNING  | word_pdf:run_batch_with_resume:1206 -  2 
item(s) never reached (Word crashed on or could not load an item); recycling 
Word and retrying the rest first, retried items last (pass 2, 0 of 3 stalled 
passes used)
2026-09-30 04:13:06.236 | WARNING  | word_pdf♻725 -  restarting a Word this run 
did not launch. If you set "Optimize for: Best for printing" by hand, re-check 
it before trusting the PDFs rendered after this point.
2026-09-30 04:13:06.238 | WARNING  | word_pdf♻731 -  recycling (restart 1)
2026-09-30 04:13:16.216 | ERROR    | word_pdf:_convert_batched:1730 -  FAIL: 
fe2fb2ad13.docx — Word could not load it in 2 passes: document loaded empty 
(Word could not read it)
2026-09-30 04:13:16.217 | ERROR    | word_pdf:_convert_batched:1730 -  FAIL: 
ff1a81cf73.docx — Word could not load it in 2 passes: document loaded empty 
(Word could not read it)
          accept all → DOCX + PDF:          
results/redlines_0929_full/superdoc/accepted
                    /src                    
┏━━━━━━━━━━━━━━━━━━━━━━━━━━━━━━━━━━┳━━━━━━━┓
┃ outcome                          ┃ count ┃
┡━━━━━━━━━━━━━━━━━━━━━━━━━━━━━━━━━━╇━━━━━━━┩
│ converted                        │     3 │
│ skipped (exists)                 │     0 │
│ failed                           │     2 │
│ seconds per document (batch avg) │   3.4 │
└──────────────────────────────────┴───────┘
  FAIL fe2fb2ad13.docx: Word could not load it in 2 passes: document loaded 
empty (Word could not read it)
  FAIL ff1a81cf73.docx: Word could not load it in 2 passes: document loaded 
empty (Word could not read it)
