jubarte: 25/250 (25 PDFs)
jubarte: 50/250 (50 PDFs)
jubarte: 75/250 (75 PDFs)
jubarte: 100/250 (100 PDFs)
jubarte: 125/250 (125 PDFs)
jubarte: 150/250 (150 PDFs)
jubarte: 175/250 (175 PDFs)
jubarte: 200/250 (200 PDFs)
jubarte: 225/250 (225 PDFs)
jubarte: 250/250 (250 PDFs)
docxide-pdf: 25/250 (25 PDFs)
docxide-pdf: 50/250 (50 PDFs)
docxide-pdf: 75/250 (75 PDFs)
docxide-pdf: 100/250 (100 PDFs)
docxide-pdf: 125/250 (125 PDFs)
docxide-pdf: 150/250 (150 PDFs)
docxide-pdf: 175/250 (175 PDFs)
docxide-pdf: 200/250 (200 PDFs)
docxide-pdf: 225/250 (225 PDFs)
docxide-pdf: 250/250 (250 PDFs)
soffice: 25/250 (25 PDFs)
soffice: 50/250 (50 PDFs)
soffice: 75/250 (75 PDFs)
soffice: 100/250 (100 PDFs)
soffice: 125/250 (125 PDFs)
soffice: 150/250 (150 PDFs)
soffice: 175/250 (175 PDFs)
soffice: 200/250 (200 PDFs)
soffice: 225/250 (224 PDFs)
soffice: 250/250 (249 PDFs)
office2pdf: 25/250 (25 PDFs)
office2pdf: 50/250 (50 PDFs)
office2pdf: 75/250 (75 PDFs)
office2pdf: 100/250 (100 PDFs)
office2pdf: 125/250 (125 PDFs)
office2pdf: 150/250 (150 PDFs)
office2pdf: 175/250 (175 PDFs)
office2pdf: 200/250 (200 PDFs)
office2pdf: 225/250 (225 PDFs)
office2pdf: 250/250 (250 PDFs)
office2pdf-lib: 25/250 (25 PDFs)
office2pdf-lib: 50/250 (50 PDFs)
office2pdf-lib: 75/250 (75 PDFs)
office2pdf-lib: 100/250 (100 PDFs)
office2pdf-lib: 125/250 (125 PDFs)
office2pdf-lib: 150/250 (150 PDFs)
office2pdf-lib: 175/250 (175 PDFs)
office2pdf-lib: 200/250 (200 PDFs)
office2pdf-lib: 225/250 (225 PDFs)
office2pdf-lib: 250/250 (250 PDFs)
genoffice: 25/250 (25 PDFs)
genoffice: 50/250 (50 PDFs)
genoffice: 75/250 (75 PDFs)
genoffice: 100/250 (100 PDFs)
genoffice: 125/250 (125 PDFs)
genoffice: 150/250 (150 PDFs)
genoffice: 175/250 (175 PDFs)
jubarte: 250/250 (250 PDFs, all present)
docxide-pdf: 250/250 (250 PDFs, all present)
soffice: 250/250 (249 PDFs)
office2pdf: 250/250 (250 PDFs, all present)
office2pdf-lib: 250/250 (250 PDFs, all present)
genoffice: 200/250 (200 PDFs)
genoffice: 225/250 (225 PDFs)
genoffice: 250/250 (250 PDFs)
rdocx: 25/250 (25 PDFs)
rdocx: 50/250 (49 PDFs)
rdocx: 75/250 (73 PDFs)
rdocx: 100/250 (96 PDFs)
rdocx: 125/250 (119 PDFs)
rdocx: 150/250 (144 PDFs)
rdocx: 175/250 (167 PDFs)
rdocx: 200/250 (192 PDFs)
rdocx: 225/250 (217 PDFs)
rdocx: 250/250 (242 PDFs)
dxpdf: 25/250 (18 PDFs)
dxpdf: 50/250 (39 PDFs)
dxpdf: 75/250 (58 PDFs)
dxpdf: 100/250 (81 PDFs)
dxpdf: 125/250 (101 PDFs)
dxpdf: 150/250 (123 PDFs)
dxpdf: 175/250 (147 PDFs)
dxpdf: 200/250 (171 PDFs)
dxpdf: 225/250 (196 PDFs)
dxpdf: 250/250 (221 PDFs)
pdfitdown: 25/250 (25 PDFs)
pdfitdown: 50/250 (50 PDFs)
pdfitdown: 75/250 (75 PDFs)
pdfitdown: 100/250 (100 PDFs)
pdfitdown: 125/250 (124 PDFs)
pdfitdown: 150/250 (149 PDFs)
pdfitdown: 175/250 (174 PDFs)
pdfitdown: 200/250 (199 PDFs)
pdfitdown: 225/250 (223 PDFs)
pdfitdown: 250/250 (248 PDFs)
libreoffice_convert_rust: 25/250 (25 PDFs)
libreoffice_convert_rust: 50/250 (50 PDFs)
libreoffice_convert_rust: 75/250 (75 PDFs)
libreoffice_convert_rust: 100/250 (100 PDFs)
libreoffice_convert_rust: 125/250 (125 PDFs)
libreoffice_convert_rust: 150/250 (150 PDFs)
libreoffice_convert_rust: 175/250 (175 PDFs)
libreoffice_convert_rust: 200/250 (200 PDFs)
libreoffice_convert_rust: 225/250 (224 PDFs)
libreoffice_convert_rust: 250/250 (249 PDFs)
doxx: 25/250 (0 PDFs)
doxx: 50/250 (0 PDFs)
doxx: 75/250 (0 PDFs)
doxx: 100/250 (0 PDFs)
doxx: 125/250 (0 PDFs)
doxx: 150/250 (0 PDFs)
doxx: 175/250 (0 PDFs)
doxx: 200/250 (0 PDFs)
doxx: 225/250 (0 PDFs)
doxx: 250/250 (0 PDFs)
pymupdf-pro: 25/250 (25 PDFs)
pymupdf-pro: 50/250 (49 PDFs)
pymupdf-pro: 75/250 (73 PDFs)
pymupdf-pro: 100/250 (98 PDFs)
pymupdf-pro: 125/250 (122 PDFs)
pymupdf-pro: 150/250 (147 PDFs)
pymupdf-pro: 175/250 (171 PDFs)
pymupdf-pro: 200/250 (196 PDFs)
pymupdf-pro: 225/250 (221 PDFs)
pymupdf-pro: 250/250 (246 PDFs)
