scoring jubarte vs Word oracle (250 docs)
jubarte pixel: 250/250 converted
scoring jubarte with docxide-pdf metrics (250 docs)
jubarte docxide: 250/250 converted
docxide-pdf pixel: exists, skipped
docxide-pdf docxide: exists, skipped
soffice pixel: exists, skipped
soffice docxide: exists, skipped
scoring office2pdf vs Word oracle (250 docs)
office2pdf pixel: 250/250 converted
scoring office2pdf with docxide-pdf metrics (250 docs)
office2pdf docxide: 250/250 converted
scoring office2pdf-lib vs Word oracle (250 docs)
office2pdf-lib pixel: 250/250 converted
scoring office2pdf-lib with docxide-pdf metrics (250 docs)
office2pdf-lib docxide: 250/250 converted
scoring genoffice vs Word oracle (250 docs)
genoffice pixel: 250/250 converted
scoring genoffice with docxide-pdf metrics (250 docs)
genoffice docxide: 250/250 converted
scoring rdocx vs Word oracle (250 docs)
rdocx pixel: 242/250 converted
scoring rdocx with docxide-pdf metrics (250 docs)
rdocx docxide: 242/250 converted
scoring dxpdf vs Word oracle (250 docs)
dxpdf pixel: 221/250 converted
scoring dxpdf with docxide-pdf metrics (250 docs)
dxpdf docxide: 221/250 converted
scoring pdfitdown vs Word oracle (250 docs)
pdfitdown pixel: 248/250 converted
scoring pdfitdown with docxide-pdf metrics (250 docs)
pdfitdown docxide: 248/250 converted
scoring libreoffice_convert_rust vs Word oracle (250 docs)
libreoffice_convert_rust pixel: 249/250 converted
scoring libreoffice_convert_rust with docxide-pdf metrics (250 docs)
libreoffice_convert_rust docxide: 249/250 converted
scoring doxx vs Word oracle (250 docs)
doxx pixel: 0/250 converted
scoring doxx with docxide-pdf metrics (250 docs)
doxx docxide: 0/250 converted
pymupdf-pro pixel: exists, skipped
pymupdf-pro docxide: exists, skipped
# Mini-bench jubarte093_le3_w200

200 worst + 50 spread documents of jubarte jubarte 0.9.3 (pixel, run `01a0e901-afd3-7244-8910-9b1e4bb85dd9`, 2626 documents). Rule: ascending (score, key); worst = first n; spread = midpoint of each of n//4 equal strata of the rest. The list is `selection.csv`.

Every column is intent-to-treat over the selection: a document a tool did not convert counts 0. Pixel is the bench scorer (144 DPI); Jaccard and text boundary are the docxide-pdf metrics (150 DPI).

| Tool | Version | PDFs /250 | Pixel mean | Pixel median | Jaccard mean | Text boundary mean | Pixel mean, worst | Pixel mean, spread |
|---|---|---|---|---|---|---|---|---|
| jubarte | jubarte 0.10.0@86b6b5d3 | 250 | 55.28 | 50.69 | 32.22 | 48.51 | 48.08 | 84.10 |
| soffice | LibreOffice 26.8.0.3 bce0998afefdbc355585ca324285661a2170ba77 | 249 | 54.28 | 50.00 | 22.55 | 51.85 | 50.61 | 68.96 |
| libreoffice_convert_rust | LibreOffice Convert Rust v0.1.0 | 249 | 54.28 | 50.00 | 22.55 | 51.85 | 50.60 | 68.96 |
| pymupdf-pro | pymupdf-pro 1.28.2 (unlicensed, first 3 pages) | 246 | 48.83 | 46.85 | 18.38 | 31.59 | 44.91 | 64.53 |
| genoffice | genoffice 0.11.0 | 250 | 48.03 | 45.29 | 15.95 | 39.04 | 44.09 | 63.81 |
| docxide-pdf | docxide-pdf v0.17.1 | 250 | 46.52 | 44.86 | 15.33 | 27.88 | 43.47 | 58.73 |
| pdfitdown | pdfitdown 4.0.0 | 248 | 41.62 | 40.38 | 8.97 | 15.25 | 38.56 | 53.86 |
| office2pdf | office2pdf 0.8.0 | 250 | 41.20 | 39.51 | 9.36 | 16.91 | 37.77 | 54.91 |
| office2pdf-lib | office2pdf 0.8.0 (library, tools/d2p-warm) | 250 | 41.20 | 39.51 | 9.36 | 16.91 | 37.77 | 54.91 |
| rdocx | rdocx 0.14.0 | 242 | 40.82 | 41.16 | 8.19 | 18.64 | 38.25 | 51.10 |
| dxpdf | dxpdf 0.8.1 | 221 | 39.61 | 42.77 | 10.86 | 24.16 | 36.29 | 52.90 |
| doxx | doxx 0.1.4 | 0 | 0.00 | 0.00 | 0.00 | 0.00 | 0.00 | 0.00 |
