redline_speed_bench: collecting up to 1000 fixtures
  dirs:
    /Users/arthrod/temp/T/neurotic_docx_bench/corpus/word_based/docx_source
    /Users/arthrod/temp/T/neurotic_docx_bench/corpus/word_based/docx_source_randomized
    /Users/arthrod/temp/T/neurotic_docx_bench/corpus/word_based/docx_accepted_word
    /Users/arthrod/temp/T/neurotic_docx_bench/corpus/no_comments_pdf_was_generated_by_word/docx_source
    /Users/arthrod/temp/T/neurotic_docx_bench/corpus/no_comments_pdf_was_generated_by_word/docx_accepted_word
    /Users/arthrod/temp/T/neurotic_docx_bench/corpus/word_based/docx_redlines_word
    /Users/arthrod/temp/T/neurotic_docx_bench/corpus/no_comments_pdf_was_generated_by_word/docx_redlines_word
  unique fixtures: 1000 (target 1000)
  loaded 32.4 MiB in 178.557ms
  pairs=5000 (min=5000, seed=42, rounds≈5)
  methods=jubarte-rust-inproc, jubarte-rust, jubarte-wasm warmup=50 reps=1 profile=false
  jubarte-dist=/Users/arthrod/temp/T/neurotic_docx_bench/dist/jubarte-final
  rust-dist=/Users/arthrod/temp/T/neurotic_docx_bench/src/neurotic_docx_bench/utils/jubarte/jubarte-rust
  csharp-dist=/Users/arthrod/temp/T/ooxmlsdk/Docxodus/tools/redline/bin/Release/net8.0
  csharp-inproc-dist=/Users/arthrod/temp/T/neurotic_docx_bench/src/neurotic_docx_bench/utils/docxodus/docxodus-csharp-inproc/bin/Release/net8.0
  rust-inproc-dist=/Users/arthrod/temp/T/neurotic_docx_bench/src/neurotic_docx_bench/utils/jubarte/jubarte-rust
  wasm-dist=/Users/arthrod/temp/T/neurotic_docx_bench/src/neurotic_docx_bench/utils/jubarte/jubarte-wasm
  out=/Users/arthrod/temp/T/neurotic_docx_bench/results/redline_speed_bench/w7-wasm-inproc-cli-c7c7fbf

▶ jubarte-rust-inproc (engine=jubarte-rust-inproc, dist=/Users/arthrod/temp/T/neurotic_docx_bench/src/neurotic_docx_bench/utils/jubarte/jubarte-rust, native=false)
  init 3.001ms
  wall 165.25s  median 8.54ms  mean 33.05ms  p95 138.57ms  p99 231.75ms  30.3/s  (n=5000, fail=0)

▶ jubarte-rust (engine=jubarte-rust, dist=/Users/arthrod/temp/T/neurotic_docx_bench/src/neurotic_docx_bench/utils/jubarte/jubarte-rust, native=true)
  init 0.153ms
  wall 176.05s  median 11.04ms  mean 35.21ms  p95 136.25ms  p99 243.78ms  28.4/s  (n=5000, fail=0)

▶ jubarte-wasm (engine=jubarte-wasm, dist=/Users/arthrod/temp/T/neurotic_docx_bench/src/neurotic_docx_bench/utils/jubarte/jubarte-wasm, native=false)
  init 5.809ms
  wall 224.67s  median 11.07ms  mean 44.93ms  p95 193.74ms  p99 292.90ms  22.3/s  (n=5000, fail=0)

# redline_speed_bench (speed_redlines)

- **fixtures:** 1000 unique (target 1000) from 7 dirs
- **pairs:** 5000 (every fixture × random partner, seed=42, min=5000)
- **warmup:** 50  **reps:** 1
- **run_ts:** 2026-07-17T04:26:33.023Z

| rank | tool | median ms | mean ms | p95 | p99 | /s | wall s | fail | n | profile |
| ---: | --- | ---: | ---: | ---: | ---: | ---: | ---: | ---: | ---: | --- |
| 1 | jubarte-rust-inproc | 8.54 | 33.049 | 138.572 | 231.746 | 30.3 | 165.25 | 0 | 5000 | — |
| 2 | jubarte-rust | 11.035 | 35.209 | 136.252 | 243.784 | 28.4 | 176.05 | 0 | 5000 | — |
| 3 | jubarte-wasm | 11.069 | 44.933 | 193.744 | 292.899 | 22.3 | 224.67 | 0 | 5000 | — |

## Profiles

Native engines use **samply** (open in Firefox Profiler / samply load):

```bash
npx speedscope /Users/arthrod/temp/T/neurotic_docx_bench/results/redline_speed_bench/w7-wasm-inproc-cli-c7c7fbf/cpu/jubarte-rust-inproc.cpuprofile
samply load /Users/arthrod/temp/T/neurotic_docx_bench/results/redline_speed_bench/w7-wasm-inproc-cli-c7c7fbf/cpu/jubarte-rust.profile.json.gz
npx speedscope /Users/arthrod/temp/T/neurotic_docx_bench/results/redline_speed_bench/w7-wasm-inproc-cli-c7c7fbf/cpu/jubarte-wasm.cpuprofile
```

## Fairness

- **docxodus-csharp / jubarte-rust:** CLI — **one process per redline** (spawn + I/O + compare). C# pays large .NET cold-start; Rust starts in a few ms.
- **docxodus-csharp-inproc / jubarte-rust-inproc:** **warm process** — same algorithms as the CLIs (`DocxDiffOps.Compare` / `compare_documents`), long-lived stdin worker. **This is the fair algorithm comparison.**
- **docxodus:** npm WASM package (`compareDocuments`) — Mono/.NET WASM in-process after one-time `initialize()`.
- **jubarte-wasm:** canonical jubarte-redlines source via **wasm-pack** + **wasm-opt -O3** (`wasm32-unknown-unknown` + wasm-bindgen). Same `compare_documents` as native Rust, hosted in V8 WASM — fair peer of docxodus WASM.
- **jubarte-native / jubarte-lossless:** in-memory Node Uint8Array compare when included.


✔ /Users/arthrod/temp/T/neurotic_docx_bench/results/redline_speed_bench/w7-wasm-inproc-cli-c7c7fbf/report.md
✔ /Users/arthrod/temp/T/neurotic_docx_bench/results/redline_speed_bench/w7-wasm-inproc-cli-c7c7fbf/summary.json
✔ /Users/arthrod/temp/T/neurotic_docx_bench/results/redline_speed_bench/w7-wasm-inproc-cli-c7c7fbf/speed.jsonl
✔ results/speed.jsonl (appended kind=speed_redlines)
