2026-09-30 03:23:58.309 | INFO     | word_pdf:preflight:1812 -  preflight: 
open_documents=0 started_clean=True launched_by_us=False close_documents=True
2026-09-30 03:23:58.336 | INFO     | word_pdf:convert_folder:1486 -  export: 
one_osascript=True documents=100 accept_all=True reject_all=False
2026-09-30 03:24:33.584 | INFO     | word_pdf:_convert_batched:1685 -  one 
osascript for 100 document(s)
2026-09-30 03:24:38.608 | INFO     | __main__:_loop:231 -  3/100
2026-09-30 03:24:43.624 | INFO     | __main__:_loop:231 -  4/100
2026-09-30 03:24:48.631 | INFO     | __main__:_loop:246 -  item 5/100 not saved 
after 5 s; checking Word
2026-09-30 03:25:16.720 | INFO     | __main__:_loop:246 -  item 5/100 not saved 
after 33 s; checking Word
2026-09-30 03:25:39.105 | WARNING  | __main__:_report:208 -  item 5/100 open for
more than 30 s:
-- Word windows {name, subrole}: osascript timed out
-- Word window text: 
-- crash reporters: 
-- batch-pdf-1.log:
        0
        1
        2
        3
-- newest diagnostic reports: AppCleaner-2026-09-30-001317.ips, 
biome-2026-09-29-094107.ips, soffice-2026-09-28-104720.ips, 
soffice-2026-09-28-105517.ips, soffice-2026-09-28-105123.000.ips
2026-09-30 03:25:44.769 | INFO     | __main__:_loop:246 -  item 5/100 not saved 
after 61 s; checking Word
2026-09-30 03:26:12.829 | INFO     | __main__:_loop:246 -  item 5/100 not saved 
after 89 s; checking Word
2026-09-30 03:26:40.868 | INFO     | __main__:_loop:246 -  item 5/100 not saved 
after 117 s; checking Word
2026-09-30 03:27:08.915 | INFO     | __main__:_loop:246 -  item 5/100 not saved 
after 145 s; checking Word
2026-09-30 03:27:36.991 | INFO     | __main__:_loop:246 -  item 5/100 not saved 
after 173 s; checking Word
2026-09-30 03:28:05.024 | INFO     | __main__:_loop:246 -  item 5/100 not saved 
after 201 s; checking Word
2026-09-30 03:28:33.093 | INFO     | __main__:_loop:246 -  item 5/100 not saved 
after 229 s; checking Word
2026-09-30 03:29:01.148 | INFO     | __main__:_loop:246 -  item 5/100 not saved 
after 258 s; checking Word
2026-09-30 03:29:29.250 | INFO     | __main__:_loop:246 -  item 5/100 not saved 
after 286 s; checking Word
2026-09-30 03:29:57.305 | INFO     | __main__:_loop:246 -  item 5/100 not saved 
after 314 s; checking Word
2026-09-30 03:30:25.405 | INFO     | __main__:_loop:246 -  item 5/100 not saved 
after 342 s; checking Word
2026-09-30 03:30:42.773 | WARNING  | word_pdf:run_batch_with_resume:1206 -  95 
item(s) never reached (ended without reaching them); recycling Word and retrying
the rest first, retried items last (pass 2, 1 of 3 stalled passes used)
2026-09-30 03:30:42.775 | WARNING  | word_pdf♻725 -  restarting a Word this run 
did not launch. If you set "Optimize for: Best for printing" by hand, re-check 
it before trusting the PDFs rendered after this point.
2026-09-30 03:30:42.776 | WARNING  | word_pdf♻731 -  recycling (restart 1)
2026-09-30 03:31:07.949 | INFO     | word_pdf:_note_buttons:510 -  Microsoft 
Word shows button 'missing value'
2026-09-30 03:31:15.181 | INFO     | __main__:_loop:231 -  3/95
2026-09-30 03:31:20.212 | INFO     | __main__:_loop:231 -  7/95
2026-09-30 03:31:25.233 | INFO     | __main__:_loop:231 -  10/95
2026-09-30 03:31:30.268 | INFO     | __main__:_loop:231 -  13/95
2026-09-30 03:31:35.288 | INFO     | __main__:_loop:231 -  18/95
2026-09-30 03:31:40.309 | INFO     | __main__:_loop:231 -  21/95
2026-09-30 03:31:45.337 | INFO     | __main__:_loop:231 -  25/95
2026-09-30 03:31:50.367 | INFO     | __main__:_loop:231 -  28/95
2026-09-30 03:31:55.389 | INFO     | __main__:_loop:231 -  33/95
2026-09-30 03:32:00.419 | INFO     | __main__:_loop:231 -  36/95
2026-09-30 03:32:05.442 | INFO     | __main__:_loop:231 -  41/95
2026-09-30 03:32:10.467 | INFO     | __main__:_loop:231 -  45/95
2026-09-30 03:32:15.504 | INFO     | __main__:_loop:231 -  49/95
2026-09-30 03:32:20.526 | INFO     | __main__:_loop:231 -  52/95
2026-09-30 03:32:25.551 | INFO     | __main__:_loop:231 -  56/95
2026-09-30 03:32:30.573 | INFO     | __main__:_loop:231 -  60/95
2026-09-30 03:32:35.607 | INFO     | __main__:_loop:231 -  64/95
2026-09-30 03:32:40.630 | INFO     | __main__:_loop:231 -  68/95
2026-09-30 03:32:45.646 | INFO     | __main__:_loop:231 -  72/95
2026-09-30 03:32:50.676 | INFO     | __main__:_loop:231 -  76/95
2026-09-30 03:32:55.699 | INFO     | __main__:_loop:231 -  81/95
2026-09-30 03:33:00.722 | INFO     | __main__:_loop:231 -  87/95
2026-09-30 03:33:05.744 | INFO     | __main__:_loop:231 -  94/95
2026-09-30 03:33:06.488 | ERROR    | word_pdf:_convert_batched:1730 -  FAIL: 
1855b51281.docx — Microsoft Word got an error: AppleEvent timed out.
          accept all → DOCX + PDF:          
results/redlines_0929_full/jubarte-rust/acce
                  pted/src                  
┏━━━━━━━━━━━━━━━━━━━━━━━━━━━━━━━━━━┳━━━━━━━┓
┃ outcome                          ┃ count ┃
┡━━━━━━━━━━━━━━━━━━━━━━━━━━━━━━━━━━╇━━━━━━━┩
│ converted                        │    99 │
│ skipped (exists)                 │     0 │
│ failed                           │     1 │
│ seconds per document (batch avg) │   5.1 │
└──────────────────────────────────┴───────┘
  FAIL 1855b51281.docx: Microsoft Word got an error: AppleEvent timed out.
