converting with jubarte (398 docs)
jubarte converted 10/398 (0 failures)
jubarte converted 20/398 (0 failures)
jubarte converted 30/398 (0 failures)
jubarte converted 40/398 (0 failures)
jubarte converted 50/398 (0 failures)
jubarte converted 60/398 (0 failures)
jubarte converted 70/398 (0 failures)
jubarte converted 80/398 (0 failures)
jubarte converted 90/398 (0 failures)
jubarte converted 100/398 (0 failures)
jubarte converted 110/398 (0 failures)
jubarte converted 120/398 (0 failures)
jubarte converted 130/398 (0 failures)
jubarte converted 140/398 (0 failures)
jubarte converted 150/398 (0 failures)
jubarte converted 160/398 (0 failures)
jubarte converted 170/398 (0 failures)
jubarte converted 180/398 (0 failures)
jubarte converted 190/398 (0 failures)
jubarte converted 200/398 (0 failures)
jubarte converted 210/398 (0 failures)
jubarte converted 220/398 (0 failures)
jubarte converted 230/398 (0 failures)
jubarte converted 240/398 (0 failures)
jubarte converted 250/398 (0 failures)
jubarte converted 260/398 (0 failures)
jubarte converted 270/398 (0 failures)
jubarte converted 280/398 (0 failures)
jubarte converted 290/398 (0 failures)
jubarte converted 300/398 (0 failures)
jubarte converted 310/398 (0 failures)
jubarte converted 320/398 (0 failures)
jubarte converted 330/398 (0 failures)
jubarte converted 340/398 (0 failures)
jubarte converted 350/398 (0 failures)
jubarte converted 360/398 (0 failures)
jubarte converted 370/398 (0 failures)
jubarte converted 380/398 (0 failures)
jubarte converted 390/398 (0 failures)
jubarte converted 398/398 (0 failures)
scoring jubarte vs Word oracle (398 docs)
converting with rdocx (398 docs)
rdocx converted 10/398 (0 failures)
rdocx converted 20/398 (0 failures)
rdocx converted 30/398 (0 failures)
rdocx converted 40/398 (0 failures)
rdocx converted 50/398 (0 failures)
rdocx converted 60/398 (0 failures)
rdocx converted 70/398 (0 failures)
rdocx converted 80/398 (0 failures)
rdocx converted 90/398 (0 failures)
rdocx converted 100/398 (0 failures)
rdocx converted 110/398 (0 failures)
rdocx converted 120/398 (0 failures)
rdocx converted 130/398 (0 failures)
rdocx converted 140/398 (0 failures)
rdocx converted 150/398 (0 failures)
rdocx converted 160/398 (0 failures)
rdocx converted 170/398 (0 failures)
rdocx converted 180/398 (0 failures)
rdocx converted 190/398 (0 failures)
rdocx converted 200/398 (0 failures)
rdocx converted 210/398 (0 failures)
rdocx converted 220/398 (0 failures)
rdocx converted 230/398 (0 failures)
rdocx converted 240/398 (0 failures)
rdocx converted 250/398 (0 failures)
rdocx converted 260/398 (0 failures)
rdocx converted 270/398 (0 failures)
rdocx converted 280/398 (0 failures)
rdocx converted 290/398 (0 failures)
rdocx converted 300/398 (0 failures)
rdocx converted 310/398 (0 failures)
rdocx converted 320/398 (0 failures)
rdocx converted 330/398 (0 failures)
rdocx converted 340/398 (0 failures)
rdocx converted 350/398 (0 failures)
rdocx converted 360/398 (0 failures)
rdocx converted 370/398 (0 failures)
rdocx converted 380/398 (0 failures)
rdocx converted 390/398 (0 failures)
rdocx converted 398/398 (0 failures)
scoring rdocx vs Word oracle (398 docs)
converting with office2pdf (398 docs)
office2pdf converted 10/398 (1 failures)
office2pdf converted 20/398 (1 failures)
office2pdf converted 30/398 (1 failures)
office2pdf converted 40/398 (1 failures)
office2pdf converted 50/398 (1 failures)
office2pdf converted 60/398 (1 failures)
office2pdf converted 70/398 (1 failures)
office2pdf converted 80/398 (1 failures)
office2pdf converted 90/398 (1 failures)
office2pdf converted 100/398 (1 failures)
office2pdf converted 110/398 (2 failures)
office2pdf converted 120/398 (2 failures)
office2pdf converted 130/398 (2 failures)
office2pdf converted 140/398 (2 failures)
office2pdf converted 150/398 (3 failures)
office2pdf converted 160/398 (3 failures)
office2pdf converted 170/398 (3 failures)
office2pdf converted 180/398 (3 failures)
office2pdf converted 190/398 (4 failures)
office2pdf converted 200/398 (5 failures)
office2pdf converted 210/398 (5 failures)
office2pdf converted 220/398 (6 failures)
office2pdf converted 230/398 (6 failures)
office2pdf converted 240/398 (6 failures)
office2pdf converted 250/398 (6 failures)
office2pdf converted 260/398 (6 failures)
office2pdf converted 270/398 (6 failures)
office2pdf converted 280/398 (6 failures)
office2pdf converted 290/398 (6 failures)
office2pdf converted 300/398 (7 failures)
office2pdf converted 310/398 (8 failures)
office2pdf converted 320/398 (8 failures)
office2pdf converted 330/398 (8 failures)
office2pdf converted 340/398 (8 failures)
office2pdf converted 350/398 (8 failures)
office2pdf converted 360/398 (8 failures)
office2pdf converted 370/398 (8 failures)
office2pdf converted 380/398 (8 failures)
office2pdf converted 390/398 (8 failures)
office2pdf converted 398/398 (8 failures)
scoring office2pdf vs Word oracle (398 docs)
converting with pdfitdown (398 docs)
pdfitdown converted 10/398 (1 failures)
pdfitdown converted 20/398 (1 failures)
pdfitdown converted 30/398 (1 failures)
pdfitdown converted 40/398 (1 failures)
pdfitdown converted 50/398 (1 failures)
pdfitdown converted 60/398 (1 failures)
pdfitdown converted 70/398 (1 failures)
pdfitdown converted 80/398 (1 failures)
pdfitdown converted 90/398 (1 failures)
pdfitdown converted 100/398 (1 failures)
pdfitdown converted 110/398 (2 failures)
pdfitdown converted 120/398 (2 failures)
pdfitdown converted 130/398 (2 failures)
pdfitdown converted 140/398 (2 failures)
pdfitdown converted 150/398 (3 failures)
pdfitdown converted 160/398 (3 failures)
pdfitdown converted 170/398 (3 failures)
pdfitdown converted 180/398 (3 failures)
pdfitdown converted 190/398 (4 failures)
pdfitdown converted 200/398 (4 failures)
pdfitdown converted 210/398 (5 failures)
pdfitdown converted 220/398 (6 failures)
pdfitdown converted 230/398 (6 failures)
pdfitdown converted 240/398 (6 failures)
pdfitdown converted 250/398 (6 failures)
pdfitdown converted 260/398 (6 failures)
pdfitdown converted 270/398 (6 failures)
pdfitdown converted 280/398 (6 failures)
pdfitdown converted 290/398 (6 failures)
pdfitdown converted 300/398 (7 failures)
pdfitdown converted 310/398 (8 failures)
pdfitdown converted 320/398 (8 failures)
pdfitdown converted 330/398 (8 failures)
pdfitdown converted 340/398 (8 failures)
pdfitdown converted 350/398 (8 failures)
pdfitdown converted 360/398 (8 failures)
pdfitdown converted 370/398 (8 failures)
pdfitdown converted 380/398 (8 failures)
pdfitdown converted 390/398 (8 failures)
pdfitdown converted 398/398 (8 failures)
scoring pdfitdown vs Word oracle (398 docs)
converting with doxx (398 docs)
doxx converted 10/398 (10 failures)
doxx converted 20/398 (20 failures)
doxx converted 30/398 (30 failures)
doxx converted 40/398 (40 failures)
doxx converted 50/398 (50 failures)
doxx converted 60/398 (60 failures)
doxx converted 70/398 (70 failures)
doxx converted 80/398 (80 failures)
doxx converted 90/398 (90 failures)
doxx converted 100/398 (100 failures)
doxx converted 110/398 (110 failures)
doxx converted 120/398 (120 failures)
doxx converted 130/398 (130 failures)
doxx converted 140/398 (140 failures)
doxx converted 150/398 (150 failures)
doxx converted 160/398 (160 failures)
doxx converted 170/398 (170 failures)
doxx converted 180/398 (180 failures)
doxx converted 190/398 (190 failures)
doxx converted 200/398 (200 failures)
doxx converted 210/398 (210 failures)
doxx converted 220/398 (220 failures)
doxx converted 230/398 (230 failures)
doxx converted 240/398 (240 failures)
doxx converted 250/398 (250 failures)
doxx converted 260/398 (260 failures)
doxx converted 270/398 (270 failures)
doxx converted 280/398 (280 failures)
doxx converted 290/398 (290 failures)
doxx converted 300/398 (300 failures)
doxx converted 310/398 (310 failures)
doxx converted 320/398 (320 failures)
doxx converted 330/398 (330 failures)
doxx converted 340/398 (340 failures)
doxx converted 350/398 (350 failures)
doxx converted 360/398 (360 failures)
doxx converted 370/398 (370 failures)
doxx converted 380/398 (380 failures)
doxx converted 390/398 (390 failures)
doxx converted 398/398 (398 failures)
scoring doxx vs Word oracle (398 docs)
docx-to-pdf  n=398  jubarte: scored=398 itt=398 mean=66.2471 median=67.3859 
fail=0  rdocx: scored=398 itt=398 mean=59.1141 median=54.4933 fail=0  
office2pdf: scored=390 itt=398 mean=73.8171 median=84.3386 fail=8  pdfitdown: 
scored=390 itt=398 mean=73.8171 median=84.3386 fail=8  doxx: scored=0 itt=398 
mean=0.0 median=0.0 fail=398  → results/docx_to_pdf_no_redline.json
EXIT:0
