converting with docxide-pdf (398 docs)
docxide-pdf converted 10/398 (0 failures)
docxide-pdf converted 20/398 (0 failures)
docxide-pdf converted 30/398 (0 failures)
docxide-pdf converted 40/398 (0 failures)
docxide-pdf converted 50/398 (0 failures)
docxide-pdf converted 60/398 (0 failures)
docxide-pdf converted 70/398 (0 failures)
docxide-pdf converted 80/398 (0 failures)
docxide-pdf converted 90/398 (0 failures)
docxide-pdf converted 100/398 (0 failures)
docxide-pdf converted 110/398 (0 failures)
docxide-pdf converted 120/398 (0 failures)
docxide-pdf converted 130/398 (0 failures)
docxide-pdf converted 140/398 (0 failures)
docxide-pdf converted 150/398 (0 failures)
docxide-pdf converted 160/398 (0 failures)
docxide-pdf converted 170/398 (0 failures)
docxide-pdf converted 180/398 (0 failures)
docxide-pdf converted 190/398 (0 failures)
docxide-pdf converted 200/398 (0 failures)
docxide-pdf converted 210/398 (0 failures)
docxide-pdf converted 220/398 (0 failures)
docxide-pdf converted 230/398 (0 failures)
docxide-pdf converted 240/398 (0 failures)
docxide-pdf converted 250/398 (0 failures)
docxide-pdf converted 260/398 (0 failures)
docxide-pdf converted 270/398 (0 failures)
docxide-pdf converted 280/398 (0 failures)
docxide-pdf converted 290/398 (0 failures)
docxide-pdf converted 300/398 (0 failures)
docxide-pdf converted 310/398 (0 failures)
docxide-pdf converted 320/398 (0 failures)
docxide-pdf converted 330/398 (0 failures)
docxide-pdf converted 340/398 (0 failures)
docxide-pdf converted 350/398 (0 failures)
docxide-pdf converted 360/398 (0 failures)
docxide-pdf converted 370/398 (0 failures)
docxide-pdf converted 380/398 (0 failures)
docxide-pdf converted 390/398 (0 failures)
docxide-pdf converted 398/398 (0 failures)
scoring docxide-pdf with docxide-pdf metrics (398 docs)
docxide-metrics scored 10/398
docxide-metrics scored 20/398
docxide-metrics scored 30/398
docxide-metrics scored 40/398
docxide-metrics scored 50/398
docxide-metrics scored 60/398
docxide-metrics scored 70/398
docxide-metrics scored 80/398
docxide-metrics scored 90/398
docxide-metrics scored 100/398
docxide-metrics scored 110/398
docxide-metrics scored 120/398
docxide-metrics scored 130/398
docxide-metrics scored 140/398
docxide-metrics scored 150/398
docxide-metrics scored 160/398
docxide-metrics scored 170/398
docxide-metrics scored 180/398
docxide-metrics scored 190/398
docxide-metrics scored 200/398
docxide-metrics scored 210/398
docxide-metrics scored 220/398
docxide-metrics scored 230/398
docxide-metrics scored 240/398
docxide-metrics scored 250/398
docxide-metrics scored 260/398
docxide-metrics scored 270/398
docxide-metrics scored 280/398
docxide-metrics scored 290/398
docxide-metrics scored 300/398
docxide-metrics scored 310/398
docxide-metrics scored 320/398
docxide-metrics scored 330/398
docxide-metrics scored 340/398
docxide-metrics scored 350/398
docxide-metrics scored 360/398
docxide-metrics scored 370/398
docxide-metrics scored 380/398
docxide-metrics scored 390/398
docxide-metrics scored 398/398
wrote results/docxide_metrics_dfonts_work/docxide-pdf/scores.json
docxide-metrics  n=398  docxide-pdf: scored=398 jaccard=67.99/83.28 
ssim=78.63/97.66 textbnd=87.23/100.00 fail=0  → 
results/docxide_metrics_docxide_dfonts.json
