2026-10-01T00:33:54Z load1 2.5 (need < 9999.0), quiet 1/1
2026-10-01T00:33:57Z scoring 20 fixtures on numpy
2026-10-01T00:33:57Z scoring started, 20 documents
2026-10-01T00:37:36Z [1/20]   5.0%  45.54  tracking_without_comments__5fbd8a7228_39cd8347f53ac1b06a6eb59399aa12a9977b0233a38ddaff__vs__89d3a1c365_40d999f53c15fd5eb9e57ab8cf37f22f83d6823458897be1_redline_049d8405bc  (elapsed 219s, eta 4164s)
2026-10-01T00:38:14Z [2/20]  10.0%  51.11  clean__80e1256a8e_3832d29088f92183b9a5fbe7e9783104996aef6817f3f101  (elapsed 258s, eta 2318s)
2026-10-01T00:39:36Z [3/20]  15.0%  42.22  clean__19eb128df9_98bf5f3d218a1485f5eb284693b4f98725eadd3660097efd  (elapsed 339s, eta 1920s)
2026-10-01T00:39:37Z [4/20]  20.0%  50.49  clean__acce1b593c_4bb73d9addf1f02e3a2132dcd33a8feb4dfcbe076d43bb0f  (elapsed 340s, eta 1361s)
2026-10-01T00:39:38Z [5/20]  25.0%  49.49  clean__640ee26d10_57f96361b12bda78af9500fd6dafee31572e70a7333b47fd  (elapsed 341s, eta 1023s)
2026-10-01T00:39:39Z [6/20]  30.0%  49.37  clean__8116a767f0_723ae78054da0840fa9f450784fd17e0564865cb53a6bdd5  (elapsed 342s, eta 798s)
2026-10-01T00:39:46Z [7/20]  35.0%  51.67  tracking_without_comments__1068eb5017_793c14bc1529c16f30ac69b82ca152f39f534a1a3f3f90e4  (elapsed 349s, eta 648s)
2026-10-01T00:40:29Z [8/20]  40.0%  54.82  tracking_without_comments__c04ae787d4_db9f753f675d3ca91a08032d07e7ec0c156fa152de3bafa7__vs__8f36ed144a_d47020aa359686bd7cbbe016e04872fb31c3995f576a2f1d_redline_be59d358de  (elapsed 392s, eta 589s)
2026-10-01T00:40:44Z [9/20]  45.0%  41.92  clean__279da0a289_a4168b8a3243b602dbbc156765888e0596f9d3e4dac17549  (elapsed 407s, eta 497s)
2026-10-01T00:41:24Z [10/20]  50.0%  42.35  tracking_without_comments__4adc608648_2488d971f129d2ad9ee2746e23daeadffa071001e2686533__vs__279da0a289_a4168b8a3243b602dbbc156765888e0596f9d3e4dac17549_redline_bbfeb633fc  (elapsed 447s, eta 447s)
2026-10-01T00:42:40Z [11/20]  55.0%  49.57  tracking_without_comments__7e1d0dc896_db433183ef464aaaa01d37307a1b7476eb855adb2ab2e09c__vs__26eb0ecec7_9377099d26f30a542b1c1db6c87e2a15ce0c0e3fd1e8dc01_redline_0bc720e5fa  (elapsed 523s, eta 428s)
2026-10-01T00:44:12Z [12/20]  60.0%  47.48  clean__e448c8d465_9d3fc36405a3bcc0229f94b29cd91574878336de0992543d  (elapsed 615s, eta 410s)
2026-10-01T00:44:30Z [13/20]  65.0%  48.50  tracking_without_comments__af2ea13761_6a0524deb86b08f0fb55dcbb7d469deacb25532f08824945  (elapsed 633s, eta 341s)
2026-10-01T00:45:04Z [14/20]  70.0%  48.98  clean__9666fa13fb_a3701d3600ed5bf6c9bf13e12e4c2a59542eba10f87fad69  (elapsed 667s, eta 286s)
2026-10-01T00:45:04Z [15/20]  75.0%  49.00  tracking_without_comments__dc5d0f4350_f569a8b7a88800ca28451782130c35f897ec727ca8750a85__vs__ba6721eed7_1a61978f0ea0ee2ec6a626de46a977c15f84fe45e8c06d43_redline_cbf65aa629  (elapsed 667s, eta 222s)
2026-10-01T00:45:17Z [16/20]  80.0%  47.11  tracking_without_comments__9f6f60f1db_d0a7c31f8535690716639fce8eb4081cb831a0b1c893af9f__vs__8116a767f0_723ae78054da0840fa9f450784fd17e0564865cb53a6bdd5_redline_e633129040  (elapsed 680s, eta 170s)
2026-10-01T00:46:32Z [17/20]  85.0%  52.08  tracking_without_comments__d5049aaec2_c73c128db4c8f0b0683396b603a070256a36b398f91585f0__vs__3bea84268c_6cbf6dfdf4b28397138c88c0353584658ccd144a913ce03b_redline_b567087abf  (elapsed 755s, eta 133s)
2026-10-01T00:46:43Z [18/20]  90.0%  41.51  tracking_without_comments__19eb128df9_98bf5f3d218a1485f5eb284693b4f98725eadd3660097efd__vs__9666fa13fb_a3701d3600ed5bf6c9bf13e12e4c2a59542eba10f87fad69_redline_5b269ade28  (elapsed 766s, eta 85s)
2026-10-01T00:47:26Z [19/20]  95.0%  49.71  tracking_without_comments__acce1b593c_4bb73d9addf1f02e3a2132dcd33a8feb4dfcbe076d43bb0f__vs__4e2d5a0b0c_4887566b3c4aad8c7f07b4ba2637c0244a1ee0d66c8d0c29_redline_63ea4d3f8d  (elapsed 809s, eta 43s)
2026-10-01T00:48:15Z [20/20] 100.0%  50.40  tracking_without_comments__af2ea13761_6a0524deb86b08f0fb55dcbb7d469deacb25532f08824945__vs__1068eb5017_793c14bc1529c16f30ac69b82ca152f39f534a1a3f3f90e4_redline_5d8e97b0c5  (elapsed 858s, eta 0s)
2026-10-01T00:48:16Z numpy: 858.1s, mean 48.1649
2026-10-01T00:48:16Z scoring 20 fixtures on mps
2026-10-01T00:48:16Z scoring started, 20 documents
2026-10-01T00:51:39Z [1/20]   5.0%  45.54  tracking_without_comments__5fbd8a7228_39cd8347f53ac1b06a6eb59399aa12a9977b0233a38ddaff__vs__89d3a1c365_40d999f53c15fd5eb9e57ab8cf37f22f83d6823458897be1_redline_049d8405bc  (elapsed 203s, eta 3859s)
2026-10-01T00:52:28Z [2/20]  10.0%  51.11  clean__80e1256a8e_3832d29088f92183b9a5fbe7e9783104996aef6817f3f101  (elapsed 252s, eta 2270s)
2026-10-01T00:53:33Z [3/20]  15.0%  42.22  clean__19eb128df9_98bf5f3d218a1485f5eb284693b4f98725eadd3660097efd  (elapsed 318s, eta 1800s)
2026-10-01T00:53:36Z [4/20]  20.0%  49.49  clean__640ee26d10_57f96361b12bda78af9500fd6dafee31572e70a7333b47fd  (elapsed 320s, eta 1279s)
2026-10-01T00:53:38Z [5/20]  25.0%  50.49  clean__acce1b593c_4bb73d9addf1f02e3a2132dcd33a8feb4dfcbe076d43bb0f  (elapsed 322s, eta 967s)
2026-10-01T00:53:42Z [6/20]  30.0%  49.37  clean__8116a767f0_723ae78054da0840fa9f450784fd17e0564865cb53a6bdd5  (elapsed 326s, eta 761s)
2026-10-01T00:53:44Z [7/20]  35.0%  51.67  tracking_without_comments__1068eb5017_793c14bc1529c16f30ac69b82ca152f39f534a1a3f3f90e4  (elapsed 328s, eta 609s)
2026-10-01T00:54:32Z [8/20]  40.0%  54.82  tracking_without_comments__c04ae787d4_db9f753f675d3ca91a08032d07e7ec0c156fa152de3bafa7__vs__8f36ed144a_d47020aa359686bd7cbbe016e04872fb31c3995f576a2f1d_redline_be59d358de  (elapsed 376s, eta 565s)
2026-10-01T00:54:39Z [9/20]  45.0%  41.92  clean__279da0a289_a4168b8a3243b602dbbc156765888e0596f9d3e4dac17549  (elapsed 384s, eta 469s)
2026-10-01T00:55:09Z [10/20]  50.0%  42.35  tracking_without_comments__4adc608648_2488d971f129d2ad9ee2746e23daeadffa071001e2686533__vs__279da0a289_a4168b8a3243b602dbbc156765888e0596f9d3e4dac17549_redline_bbfeb633fc  (elapsed 413s, eta 413s)
2026-10-01T00:55:59Z [11/20]  55.0%  49.57  tracking_without_comments__7e1d0dc896_db433183ef464aaaa01d37307a1b7476eb855adb2ab2e09c__vs__26eb0ecec7_9377099d26f30a542b1c1db6c87e2a15ce0c0e3fd1e8dc01_redline_0bc720e5fa  (elapsed 463s, eta 379s)
2026-10-01T00:56:59Z [12/20]  60.0%  47.48  clean__e448c8d465_9d3fc36405a3bcc0229f94b29cd91574878336de0992543d  (elapsed 523s, eta 349s)
2026-10-01T00:57:17Z [13/20]  65.0%  48.50  tracking_without_comments__af2ea13761_6a0524deb86b08f0fb55dcbb7d469deacb25532f08824945  (elapsed 541s, eta 291s)
2026-10-01T00:57:40Z [14/20]  70.0%  48.98  clean__9666fa13fb_a3701d3600ed5bf6c9bf13e12e4c2a59542eba10f87fad69  (elapsed 564s, eta 242s)
2026-10-01T00:57:52Z [15/20]  75.0%  49.00  tracking_without_comments__dc5d0f4350_f569a8b7a88800ca28451782130c35f897ec727ca8750a85__vs__ba6721eed7_1a61978f0ea0ee2ec6a626de46a977c15f84fe45e8c06d43_redline_cbf65aa629  (elapsed 576s, eta 192s)
2026-10-01T00:58:00Z [16/20]  80.0%  47.11  tracking_without_comments__9f6f60f1db_d0a7c31f8535690716639fce8eb4081cb831a0b1c893af9f__vs__8116a767f0_723ae78054da0840fa9f450784fd17e0564865cb53a6bdd5_redline_e633129040  (elapsed 584s, eta 146s)
2026-10-01T00:58:45Z [17/20]  85.0%  52.08  tracking_without_comments__d5049aaec2_c73c128db4c8f0b0683396b603a070256a36b398f91585f0__vs__3bea84268c_6cbf6dfdf4b28397138c88c0353584658ccd144a913ce03b_redline_b567087abf  (elapsed 630s, eta 111s)
2026-10-01T00:58:52Z [18/20]  90.0%  41.51  tracking_without_comments__19eb128df9_98bf5f3d218a1485f5eb284693b4f98725eadd3660097efd__vs__9666fa13fb_a3701d3600ed5bf6c9bf13e12e4c2a59542eba10f87fad69_redline_5b269ade28  (elapsed 636s, eta 71s)
2026-10-01T00:59:24Z [19/20]  95.0%  49.71  tracking_without_comments__acce1b593c_4bb73d9addf1f02e3a2132dcd33a8feb4dfcbe076d43bb0f__vs__4e2d5a0b0c_4887566b3c4aad8c7f07b4ba2637c0244a1ee0d66c8d0c29_redline_63ea4d3f8d  (elapsed 669s, eta 35s)
2026-10-01T01:00:01Z [20/20] 100.0%  50.40  tracking_without_comments__af2ea13761_6a0524deb86b08f0fb55dcbb7d469deacb25532f08824945__vs__1068eb5017_793c14bc1529c16f30ac69b82ca152f39f534a1a3f3f90e4_redline_5d8e97b0c5  (elapsed 705s, eta 0s)
2026-10-01T01:00:04Z mps: 706.1s, mean 48.1649
{
  "started_at": "2026-10-01T00:33:54Z",
  "last_at": "2026-10-01T01:00:04Z",
  "speedup_mps_over_numpy": 1.215,
  "max_abs_score_diff": 0.0006660324784775185
}
