redline_speed_bench: 10000 planned pairs from results/speed_10k/pairs_10k.csv
  unique fixtures: 2565 (target 1000)
  loaded 266.1 MiB in 688.082ms
  resuming at p01335_word_compare: 8665 pairs left
  pairs=8665 (min=5000, seed=42, rounds≈1)
  methods=docxodus warmup=20 reps=1 profile=false
  jubarte-dist=/Users/arthrod/temp/T/neurotic_docx_bench/dist/jubarte-final
  rust-dist=/Users/arthrod/temp/T/neurotic_docx_bench/src/neurotic_docx_bench/utils/jubarte/jubarte-rust
  csharp-dist=/Users/arthrod/temp/T/ooxmlsdk/Docxodus/tools/redline/bin/Release/net10.0
  csharp-inproc-dist=/Users/arthrod/temp/T/neurotic_docx_bench/src/neurotic_docx_bench/utils/docxodus/docxodus-csharp-inproc/bin/Release/net10.0
  rust-inproc-dist=/Users/arthrod/temp/T/neurotic_docx_bench/src/neurotic_docx_bench/utils/jubarte/jubarte-rust
  wasm-dist=/Users/arthrod/temp/T/neurotic_docx_bench/src/neurotic_docx_bench/utils/jubarte/jubarte-wasm
  out=/Users/arthrod/temp/T/neurotic_docx_bench/results/speed_10k/redlines

▶ docxodus (engine=docxodus, dist=/Users/arthrod/temp/T/neurotic_docx_bench/dist/jubarte-final, native=false)
  [250/8665] failed 3 (2026-09-29T18:18:26.723Z)
  [500/8665] failed 3 (2026-09-29T18:18:41.674Z)
  [750/8665] failed 3 (2026-09-29T18:18:50.222Z)
  [1000/8665] failed 3 (2026-09-29T18:19:04.279Z)
  [1250/8665] failed 3 (2026-09-29T18:19:19.162Z)
  [1500/8665] failed 3 (2026-09-29T18:20:34.846Z)
  [1750/8665] failed 5 (2026-09-29T18:28:49.623Z)
  [2000/8665] failed 11 (2026-09-29T18:48:20.973Z)
  [2250/8665] failed 12 (2026-09-29T18:54:50.840Z)
  [2500/8665] failed 13 (2026-09-29T19:01:43.004Z)
  [2750/8665] failed 13 (2026-09-29T19:02:54.834Z)
  [3000/8665] failed 15 (2026-09-29T19:13:40.842Z)
  [3250/8665] failed 16 (2026-09-29T19:27:33.455Z)
  [3500/8665] failed 17 (2026-09-29T19:36:56.017Z)
  [3750/8665] failed 17 (2026-09-29T19:46:36.655Z)
  [4000/8665] failed 18 (2026-09-29T19:56:27.700Z)
  [4250/8665] failed 20 (2026-09-29T20:06:42.957Z)
  [4500/8665] failed 20 (2026-09-29T20:16:21.456Z)
  [4750/8665] failed 22 (2026-09-29T20:27:27.429Z)
  [5000/8665] failed 22 (2026-09-29T20:32:40.498Z)
  [5250/8665] failed 23 (2026-09-29T20:41:52.026Z)
  [5500/8665] failed 26 (2026-09-29T20:53:29.090Z)
  [5750/8665] failed 26 (2026-09-29T21:01:28.087Z)
  [6000/8665] failed 26 (2026-09-29T21:10:06.311Z)
  [6250/8665] failed 28 (2026-09-29T21:23:27.143Z)
  [6500/8665] failed 32 (2026-09-29T21:42:01.322Z)
  [6750/8665] failed 35 (2026-09-29T21:57:49.829Z)
  [7000/8665] failed 35 (2026-09-29T22:06:08.124Z)
  [7250/8665] failed 36 (2026-09-29T22:19:53.696Z)
  [7500/8665] failed 37 (2026-09-29T22:28:14.767Z)
  [7750/8665] failed 38 (2026-09-29T22:42:34.385Z)
  [8000/8665] failed 41 (2026-09-29T22:59:12.097Z)
  [8250/8665] failed 43 (2026-09-29T23:12:06.365Z)
  [8500/8665] failed 46 (2026-09-29T23:29:14.929Z)
  init 1777.637ms (child process), timeout 120000ms per pair
  wall 19820.02s  median 76.62ms  mean 1639.34ms  p95 6362.05ms  p99 38504.15ms  0.6/s  (n=8619, fail=46)

# redline_speed_bench (speed_redlines)

- **fixtures:** 2565 unique documents named by the plan
- **pairs:** 8665 planned in results/speed_10k/pairs_10k.csv
- **warmup:** 20  **reps:** 1
- **run_ts:** 2026-09-29T18:02:53.346Z

| rank | tool | median ms | mean ms | p95 | p99 | /s | wall s | fail | n | profile |
| ---: | --- | ---: | ---: | ---: | ---: | ---: | ---: | ---: | ---: | --- |
| 1 | docxodus | 76.619 | 1639.344 | 6362.051 | 38504.146 | 0.6 | 19820.02 | 46 | 8619 | — |

## Profiles

Native engines use **samply** (open in Firefox Profiler / samply load):

```bash
npx speedscope /Users/arthrod/temp/T/neurotic_docx_bench/results/speed_10k/redlines/cpu/docxodus.cpuprofile
```

## Fairness

- **docxodus-csharp / jubarte-rust:** CLI — **one process per redline** (spawn + I/O + compare). C# pays large .NET cold-start; Rust starts in a few ms.
- **docxodus-csharp-inproc / jubarte-rust-inproc:** **warm process** — same algorithms as the CLIs (`DocxDiffOps.Compare` / `compare_documents`), long-lived stdin worker. **This is the fair algorithm comparison.**
- **docxodus:** npm WASM package (`compareDocuments`) — Mono/.NET WASM in-process after one-time `initialize()`.
- **jubarte-wasm:** canonical jubarte-redlines source via **wasm-pack** + **wasm-opt -O3** (`wasm32-unknown-unknown` + wasm-bindgen). Same `compare_documents` as native Rust, hosted in V8 WASM — fair peer of docxodus WASM.
- **jubarte-native / jubarte-lossless:** in-memory Node Uint8Array compare when included.


✔ /Users/arthrod/temp/T/neurotic_docx_bench/results/speed_10k/redlines/report.md
✔ /Users/arthrod/temp/T/neurotic_docx_bench/results/speed_10k/redlines/summary.json
✔ /Users/arthrod/temp/T/neurotic_docx_bench/results/speed_10k/redlines/speed.jsonl
✔ results/speed.jsonl (appended kind=speed_redlines)
