
########## TypeScript 7 build + bench ##########

$ /Users/arthrod/.bun/bin/bun add -d typescript@7.0.2
bun add v1.3.14 (0d9b296a)
Saved lockfile

installed typescript@7.0.2 with binaries:
 - tsc

[177.00ms] done
typescript → 7.0.2

$ /Users/arthrod/.bun/bin/bun run build
$ tsdown --dts --config-loader tsx
ℹ tsdown v0.22.8 powered by rolldown v1.1.5
ℹ config file: /Users/arthrod/temp/T/jubarte-first/tsdown.config.ts (tsx)
ℹ [browser] entry: src/browser.ts, src/reader.browser.ts, src/writer.browser.ts, src/html.ts, src/pdf.ts, src/json.ts, src/compare.ts, src/structure.ts, src/semantic.browser.ts, src/lossless.browser.ts
ℹ [browser] target: es2022
ℹ [node] entry: src/node.ts, src/reader.node.ts, src/writer.node.ts, src/html.ts, src/pdf.ts, src/json.ts, src/compare.ts, src/structure.ts, src/semantic.node.ts, src/lossless.node.ts
ℹ [node] target: es2022
ℹ [browser] tsconfig: tsconfig.pack.json
ℹ [node] tsconfig: tsconfig.pack.json
ℹ Build start
ℹ Cleaning 183 files
ℹ Emit types with typescript@7.0.2
ℹ Emit types with typescript@7.0.2
ℹ Emit types with typescript@7.0.2
ℹ [node] [CJS] dist/lossless.node.cjs                        1.15 MB
ℹ [node] [CJS] dist/node.cjs                                 4.21 kB │ gzip:  1.67 kB
ℹ [node] [CJS] dist/semantic.node.cjs                        4.17 kB │ gzip:  1.65 kB
ℹ [node] [CJS] dist/reader.node.cjs                          3.29 kB │ gzip:  1.39 kB
ℹ [node] [CJS] dist/writer.node.cjs                          1.53 kB │ gzip:  0.75 kB
ℹ [node] [CJS] dist/structure.node.cjs                       1.00 kB │ gzip:  0.57 kB
ℹ [node] [CJS] dist/compare.node.cjs                         0.98 kB │ gzip:  0.56 kB
ℹ [node] [CJS] dist/json.node.cjs                            0.82 kB │ gzip:  0.50 kB
ℹ [node] [CJS] dist/html.node.cjs                            0.64 kB │ gzip:  0.43 kB
ℹ [node] [CJS] dist/pdf.node.cjs                             0.57 kB │ gzip:  0.39 kB
ℹ [node] [CJS] dist/html-CwOy-G2T.cjs                      182.66 kB │ gzip: 44.97 kB
ℹ [node] [CJS] dist/docx-reader-CslJOW2s.cjs               125.17 kB │ gzip: 37.38 kB
ℹ [node] [CJS] dist/node-BuN2PeBW.cjs                      115.27 kB │ gzip: 29.98 kB
ℹ [node] [CJS] dist/namespaces-BGD9BlCz.cjs                 95.22 kB │ gzip: 30.71 kB
ℹ [node] [CJS] dist/reader.node-dzAQfyCl.cjs                89.57 kB │ gzip: 25.74 kB
ℹ [node] [CJS] dist/normalize-BULQWuIo.cjs                  68.45 kB │ gzip: 20.42 kB
ℹ [node] [CJS] dist/JsonToWmlConverter-0yN_Vmc4.cjs         41.35 kB │ gzip: 11.46 kB
ℹ [node] [CJS] dist/document-xml-iB9wSCog.cjs               28.99 kB │ gzip:  9.04 kB
ℹ [node] [CJS] dist/headers-footers-DDcvNqVT.cjs            17.82 kB │ gzip:  4.85 kB
ℹ [node] [CJS] dist/node-DFOUzJ15.cjs                       17.02 kB │ gzip:  6.16 kB
ℹ [node] [CJS] dist/tracking-rqpS_OTC.cjs                   15.75 kB │ gzip:  5.05 kB
ℹ [node] [CJS] dist/theme-D7v__68C.cjs                      10.70 kB │ gzip:  2.91 kB
ℹ [node] [CJS] dist/normalize-styles-xml-C6xCfxcd.cjs        9.62 kB │ gzip:  3.64 kB
ℹ [node] [CJS] dist/office-xml-reader-KSIj9d5O.cjs           6.69 kB │ gzip:  2.29 kB
ℹ [node] [CJS] dist/xml-builder-shim-DGngb1Ow.cjs            5.91 kB │ gzip:  2.25 kB
ℹ [node] [CJS] dist/sdt-properties-CmQ_iU6x.cjs              4.56 kB │ gzip:  1.90 kB
ℹ [node] [CJS] dist/section-properties-CcB02w8e.cjs          4.54 kB │ gzip:  1.97 kB
ℹ [node] [CJS] dist/styles-reader-CaCxqjWp.cjs               3.81 kB │ gzip:  1.47 kB
ℹ [node] [CJS] dist/strip-drawing-extensions-BV60eZ4A.cjs    2.51 kB │ gzip:  1.16 kB
ℹ [node] [CJS] dist/zip-guard-bGzQ1aii.cjs                   1.89 kB │ gzip:  0.94 kB
ℹ [node] [CJS] dist/word-style-defaults-C6Kn2c8T.cjs         1.64 kB │ gzip:  0.88 kB
ℹ [node] [CJS] dist/word-headers-footers-ChB3gbCR.cjs        1.38 kB │ gzip:  0.79 kB
ℹ [node] [CJS] dist/rolldown-runtime-Ckf89mnv.cjs            1.15 kB │ gzip:  0.64 kB
ℹ [node] [CJS] dist/canonical-order-st4oypdq.cjs             1.15 kB │ gzip:  0.60 kB
ℹ [node] [CJS] dist/xml-guard-Bsz6zceW.cjs                   1.12 kB │ gzip:  0.71 kB
ℹ [node] [CJS] dist/escape-Bu279cQ0.cjs                      1.12 kB │ gzip:  0.54 kB
ℹ [node] [CJS] dist/ast-Bsc9uAhv.cjs                         0.98 kB │ gzip:  0.45 kB
ℹ [node] [CJS] dist/pdf-lib.node-Ddl-GXmD.cjs                0.88 kB │ gzip:  0.52 kB
ℹ [node] [CJS] dist/para-id-ByNQvi97.cjs                     0.43 kB │ gzip:  0.35 kB
ℹ [node] [CJS] 39 files, total: 2.02 MB
ℹ [node] [CJS] dist/lossless.node.d.cts                396.00 kB │ gzip: 87.89 kB
ℹ [node] [CJS] dist/node.d.cts                          11.61 kB │ gzip:  3.43 kB
ℹ [node] [CJS] dist/semantic.node.d.cts                 11.58 kB │ gzip:  3.42 kB
ℹ [node] [CJS] dist/reader.node.d.cts                   10.44 kB │ gzip:  3.13 kB
ℹ [node] [CJS] dist/compare.node.d.cts                   6.87 kB │ gzip:  2.46 kB
ℹ [node] [CJS] dist/structure.node.d.cts                 2.88 kB │ gzip:  1.04 kB
ℹ [node] [CJS] dist/json.node.d.cts                      1.63 kB │ gzip:  0.62 kB
ℹ [node] [CJS] dist/pdf.node.d.cts                       0.99 kB │ gzip:  0.47 kB
ℹ [node] [CJS] dist/writer.node.d.cts                    0.76 kB │ gzip:  0.44 kB
ℹ [node] [CJS] dist/html.node.d.cts                      0.65 kB │ gzip:  0.41 kB
ℹ [node] [CJS] dist/index-base-DbSLs8Gm.d.cts          112.65 kB │ gzip: 35.74 kB
ℹ [node] [CJS] dist/ast-B2UUBf_F.d.cts                  57.91 kB │ gzip: 17.01 kB
ℹ [node] [CJS] dist/node-DqZqaDZg.d.cts                 54.13 kB │ gzip: 14.26 kB
ℹ [node] [CJS] dist/normalize-BlyZJEYi.d.cts            24.59 kB │ gzip:  8.79 kB
ℹ [node] [CJS] dist/JsonToWmlConverter-DgKbHkpn.d.cts   16.77 kB │ gzip:  4.69 kB
ℹ [node] [CJS] dist/theme-sXSNnGmw.d.cts                13.29 kB │ gzip:  4.28 kB
ℹ [node] [CJS] dist/index-D3SuWhxl.d.cts                11.90 kB │ gzip:  2.79 kB
ℹ [node] [CJS] dist/ast-package-DWKZ4zqE.d.cts           5.03 kB │ gzip:  1.86 kB
ℹ [node] [CJS] dist/writer.node-DL5dbEqB.d.cts           2.20 kB │ gzip:  0.96 kB
ℹ [node] [CJS] dist/reader.node-DUy2Cs4f.d.cts           1.97 kB │ gzip:  0.85 kB
ℹ [node] [CJS] dist/json-Cg5KEtvY.d.cts                  1.47 kB │ gzip:  0.75 kB
ℹ [node] [CJS] dist/ast-package-CkIWOj5c.d.cts           0.31 kB │ gzip:  0.27 kB
ℹ [node] [CJS] 22 files, total: 745.63 kB
✔ [node] Build complete in 2358ms
ℹ [browser] [ESM] dist/lossless.browser.js                     1.05 MB
ℹ [browser] [ESM] dist/browser.js                              3.99 kB │ gzip:  1.82 kB
ℹ [browser] [ESM] dist/semantic.browser.js                     3.97 kB │ gzip:  1.82 kB
ℹ [browser] [ESM] dist/reader.browser.js                       3.30 kB │ gzip:  1.58 kB
ℹ [browser] [ESM] dist/writer.browser.js                       1.64 kB │ gzip:  0.81 kB
ℹ [browser] [ESM] dist/structure.browser.js                    0.92 kB │ gzip:  0.54 kB
ℹ [browser] [ESM] dist/compare.browser.js                      0.89 kB │ gzip:  0.55 kB
ℹ [browser] [ESM] dist/json.browser.js                         0.74 kB │ gzip:  0.46 kB
ℹ [browser] [ESM] dist/html.browser.js                         0.57 kB │ gzip:  0.40 kB
ℹ [browser] [ESM] dist/pdf.browser.js                          0.50 kB │ gzip:  0.35 kB
ℹ [browser] [ESM] dist/html-Do7gMp2A.js                      181.77 kB │ gzip: 44.91 kB
ℹ [browser] [ESM] dist/index.browser-BIWxweit.js             122.96 kB │ gzip: 36.89 kB
ℹ [browser] [ESM] dist/browser-ByXERHTy.js                   114.76 kB │ gzip: 29.96 kB
ℹ [browser] [ESM] dist/namespaces-aD28sNbR.js                 94.27 kB │ gzip: 30.73 kB
ℹ [browser] [ESM] dist/reader.browser-oIn__--W.js             82.94 kB │ gzip: 24.78 kB
ℹ [browser] [ESM] dist/normalize-BcMPDVPB.js                  65.93 kB │ gzip: 20.27 kB
ℹ [browser] [ESM] dist/JsonToWmlConverter-B4E9QePc.js         33.49 kB │ gzip: 10.00 kB
ℹ [browser] [ESM] dist/document-xml-BmoYkuec.js               28.58 kB │ gzip:  8.99 kB
ℹ [browser] [ESM] dist/headers-footers-HRLeMWMQ.js            17.27 kB │ gzip:  4.79 kB
ℹ [browser] [ESM] dist/tracking-Cu4GZ1A-.js                   14.63 kB │ gzip:  4.97 kB
ℹ [browser] [ESM] dist/theme-PEkuuILl.js                      10.43 kB │ gzip:  2.87 kB
ℹ [browser] [ESM] dist/normalize-styles-xml-Te3IKHbb.js        9.35 kB │ gzip:  3.60 kB
ℹ [browser] [ESM] dist/xml-builder-shim-CQqw-J-9.js            5.78 kB │ gzip:  2.22 kB
ℹ [browser] [ESM] dist/office-xml-reader-DMJ-EOn0.js           5.52 kB │ gzip:  2.16 kB
ℹ [browser] [ESM] dist/browser-DBcE2UdO.js                     4.73 kB │ gzip:  2.23 kB
ℹ [browser] [ESM] dist/sdt-properties-BD9SAv7A.js              4.50 kB │ gzip:  1.87 kB
ℹ [browser] [ESM] dist/section-properties-ZYM3dllh.js          4.48 kB │ gzip:  1.94 kB
ℹ [browser] [ESM] dist/styles-reader-ClBVH1ah.js               3.47 kB │ gzip:  1.43 kB
ℹ [browser] [ESM] dist/strip-drawing-extensions-SQ0urmG_.js    2.10 kB │ gzip:  1.11 kB
ℹ [browser] [ESM] dist/zip-guard-ChSuIDJI.js                   1.76 kB │ gzip:  0.90 kB
ℹ [browser] [ESM] dist/word-style-defaults-Cw1o5msh.js         1.62 kB │ gzip:  0.88 kB
ℹ [browser] [ESM] dist/word-headers-footers-B0v8r1t3.js        1.38 kB │ gzip:  0.79 kB
ℹ [browser] [ESM] dist/canonical-order-ClrHL1EI.js             1.02 kB │ gzip:  0.55 kB
ℹ [browser] [ESM] dist/xml-guard-Z9OCw8ZX.js                   0.99 kB │ gzip:  0.66 kB
ℹ [browser] [ESM] dist/escape-MV7cMv5C.js                      0.98 kB │ gzip:  0.49 kB
ℹ [browser] [ESM] dist/rolldown-runtime-CrJkS2Nt.js            0.80 kB │ gzip:  0.54 kB
ℹ [browser] [ESM] dist/ast-BNHKiW3w.js                         0.57 kB │ gzip:  0.39 kB
ℹ [browser] [ESM] dist/pdf-lib.browser-CHAwV-Rq.js             0.45 kB │ gzip:  0.34 kB
ℹ [browser] [ESM] dist/para-id-CVmLtX3n.js                     0.37 kB │ gzip:  0.31 kB
ℹ [browser] [ESM] dist/lossless.browser.d.ts                 387.40 kB │ gzip: 85.95 kB
ℹ [browser] [ESM] dist/browser.d.ts                           11.60 kB │ gzip:  3.45 kB
ℹ [browser] [ESM] dist/semantic.browser.d.ts                  11.57 kB │ gzip:  3.44 kB
ℹ [browser] [ESM] dist/reader.browser.d.ts                    10.46 kB │ gzip:  3.16 kB
ℹ [browser] [ESM] dist/compare.browser.d.ts                    6.88 kB │ gzip:  2.47 kB
ℹ [browser] [ESM] dist/structure.browser.d.ts                  2.90 kB │ gzip:  1.05 kB
ℹ [browser] [ESM] dist/json.browser.d.ts                       1.63 kB │ gzip:  0.62 kB
ℹ [browser] [ESM] dist/pdf.browser.d.ts                        0.99 kB │ gzip:  0.47 kB
ℹ [browser] [ESM] dist/writer.browser.d.ts                     0.76 kB │ gzip:  0.44 kB
ℹ [browser] [ESM] dist/html.browser.d.ts                       0.65 kB │ gzip:  0.41 kB
ℹ [browser] [ESM] dist/index-base-TkYXrWWr.d.ts              112.67 kB │ gzip: 35.74 kB
ℹ [browser] [ESM] dist/section-properties-Cvx_Qw1U.d.ts       57.93 kB │ gzip: 17.02 kB
ℹ [browser] [ESM] dist/browser-BDiq2wTw.d.ts                  53.51 kB │ gzip: 13.43 kB
ℹ [browser] [ESM] dist/normalize-B7_1wmUb.d.ts                24.60 kB │ gzip:  8.80 kB
ℹ [browser] [ESM] dist/JsonToWmlConverter-DgKbHkpn.d.ts       16.77 kB │ gzip:  4.69 kB
ℹ [browser] [ESM] dist/headers-footers-DkkeqF47.d.ts          13.29 kB │ gzip:  4.25 kB
ℹ [browser] [ESM] dist/index-CXXG7N23.d.ts                    11.87 kB │ gzip:  2.78 kB
ℹ [browser] [ESM] dist/ast-package-B5GdS4s0.d.ts               5.28 kB │ gzip:  1.92 kB
ℹ [browser] [ESM] dist/writer.browser-C9rvgxcK.d.ts            1.99 kB │ gzip:  0.86 kB
ℹ [browser] [ESM] dist/json-CUyhf6XW.d.ts                      1.47 kB │ gzip:  0.75 kB
ℹ [browser] [ESM] dist/reader.browser-DkFJ6dkh.d.ts            1.45 kB │ gzip:  0.64 kB
ℹ [browser] [ESM] dist/ast-package-Cfzh6FQ_.d.ts               0.31 kB │ gzip:  0.27 kB
ℹ [browser] [ESM] 61 files, total: 2.62 MB
✔ [browser] Build complete in 2474ms
ℹ [node] [ESM] dist/lossless.node.mjs                        1.14 MB
ℹ [node] [ESM] dist/node.mjs                                 4.04 kB │ gzip:  1.83 kB
ℹ [node] [ESM] dist/semantic.node.mjs                        4.03 kB │ gzip:  1.83 kB
ℹ [node] [ESM] dist/reader.node.mjs                          3.31 kB │ gzip:  1.58 kB
ℹ [node] [ESM] dist/writer.node.mjs                          1.40 kB │ gzip:  0.69 kB
ℹ [node] [ESM] dist/structure.node.mjs                       0.93 kB │ gzip:  0.55 kB
ℹ [node] [ESM] dist/compare.node.mjs                         0.89 kB │ gzip:  0.55 kB
ℹ [node] [ESM] dist/json.node.mjs                            0.74 kB │ gzip:  0.46 kB
ℹ [node] [ESM] dist/html.node.mjs                            0.57 kB │ gzip:  0.40 kB
ℹ [node] [ESM] dist/pdf.node.mjs                             0.50 kB │ gzip:  0.35 kB
ℹ [node] [ESM] dist/html-Da2bHoWw.mjs                      181.78 kB │ gzip: 44.91 kB
ℹ [node] [ESM] dist/docx-reader-pUuof2cK.mjs               124.26 kB │ gzip: 37.39 kB
ℹ [node] [ESM] dist/node-DeUlHSek.mjs                      114.47 kB │ gzip: 29.86 kB
ℹ [node] [ESM] dist/namespaces-BdeQGyih.mjs                 93.91 kB │ gzip: 30.63 kB
ℹ [node] [ESM] dist/reader.node-BzKLAGdi.mjs                85.38 kB │ gzip: 25.59 kB
ℹ [node] [ESM] dist/normalize-D0Ft7k0t.mjs                  65.93 kB │ gzip: 20.28 kB
ℹ [node] [ESM] dist/JsonToWmlConverter-DVT3puMz.mjs         38.59 kB │ gzip: 11.33 kB
ℹ [node] [ESM] dist/document-xml-luIvBXbh.mjs               28.58 kB │ gzip:  8.99 kB
ℹ [node] [ESM] dist/headers-footers-HRLeMWMQ.mjs            17.27 kB │ gzip:  4.79 kB
ℹ [node] [ESM] dist/node-B0hrHOas.mjs                       16.45 kB │ gzip:  6.12 kB
ℹ [node] [ESM] dist/tracking-DbKm6TXm.mjs                   14.63 kB │ gzip:  4.97 kB
ℹ [node] [ESM] dist/theme-PEkuuILl.mjs                      10.43 kB │ gzip:  2.87 kB
ℹ [node] [ESM] dist/normalize-styles-xml-Te3IKHbb.mjs        9.35 kB │ gzip:  3.60 kB
ℹ [node] [ESM] dist/xml-builder-shim-CQqw-J-9.mjs            5.78 kB │ gzip:  2.22 kB
ℹ [node] [ESM] dist/office-xml-reader-Cynnauzb.mjs           5.62 kB │ gzip:  2.19 kB
ℹ [node] [ESM] dist/sdt-properties-BD9SAv7A.mjs              4.50 kB │ gzip:  1.87 kB
ℹ [node] [ESM] dist/section-properties-ZYM3dllh.mjs          4.48 kB │ gzip:  1.94 kB
ℹ [node] [ESM] dist/styles-reader-ClBVH1ah.mjs               3.47 kB │ gzip:  1.43 kB
ℹ [node] [ESM] dist/strip-drawing-extensions-SQ0urmG_.mjs    2.10 kB │ gzip:  1.11 kB
ℹ [node] [ESM] dist/zip-guard-ChSuIDJI.mjs                   1.76 kB │ gzip:  0.90 kB
ℹ [node] [ESM] dist/word-style-defaults-iSAtx_Ut.mjs         1.62 kB │ gzip:  0.88 kB
ℹ [node] [ESM] dist/word-headers-footers-LxV_zVMA.mjs        1.38 kB │ gzip:  0.79 kB
ℹ [node] [ESM] dist/canonical-order-ClrHL1EI.mjs             1.02 kB │ gzip:  0.55 kB
ℹ [node] [ESM] dist/xml-guard-Z9OCw8ZX.mjs                   0.99 kB │ gzip:  0.66 kB
ℹ [node] [ESM] dist/escape-MV7cMv5C.mjs                      0.98 kB │ gzip:  0.49 kB
ℹ [node] [ESM] dist/rolldown-runtime-BlIHRs-j.mjs            0.87 kB │ gzip:  0.59 kB
ℹ [node] [ESM] dist/pdf-lib.node-DNvYo1GR.mjs                0.83 kB │ gzip:  0.52 kB
ℹ [node] [ESM] dist/ast-BNHKiW3w.mjs                         0.57 kB │ gzip:  0.39 kB
ℹ [node] [ESM] dist/para-id-CVmLtX3n.mjs                     0.37 kB │ gzip:  0.31 kB
ℹ [node] [ESM] dist/lossless.node.d.mts                    396.00 kB │ gzip: 87.89 kB
ℹ [node] [ESM] dist/node.d.mts                              11.61 kB │ gzip:  3.43 kB
ℹ [node] [ESM] dist/semantic.node.d.mts                     11.58 kB │ gzip:  3.43 kB
ℹ [node] [ESM] dist/reader.node.d.mts                       10.44 kB │ gzip:  3.13 kB
ℹ [node] [ESM] dist/compare.node.d.mts                       6.87 kB │ gzip:  2.46 kB
ℹ [node] [ESM] dist/structure.node.d.mts                     2.88 kB │ gzip:  1.04 kB
ℹ [node] [ESM] dist/json.node.d.mts                          1.63 kB │ gzip:  0.62 kB
ℹ [node] [ESM] dist/pdf.node.d.mts                           0.99 kB │ gzip:  0.47 kB
ℹ [node] [ESM] dist/writer.node.d.mts                        0.76 kB │ gzip:  0.43 kB
ℹ [node] [ESM] dist/html.node.d.mts                          0.65 kB │ gzip:  0.41 kB
ℹ [node] [ESM] dist/index-base-CV0wieia.d.mts              112.65 kB │ gzip: 35.74 kB
ℹ [node] [ESM] dist/node-CNC7t72h.d.mts                     63.32 kB │ gzip: 16.79 kB
ℹ [node] [ESM] dist/ast-DElo813V.d.mts                      57.93 kB │ gzip: 17.02 kB
ℹ [node] [ESM] dist/normalize-B0ucC-Gd.d.mts                24.59 kB │ gzip:  8.79 kB
ℹ [node] [ESM] dist/JsonToWmlConverter-DgKbHkpn.d.mts       16.77 kB │ gzip:  4.69 kB
ℹ [node] [ESM] dist/theme-sXSNnGmw.d.mts                    13.29 kB │ gzip:  4.28 kB
ℹ [node] [ESM] dist/index-Dsy-0Sw8.d.mts                    11.87 kB │ gzip:  2.78 kB
ℹ [node] [ESM] dist/ast-package-DB8owFpa.d.mts               5.26 kB │ gzip:  1.91 kB
ℹ [node] [ESM] dist/writer.node-xVajMmgA.d.mts               2.20 kB │ gzip:  0.95 kB
ℹ [node] [ESM] dist/reader.node-PJoAL7YI.d.mts               1.97 kB │ gzip:  0.85 kB
ℹ [node] [ESM] dist/json-spm4cDmW.d.mts                      1.47 kB │ gzip:  0.75 kB
ℹ [node] [ESM] dist/ast-package-ButFazVL.d.mts               0.31 kB │ gzip:  0.27 kB
ℹ [node] [ESM] 61 files, total: 2.75 MB
✔ [node] Build complete in 2475ms
[ts7] dist → /Users/arthrod/temp/T/neurotic_docx_bench/dist/jubarte-final-ts7 {
  'node.mjs': '75820a1375722946',
  'node.cjs': '8242a7d57ed74360',
  'lossless.node.mjs': 'c37e58ee3192aa72',
  'lossless.node.cjs': '1cd8618e52a0554e'
}

=== bench ts7 methods=jubarte-native,jubarte-lossless ===

$ /Users/arthrod/.hermes/node/bin/node --import tsx /Users/arthrod/temp/T/neurotic_docx_bench/scripts/redline_speed_bench.ts --min-pairs 1000 --warmup 10 --reps 1 --seed 42 --jubarte-dist /Users/arthrod/temp/T/neurotic_docx_bench/dist/jubarte-final-ts7 --methods jubarte-native,jubarte-lossless --out /Users/arthrod/temp/T/neurotic_docx_bench/results/redline_speed_bench/ts6-vs-ts7/ts7
redline_speed_bench: 199 fixtures in /Users/arthrod/temp/T/neurotic_docx_bench/corpus/word_based/docx_source
  loaded 6.5 MiB in 26.832ms
  pairs=1000 (min=1000, seed=42, rounds≈5)
  methods=jubarte-native, jubarte-lossless warmup=10 reps=1 profile=true
  jubarte-dist=/Users/arthrod/temp/T/neurotic_docx_bench/dist/jubarte-final-ts7
  rust-dist=/Users/arthrod/temp/T/neurotic_docx_bench/jubarte-rs-probe
  out=/Users/arthrod/temp/T/neurotic_docx_bench/results/redline_speed_bench/ts6-vs-ts7/ts7

▶ jubarte-native (engine=jubarte-native, dist=/Users/arthrod/temp/T/neurotic_docx_bench/dist/jubarte-final-ts7)
  init 469.667ms
  wall 21.54s  median 6.33ms  mean 21.54ms  p95 59.88ms  p99 220.01ms  46.4/s  (n=1000, fail=0)  flame=jubarte-native.cpuprofile
  top CPU (self):
    22.94%  (anonymous)  reader.node-dzAQfyCl.cjs:19
    10.41%  (garbage collector)  
     5.94%  reg  grammar.js:69
     5.29%  ke  reader.node-dzAQfyCl.cjs:19
     4.14%  (idle)  
     2.97%  s  office-xml-reader-KSIj9d5O.cjs:9
     2.46%  validateAndExtract  dom.js:153
     2.39%  parse  sax.js:49

▶ jubarte-lossless (engine=jubarte-lossless, dist=/Users/arthrod/temp/T/neurotic_docx_bench/dist/jubarte-final-ts7)
  init 43.675ms
  wall 181.73s  median 28.49ms  mean 181.73ms  p95 729.91ms  p99 1330.62ms  5.5/s  (n=1000, fail=0)  flame=jubarte-lossless.cpuprofile
  top CPU (self):
    12.85%  (garbage collector)  
    10.74%  d  JsonToWmlConverter-0yN_Vmc4.cjs:8
    10.06%  dflt  node.cjs:667
     5.45%  ce  JsonToWmlConverter-0yN_Vmc4.cjs:8
     5.23%  get  JsonToWmlConverter-0yN_Vmc4.cjs:8
     4.35%  Ie  lossless.node.cjs:8
     4.28%  e  escape-Bu279cQ0.cjs:8
     3.91%  (anonymous)  lossless.node.cjs:8

# redline_speed_bench

- **fixtures:** 199 in `/Users/arthrod/temp/T/neurotic_docx_bench/corpus/word_based/docx_source`
- **pairs:** 1000 (every fixture × random partner, seed=42, min=1000)
- **warmup:** 10  **reps:** 1
- **run_ts:** 2026-07-15T13:15:35.808Z

| rank | tool | median ms | mean ms | p95 | p99 | /s | wall s | fail | n |
| ---: | --- | ---: | ---: | ---: | ---: | ---: | ---: | ---: | ---: |
| 1 | jubarte-native | 6.333 | 21.535 | 59.876 | 220.005 | 46.4 | 21.54 | 0 | 1000 |
| 2 | jubarte-lossless | 28.49 | 181.731 | 729.909 | 1330.618 | 5.5 | 181.73 | 0 | 1000 |

## Profiles

```bash
# Chrome DevTools → Performance → Load profile, or:
npx speedscope /Users/arthrod/temp/T/neurotic_docx_bench/results/redline_speed_bench/ts6-vs-ts7/ts7/cpu/jubarte-native.cpuprofile
npx speedscope /Users/arthrod/temp/T/neurotic_docx_bench/results/redline_speed_bench/ts6-vs-ts7/ts7/cpu/jubarte-lossless.cpuprofile
```

## Fairness

- **jubarte-native / jubarte-lossless:** in-memory `Uint8Array` compare (no disk in the timed loop).
- **jubarte-rust:** CLI via `spawnSync` + temp files (I/O + process spawn included) — real end-to-end CLI cost.


✔ /Users/arthrod/temp/T/neurotic_docx_bench/results/redline_speed_bench/ts6-vs-ts7/ts7/report.md
✔ /Users/arthrod/temp/T/neurotic_docx_bench/results/redline_speed_bench/ts6-vs-ts7/ts7/summary.json
✔ /Users/arthrod/temp/T/neurotic_docx_bench/results/redline_speed_bench/ts6-vs-ts7/ts7/speed.jsonl

########## TypeScript 6 build + bench ##########

$ /Users/arthrod/.bun/bin/bun add -d typescript@6.0.2
bun add v1.3.14 (0d9b296a)
Resolving dependencies
Resolved, downloaded and extracted [1]
Saved lockfile

installed typescript@6.0.2 with binaries:
 - tsc
 - tsserver

1 package installed [383.00ms]
typescript → 6.0.2

$ /Users/arthrod/.bun/bin/bun run build
$ tsdown --dts --config-loader tsx
ℹ tsdown v0.22.8 powered by rolldown v1.1.5
ℹ config file: /Users/arthrod/temp/T/jubarte-first/tsdown.config.ts (tsx)
ℹ [browser] entry: src/browser.ts, src/reader.browser.ts, src/writer.browser.ts, src/html.ts, src/pdf.ts, src/json.ts, src/compare.ts, src/structure.ts, src/semantic.browser.ts, src/lossless.browser.ts
ℹ [browser] target: es2022
ℹ [node] entry: src/node.ts, src/reader.node.ts, src/writer.node.ts, src/html.ts, src/pdf.ts, src/json.ts, src/compare.ts, src/structure.ts, src/semantic.node.ts, src/lossless.node.ts
ℹ [node] target: es2022
ℹ [browser] tsconfig: tsconfig.pack.json
ℹ [node] tsconfig: tsconfig.pack.json
ℹ Build start
ℹ Cleaning 183 files
ℹ [node] [CJS] dist/lossless.node.cjs                        1.15 MB
ℹ [node] [CJS] dist/node.cjs                                 4.21 kB │ gzip:  1.67 kB
ℹ [node] [CJS] dist/semantic.node.cjs                        4.17 kB │ gzip:  1.65 kB
ℹ [node] [CJS] dist/reader.node.cjs                          3.29 kB │ gzip:  1.39 kB
ℹ [node] [CJS] dist/writer.node.cjs                          1.53 kB │ gzip:  0.75 kB
ℹ [node] [CJS] dist/structure.node.cjs                       1.00 kB │ gzip:  0.57 kB
ℹ [node] [CJS] dist/compare.node.cjs                         0.98 kB │ gzip:  0.56 kB
ℹ [node] [CJS] dist/json.node.cjs                            0.82 kB │ gzip:  0.50 kB
ℹ [node] [CJS] dist/html.node.cjs                            0.64 kB │ gzip:  0.43 kB
ℹ [node] [CJS] dist/pdf.node.cjs                             0.57 kB │ gzip:  0.39 kB
ℹ [node] [CJS] dist/html-CwOy-G2T.cjs                      182.66 kB │ gzip: 44.97 kB
ℹ [node] [CJS] dist/docx-reader-CslJOW2s.cjs               125.17 kB │ gzip: 37.38 kB
ℹ [node] [CJS] dist/node-BuN2PeBW.cjs                      115.27 kB │ gzip: 29.98 kB
ℹ [node] [CJS] dist/namespaces-BGD9BlCz.cjs                 95.22 kB │ gzip: 30.71 kB
ℹ [node] [CJS] dist/reader.node-dzAQfyCl.cjs                89.57 kB │ gzip: 25.74 kB
ℹ [node] [CJS] dist/normalize-BULQWuIo.cjs                  68.45 kB │ gzip: 20.42 kB
ℹ [node] [CJS] dist/JsonToWmlConverter-0yN_Vmc4.cjs         41.35 kB │ gzip: 11.46 kB
ℹ [node] [CJS] dist/document-xml-iB9wSCog.cjs               28.99 kB │ gzip:  9.04 kB
ℹ [node] [CJS] dist/headers-footers-DDcvNqVT.cjs            17.82 kB │ gzip:  4.85 kB
ℹ [node] [CJS] dist/node-DFOUzJ15.cjs                       17.02 kB │ gzip:  6.16 kB
ℹ [node] [CJS] dist/tracking-rqpS_OTC.cjs                   15.75 kB │ gzip:  5.05 kB
ℹ [node] [CJS] dist/theme-D7v__68C.cjs                      10.70 kB │ gzip:  2.91 kB
ℹ [node] [CJS] dist/normalize-styles-xml-C6xCfxcd.cjs        9.62 kB │ gzip:  3.64 kB
ℹ [node] [CJS] dist/office-xml-reader-KSIj9d5O.cjs           6.69 kB │ gzip:  2.29 kB
ℹ [node] [CJS] dist/xml-builder-shim-DGngb1Ow.cjs            5.91 kB │ gzip:  2.25 kB
ℹ [node] [CJS] dist/sdt-properties-CmQ_iU6x.cjs              4.56 kB │ gzip:  1.90 kB
ℹ [node] [CJS] dist/section-properties-CcB02w8e.cjs          4.54 kB │ gzip:  1.97 kB
ℹ [node] [CJS] dist/styles-reader-CaCxqjWp.cjs               3.81 kB │ gzip:  1.47 kB
ℹ [node] [CJS] dist/strip-drawing-extensions-BV60eZ4A.cjs    2.51 kB │ gzip:  1.16 kB
ℹ [node] [CJS] dist/zip-guard-bGzQ1aii.cjs                   1.89 kB │ gzip:  0.94 kB
ℹ [node] [CJS] dist/word-style-defaults-C6Kn2c8T.cjs         1.64 kB │ gzip:  0.88 kB
ℹ [node] [CJS] dist/word-headers-footers-ChB3gbCR.cjs        1.38 kB │ gzip:  0.79 kB
ℹ [node] [CJS] dist/rolldown-runtime-Ckf89mnv.cjs            1.15 kB │ gzip:  0.64 kB
ℹ [node] [CJS] dist/canonical-order-st4oypdq.cjs             1.15 kB │ gzip:  0.60 kB
ℹ [node] [CJS] dist/xml-guard-Bsz6zceW.cjs                   1.12 kB │ gzip:  0.71 kB
ℹ [node] [CJS] dist/escape-Bu279cQ0.cjs                      1.12 kB │ gzip:  0.54 kB
ℹ [node] [CJS] dist/ast-Bsc9uAhv.cjs                         0.98 kB │ gzip:  0.45 kB
ℹ [node] [CJS] dist/pdf-lib.node-Ddl-GXmD.cjs                0.88 kB │ gzip:  0.52 kB
ℹ [node] [CJS] dist/para-id-ByNQvi97.cjs                     0.43 kB │ gzip:  0.35 kB
ℹ [node] [CJS] 39 files, total: 2.02 MB
[33m[PLUGIN_TIMINGS] [0mYour build spent significant time in plugin `tsdown:deps`. See https://rolldown.rs/reference/InputOptions.checks#plugintimings for more details.

ℹ [node] [CJS] dist/lossless.node.d.cts                395.96 kB │ gzip: 87.88 kB
ℹ [node] [CJS] dist/node.d.cts                          11.61 kB │ gzip:  3.43 kB
ℹ [node] [CJS] dist/semantic.node.d.cts                 11.58 kB │ gzip:  3.43 kB
ℹ [node] [CJS] dist/reader.node.d.cts                   10.44 kB │ gzip:  3.13 kB
ℹ [node] [CJS] dist/compare.node.d.cts                   6.87 kB │ gzip:  2.46 kB
ℹ [node] [CJS] dist/structure.node.d.cts                 2.88 kB │ gzip:  1.04 kB
ℹ [node] [CJS] dist/json.node.d.cts                      1.63 kB │ gzip:  0.62 kB
ℹ [node] [CJS] dist/pdf.node.d.cts                       0.99 kB │ gzip:  0.47 kB
ℹ [node] [CJS] dist/writer.node.d.cts                    0.76 kB │ gzip:  0.44 kB
ℹ [node] [CJS] dist/html.node.d.cts                      0.65 kB │ gzip:  0.41 kB
ℹ [node] [CJS] dist/index-base-DbSLs8Gm.d.cts          112.65 kB │ gzip: 35.74 kB
ℹ [node] [CJS] dist/ast-B2UUBf_F.d.cts                  57.91 kB │ gzip: 17.01 kB
ℹ [node] [CJS] dist/node-BW0U8I-E.d.cts                 54.23 kB │ gzip: 14.22 kB
ℹ [node] [CJS] dist/normalize-BlyZJEYi.d.cts            24.59 kB │ gzip:  8.79 kB
ℹ [node] [CJS] dist/JsonToWmlConverter-DgKbHkpn.d.cts   16.77 kB │ gzip:  4.69 kB
ℹ [node] [CJS] dist/theme-sXSNnGmw.d.cts                13.29 kB │ gzip:  4.28 kB
ℹ [node] [CJS] dist/index-BD9obfj5.d.cts                11.90 kB │ gzip:  2.79 kB
ℹ [node] [CJS] dist/ast-package-DWKZ4zqE.d.cts           5.03 kB │ gzip:  1.86 kB
ℹ [node] [CJS] dist/writer.node-DL5dbEqB.d.cts           2.20 kB │ gzip:  0.96 kB
ℹ [node] [CJS] dist/reader.node-DUy2Cs4f.d.cts           1.97 kB │ gzip:  0.85 kB
ℹ [node] [CJS] dist/json-Cg5KEtvY.d.cts                  1.47 kB │ gzip:  0.75 kB
ℹ [node] [CJS] dist/ast-package-CkIWOj5c.d.cts           0.31 kB │ gzip:  0.27 kB
ℹ [node] [CJS] 22 files, total: 745.68 kB
[33m[PLUGIN_TIMINGS] [0mYour build spent significant time in plugins. Here is a breakdown:
  - rolldown-plugin-dts:resolver (36%)
  - rolldown-plugin-dts:fake-js (29%)
  - rolldown-plugin-dts:generate (27%)
See https://rolldown.rs/reference/InputOptions.checks#plugintimings for more details.

✔ [node] Build complete in 4240ms
ℹ [browser] [ESM] dist/lossless.browser.js                     1.05 MB
ℹ [browser] [ESM] dist/browser.js                              3.99 kB │ gzip:  1.82 kB
ℹ [browser] [ESM] dist/semantic.browser.js                     3.97 kB │ gzip:  1.82 kB
ℹ [browser] [ESM] dist/reader.browser.js                       3.30 kB │ gzip:  1.58 kB
ℹ [browser] [ESM] dist/writer.browser.js                       1.64 kB │ gzip:  0.81 kB
ℹ [browser] [ESM] dist/structure.browser.js                    0.92 kB │ gzip:  0.54 kB
ℹ [browser] [ESM] dist/compare.browser.js                      0.89 kB │ gzip:  0.55 kB
ℹ [browser] [ESM] dist/json.browser.js                         0.74 kB │ gzip:  0.46 kB
ℹ [browser] [ESM] dist/html.browser.js                         0.57 kB │ gzip:  0.40 kB
ℹ [browser] [ESM] dist/pdf.browser.js                          0.50 kB │ gzip:  0.35 kB
ℹ [browser] [ESM] dist/html-Do7gMp2A.js                      181.77 kB │ gzip: 44.91 kB
ℹ [browser] [ESM] dist/index.browser-BIWxweit.js             122.96 kB │ gzip: 36.89 kB
ℹ [browser] [ESM] dist/browser-ByXERHTy.js                   114.76 kB │ gzip: 29.96 kB
ℹ [browser] [ESM] dist/namespaces-aD28sNbR.js                 94.27 kB │ gzip: 30.73 kB
ℹ [browser] [ESM] dist/reader.browser-oIn__--W.js             82.94 kB │ gzip: 24.78 kB
ℹ [browser] [ESM] dist/normalize-BcMPDVPB.js                  65.93 kB │ gzip: 20.27 kB
ℹ [browser] [ESM] dist/JsonToWmlConverter-B4E9QePc.js         33.49 kB │ gzip: 10.00 kB
ℹ [browser] [ESM] dist/document-xml-BmoYkuec.js               28.58 kB │ gzip:  8.99 kB
ℹ [browser] [ESM] dist/headers-footers-HRLeMWMQ.js            17.27 kB │ gzip:  4.79 kB
ℹ [browser] [ESM] dist/tracking-Cu4GZ1A-.js                   14.63 kB │ gzip:  4.97 kB
ℹ [browser] [ESM] dist/theme-PEkuuILl.js                      10.43 kB │ gzip:  2.87 kB
ℹ [browser] [ESM] dist/normalize-styles-xml-Te3IKHbb.js        9.35 kB │ gzip:  3.60 kB
ℹ [browser] [ESM] dist/xml-builder-shim-CQqw-J-9.js            5.78 kB │ gzip:  2.22 kB
ℹ [browser] [ESM] dist/office-xml-reader-DMJ-EOn0.js           5.52 kB │ gzip:  2.16 kB
ℹ [browser] [ESM] dist/browser-DBcE2UdO.js                     4.73 kB │ gzip:  2.23 kB
ℹ [browser] [ESM] dist/sdt-properties-BD9SAv7A.js              4.50 kB │ gzip:  1.87 kB
ℹ [browser] [ESM] dist/section-properties-ZYM3dllh.js          4.48 kB │ gzip:  1.94 kB
ℹ [browser] [ESM] dist/styles-reader-ClBVH1ah.js               3.47 kB │ gzip:  1.43 kB
ℹ [browser] [ESM] dist/strip-drawing-extensions-SQ0urmG_.js    2.10 kB │ gzip:  1.11 kB
ℹ [browser] [ESM] dist/zip-guard-ChSuIDJI.js                   1.76 kB │ gzip:  0.90 kB
ℹ [browser] [ESM] dist/word-style-defaults-Cw1o5msh.js         1.62 kB │ gzip:  0.88 kB
ℹ [browser] [ESM] dist/word-headers-footers-B0v8r1t3.js        1.38 kB │ gzip:  0.79 kB
ℹ [browser] [ESM] dist/canonical-order-ClrHL1EI.js             1.02 kB │ gzip:  0.55 kB
ℹ [browser] [ESM] dist/xml-guard-Z9OCw8ZX.js                   0.99 kB │ gzip:  0.66 kB
ℹ [browser] [ESM] dist/escape-MV7cMv5C.js                      0.98 kB │ gzip:  0.49 kB
ℹ [browser] [ESM] dist/rolldown-runtime-CrJkS2Nt.js            0.80 kB │ gzip:  0.54 kB
ℹ [browser] [ESM] dist/ast-BNHKiW3w.js                         0.57 kB │ gzip:  0.39 kB
ℹ [browser] [ESM] dist/pdf-lib.browser-CHAwV-Rq.js             0.45 kB │ gzip:  0.34 kB
ℹ [browser] [ESM] dist/para-id-CVmLtX3n.js                     0.37 kB │ gzip:  0.31 kB
ℹ [browser] [ESM] dist/lossless.browser.d.ts                 387.36 kB │ gzip: 85.93 kB
ℹ [browser] [ESM] dist/browser.d.ts                           11.60 kB │ gzip:  3.44 kB
ℹ [browser] [ESM] dist/semantic.browser.d.ts                  11.57 kB │ gzip:  3.44 kB
ℹ [browser] [ESM] dist/reader.browser.d.ts                    10.46 kB │ gzip:  3.16 kB
ℹ [browser] [ESM] dist/compare.browser.d.ts                    6.88 kB │ gzip:  2.47 kB
ℹ [browser] [ESM] dist/structure.browser.d.ts                  2.90 kB │ gzip:  1.05 kB
ℹ [browser] [ESM] dist/json.browser.d.ts                       1.63 kB │ gzip:  0.62 kB
ℹ [browser] [ESM] dist/pdf.browser.d.ts                        0.99 kB │ gzip:  0.47 kB
ℹ [browser] [ESM] dist/writer.browser.d.ts                     0.76 kB │ gzip:  0.44 kB
ℹ [browser] [ESM] dist/html.browser.d.ts                       0.65 kB │ gzip:  0.41 kB
ℹ [browser] [ESM] dist/index-base-TkYXrWWr.d.ts              112.67 kB │ gzip: 35.74 kB
ℹ [browser] [ESM] dist/section-properties-Cvx_Qw1U.d.ts       57.93 kB │ gzip: 17.02 kB
ℹ [browser] [ESM] dist/browser-CCRjM3zl.d.ts                  53.60 kB │ gzip: 13.39 kB
ℹ [browser] [ESM] dist/normalize-B7_1wmUb.d.ts                24.60 kB │ gzip:  8.80 kB
ℹ [browser] [ESM] dist/JsonToWmlConverter-DgKbHkpn.d.ts       16.77 kB │ gzip:  4.69 kB
ℹ [browser] [ESM] dist/headers-footers-DkkeqF47.d.ts          13.29 kB │ gzip:  4.25 kB
ℹ [browser] [ESM] dist/index-CG6P6yvb.d.ts                    11.87 kB │ gzip:  2.78 kB
ℹ [browser] [ESM] dist/ast-package-B5GdS4s0.d.ts               5.28 kB │ gzip:  1.92 kB
ℹ [browser] [ESM] dist/writer.browser-C9rvgxcK.d.ts            1.99 kB │ gzip:  0.86 kB
ℹ [browser] [ESM] dist/json-CUyhf6XW.d.ts                      1.47 kB │ gzip:  0.75 kB
ℹ [browser] [ESM] dist/reader.browser-DkFJ6dkh.d.ts            1.45 kB │ gzip:  0.64 kB
ℹ [browser] [ESM] dist/ast-package-Cfzh6FQ_.d.ts               0.31 kB │ gzip:  0.27 kB
ℹ [browser] [ESM] 61 files, total: 2.62 MB
ℹ [node] [ESM] dist/lossless.node.mjs                        1.14 MB
ℹ [node] [ESM] dist/node.mjs                                 4.04 kB │ gzip:  1.83 kB
ℹ [node] [ESM] dist/semantic.node.mjs                        4.03 kB │ gzip:  1.83 kB
ℹ [node] [ESM] dist/reader.node.mjs                          3.31 kB │ gzip:  1.58 kB
ℹ [node] [ESM] dist/writer.node.mjs                          1.40 kB │ gzip:  0.69 kB
ℹ [node] [ESM] dist/structure.node.mjs                       0.93 kB │ gzip:  0.55 kB
ℹ [node] [ESM] dist/compare.node.mjs                         0.89 kB │ gzip:  0.55 kB
ℹ [node] [ESM] dist/json.node.mjs                            0.74 kB │ gzip:  0.46 kB
ℹ [node] [ESM] dist/html.node.mjs                            0.57 kB │ gzip:  0.40 kB
ℹ [node] [ESM] dist/pdf.node.mjs                             0.50 kB │ gzip:  0.35 kB
ℹ [node] [ESM] dist/html-Da2bHoWw.mjs                      181.78 kB │ gzip: 44.91 kB
ℹ [node] [ESM] dist/docx-reader-pUuof2cK.mjs               124.26 kB │ gzip: 37.39 kB
ℹ [node] [ESM] dist/node-DeUlHSek.mjs                      114.47 kB │ gzip: 29.86 kB
ℹ [node] [ESM] dist/namespaces-BdeQGyih.mjs                 93.91 kB │ gzip: 30.63 kB
ℹ [node] [ESM] dist/reader.node-BzKLAGdi.mjs                85.38 kB │ gzip: 25.59 kB
ℹ [node] [ESM] dist/normalize-D0Ft7k0t.mjs                  65.93 kB │ gzip: 20.28 kB
ℹ [node] [ESM] dist/JsonToWmlConverter-DVT3puMz.mjs         38.59 kB │ gzip: 11.33 kB
ℹ [node] [ESM] dist/document-xml-luIvBXbh.mjs               28.58 kB │ gzip:  8.99 kB
ℹ [node] [ESM] dist/headers-footers-HRLeMWMQ.mjs            17.27 kB │ gzip:  4.79 kB
ℹ [node] [ESM] dist/node-B0hrHOas.mjs                       16.45 kB │ gzip:  6.12 kB
ℹ [node] [ESM] dist/tracking-DbKm6TXm.mjs                   14.63 kB │ gzip:  4.97 kB
ℹ [node] [ESM] dist/theme-PEkuuILl.mjs                      10.43 kB │ gzip:  2.87 kB
ℹ [node] [ESM] dist/normalize-styles-xml-Te3IKHbb.mjs        9.35 kB │ gzip:  3.60 kB
ℹ [node] [ESM] dist/xml-builder-shim-CQqw-J-9.mjs            5.78 kB │ gzip:  2.22 kB
ℹ [node] [ESM] dist/office-xml-reader-Cynnauzb.mjs           5.62 kB │ gzip:  2.19 kB
ℹ [node] [ESM] dist/sdt-properties-BD9SAv7A.mjs              4.50 kB │ gzip:  1.87 kB
ℹ [node] [ESM] dist/section-properties-ZYM3dllh.mjs          4.48 kB │ gzip:  1.94 kB
ℹ [node] [ESM] dist/styles-reader-ClBVH1ah.mjs               3.47 kB │ gzip:  1.43 kB
ℹ [node] [ESM] dist/strip-drawing-extensions-SQ0urmG_.mjs    2.10 kB │ gzip:  1.11 kB
ℹ [node] [ESM] dist/zip-guard-ChSuIDJI.mjs                   1.76 kB │ gzip:  0.90 kB
ℹ [node] [ESM] dist/word-style-defaults-iSAtx_Ut.mjs         1.62 kB │ gzip:  0.88 kB
ℹ [node] [ESM] dist/word-headers-footers-LxV_zVMA.mjs        1.38 kB │ gzip:  0.79 kB
ℹ [node] [ESM] dist/canonical-order-ClrHL1EI.mjs             1.02 kB │ gzip:  0.55 kB
ℹ [node] [ESM] dist/xml-guard-Z9OCw8ZX.mjs                   0.99 kB │ gzip:  0.66 kB
ℹ [node] [ESM] dist/escape-MV7cMv5C.mjs                      0.98 kB │ gzip:  0.49 kB
ℹ [node] [ESM] dist/rolldown-runtime-BlIHRs-j.mjs            0.87 kB │ gzip:  0.59 kB
ℹ [node] [ESM] dist/pdf-lib.node-DNvYo1GR.mjs                0.83 kB │ gzip:  0.52 kB
ℹ [node] [ESM] dist/ast-BNHKiW3w.mjs                         0.57 kB │ gzip:  0.39 kB
ℹ [node] [ESM] dist/para-id-CVmLtX3n.mjs                     0.37 kB │ gzip:  0.31 kB
ℹ [node] [ESM] dist/lossless.node.d.mts                    395.96 kB │ gzip: 87.88 kB
ℹ [node] [ESM] dist/node.d.mts                              11.61 kB │ gzip:  3.43 kB
ℹ [node] [ESM] dist/semantic.node.d.mts                     11.58 kB │ gzip:  3.43 kB
ℹ [node] [ESM] dist/reader.node.d.mts                       10.44 kB │ gzip:  3.13 kB
ℹ [node] [ESM] dist/compare.node.d.mts                       6.87 kB │ gzip:  2.46 kB
ℹ [node] [ESM] dist/structure.node.d.mts                     2.88 kB │ gzip:  1.04 kB
ℹ [node] [ESM] dist/json.node.d.mts                          1.63 kB │ gzip:  0.62 kB
ℹ [node] [ESM] dist/pdf.node.d.mts                           0.99 kB │ gzip:  0.47 kB
ℹ [node] [ESM] dist/writer.node.d.mts                        0.76 kB │ gzip:  0.43 kB
ℹ [node] [ESM] dist/html.node.d.mts                          0.65 kB │ gzip:  0.41 kB
ℹ [node] [ESM] dist/index-base-CV0wieia.d.mts              112.65 kB │ gzip: 35.74 kB
ℹ [node] [ESM] dist/node-BDqef1G8.d.mts                     63.42 kB │ gzip: 16.75 kB
ℹ [node] [ESM] dist/ast-DElo813V.d.mts                      57.93 kB │ gzip: 17.02 kB
ℹ [node] [ESM] dist/normalize-B0ucC-Gd.d.mts                24.59 kB │ gzip:  8.79 kB
ℹ [node] [ESM] dist/JsonToWmlConverter-DgKbHkpn.d.mts       16.77 kB │ gzip:  4.69 kB
ℹ [node] [ESM] dist/theme-sXSNnGmw.d.mts                    13.29 kB │ gzip:  4.28 kB
ℹ [node] [ESM] dist/index-CZGQFWUa.d.mts                    11.87 kB │ gzip:  2.78 kB
ℹ [node] [ESM] dist/ast-package-DB8owFpa.d.mts               5.26 kB │ gzip:  1.91 kB
ℹ [node] [ESM] dist/writer.node-xVajMmgA.d.mts               2.20 kB │ gzip:  0.95 kB
ℹ [node] [ESM] dist/reader.node-PJoAL7YI.d.mts               1.97 kB │ gzip:  0.85 kB
ℹ [node] [ESM] dist/json-spm4cDmW.d.mts                      1.47 kB │ gzip:  0.75 kB
ℹ [node] [ESM] dist/ast-package-ButFazVL.d.mts               0.31 kB │ gzip:  0.27 kB
ℹ [node] [ESM] 61 files, total: 2.75 MB
[33m[PLUGIN_TIMINGS] [0mYour build spent significant time in plugins. Here is a breakdown:
  - rolldown-plugin-dts:fake-js (33%)
  - rolldown-plugin-dts:resolver (33%)
  - rolldown-plugin-dts:generate (23%)
See https://rolldown.rs/reference/InputOptions.checks#plugintimings for more details.

[33m[PLUGIN_TIMINGS] [0mYour build spent significant time in plugins. Here is a breakdown:
  - rolldown-plugin-dts:generate (33%)
  - rolldown-plugin-dts:fake-js (28%)
  - rolldown-plugin-dts:resolver (26%)
See https://rolldown.rs/reference/InputOptions.checks#plugintimings for more details.

✔ [browser] Build complete in 4399ms
✔ [node] Build complete in 4400ms
[ts6] dist → /Users/arthrod/temp/T/neurotic_docx_bench/dist/jubarte-final-ts6 {
  'node.mjs': '75820a1375722946',
  'node.cjs': '8242a7d57ed74360',
  'lossless.node.mjs': 'c37e58ee3192aa72',
  'lossless.node.cjs': '1cd8618e52a0554e'
}

=== bench ts6 methods=jubarte-native,jubarte-lossless ===

$ /Users/arthrod/.hermes/node/bin/node --import tsx /Users/arthrod/temp/T/neurotic_docx_bench/scripts/redline_speed_bench.ts --min-pairs 1000 --warmup 10 --reps 1 --seed 42 --jubarte-dist /Users/arthrod/temp/T/neurotic_docx_bench/dist/jubarte-final-ts6 --methods jubarte-native,jubarte-lossless --out /Users/arthrod/temp/T/neurotic_docx_bench/results/redline_speed_bench/ts6-vs-ts7/ts6
redline_speed_bench: 199 fixtures in /Users/arthrod/temp/T/neurotic_docx_bench/corpus/word_based/docx_source
  loaded 6.5 MiB in 34.227ms
  pairs=1000 (min=1000, seed=42, rounds≈5)
  methods=jubarte-native, jubarte-lossless warmup=10 reps=1 profile=true
  jubarte-dist=/Users/arthrod/temp/T/neurotic_docx_bench/dist/jubarte-final-ts6
  rust-dist=/Users/arthrod/temp/T/neurotic_docx_bench/jubarte-rs-probe
  out=/Users/arthrod/temp/T/neurotic_docx_bench/results/redline_speed_bench/ts6-vs-ts7/ts6

▶ jubarte-native (engine=jubarte-native, dist=/Users/arthrod/temp/T/neurotic_docx_bench/dist/jubarte-final-ts6)
  init 521.298ms
  wall 22.99s  median 7.05ms  mean 22.99ms  p95 66.13ms  p99 237.77ms  43.5/s  (n=1000, fail=0)  flame=jubarte-native.cpuprofile
  top CPU (self):
     21.5%  (anonymous)  reader.node-dzAQfyCl.cjs:19
    12.79%  (garbage collector)  
     5.65%  reg  grammar.js:69
     5.12%  ke  reader.node-dzAQfyCl.cjs:19
     4.38%  (idle)  
     2.74%  s  office-xml-reader-KSIj9d5O.cjs:9
     2.34%  validateAndExtract  dom.js:153
     2.06%  parse  sax.js:49

▶ jubarte-lossless (engine=jubarte-lossless, dist=/Users/arthrod/temp/T/neurotic_docx_bench/dist/jubarte-final-ts6)
  init 42.819ms
  wall 167.64s  median 26.17ms  mean 167.64ms  p95 685.80ms  p99 1287.27ms  6.0/s  (n=1000, fail=0)  flame=jubarte-lossless.cpuprofile
  top CPU (self):
    13.09%  (garbage collector)  
     10.6%  d  JsonToWmlConverter-0yN_Vmc4.cjs:8
    10.03%  dflt  node.cjs:667
     5.51%  ce  JsonToWmlConverter-0yN_Vmc4.cjs:8
     5.32%  get  JsonToWmlConverter-0yN_Vmc4.cjs:8
     4.28%  e  escape-Bu279cQ0.cjs:8
     4.22%  Ie  lossless.node.cjs:8
     3.83%  (anonymous)  lossless.node.cjs:252

# redline_speed_bench

- **fixtures:** 199 in `/Users/arthrod/temp/T/neurotic_docx_bench/corpus/word_based/docx_source`
- **pairs:** 1000 (every fixture × random partner, seed=42, min=1000)
- **warmup:** 10  **reps:** 1
- **run_ts:** 2026-07-15T13:19:06.158Z

| rank | tool | median ms | mean ms | p95 | p99 | /s | wall s | fail | n |
| ---: | --- | ---: | ---: | ---: | ---: | ---: | ---: | ---: | ---: |
| 1 | jubarte-native | 7.047 | 22.993 | 66.133 | 237.771 | 43.5 | 22.99 | 0 | 1000 |
| 2 | jubarte-lossless | 26.172 | 167.638 | 685.796 | 1287.268 | 6 | 167.64 | 0 | 1000 |

## Profiles

```bash
# Chrome DevTools → Performance → Load profile, or:
npx speedscope /Users/arthrod/temp/T/neurotic_docx_bench/results/redline_speed_bench/ts6-vs-ts7/ts6/cpu/jubarte-native.cpuprofile
npx speedscope /Users/arthrod/temp/T/neurotic_docx_bench/results/redline_speed_bench/ts6-vs-ts7/ts6/cpu/jubarte-lossless.cpuprofile
```

## Fairness

- **jubarte-native / jubarte-lossless:** in-memory `Uint8Array` compare (no disk in the timed loop).
- **jubarte-rust:** CLI via `spawnSync` + temp files (I/O + process spawn included) — real end-to-end CLI cost.


✔ /Users/arthrod/temp/T/neurotic_docx_bench/results/redline_speed_bench/ts6-vs-ts7/ts6/report.md
✔ /Users/arthrod/temp/T/neurotic_docx_bench/results/redline_speed_bench/ts6-vs-ts7/ts6/summary.json
✔ /Users/arthrod/temp/T/neurotic_docx_bench/results/redline_speed_bench/ts6-vs-ts7/ts6/speed.jsonl

########## jubarte-rust (once) ##########

=== bench rust methods=jubarte-rust ===

$ /Users/arthrod/.hermes/node/bin/node --import tsx /Users/arthrod/temp/T/neurotic_docx_bench/scripts/redline_speed_bench.ts --min-pairs 1000 --warmup 10 --reps 1 --seed 42 --jubarte-dist /Users/arthrod/temp/T/neurotic_docx_bench/dist/jubarte-final --methods jubarte-rust --out /Users/arthrod/temp/T/neurotic_docx_bench/results/redline_speed_bench/ts6-vs-ts7/rust
redline_speed_bench: 199 fixtures in /Users/arthrod/temp/T/neurotic_docx_bench/corpus/word_based/docx_source
  loaded 6.5 MiB in 30.452ms
  pairs=1000 (min=1000, seed=42, rounds≈5)
  methods=jubarte-rust warmup=10 reps=1 profile=true
  jubarte-dist=/Users/arthrod/temp/T/neurotic_docx_bench/dist/jubarte-final
  rust-dist=/Users/arthrod/temp/T/neurotic_docx_bench/jubarte-rs-probe
  out=/Users/arthrod/temp/T/neurotic_docx_bench/results/redline_speed_bench/ts6-vs-ts7/rust

▶ jubarte-rust (engine=jubarte-rust, dist=/Users/arthrod/temp/T/neurotic_docx_bench/jubarte-rs-probe)
  init 0.252ms
  wall 74.14s  median 11.11ms  mean 74.14ms  p95 319.57ms  p99 534.87ms  13.5/s  (n=1000, fail=0)  flame=jubarte-rust.cpuprofile
  top CPU (self):
    98.86%  spawn  
     0.21%  unlink  
     0.17%  open  
     0.12%  mkdtemp  
     0.12%  rmdir  
     0.11%  writeBuffer  
      0.1%  normalizeSpawnArguments  node:child_process:566
     0.07%  close  

# redline_speed_bench

- **fixtures:** 199 in `/Users/arthrod/temp/T/neurotic_docx_bench/corpus/word_based/docx_source`
- **pairs:** 1000 (every fixture × random partner, seed=42, min=1000)
- **warmup:** 10  **reps:** 1
- **run_ts:** 2026-07-15T13:22:18.544Z

| rank | tool | median ms | mean ms | p95 | p99 | /s | wall s | fail | n |
| ---: | --- | ---: | ---: | ---: | ---: | ---: | ---: | ---: | ---: |
| 1 | jubarte-rust | 11.111 | 74.143 | 319.572 | 534.866 | 13.5 | 74.14 | 0 | 1000 |

## Profiles

```bash
# Chrome DevTools → Performance → Load profile, or:
npx speedscope /Users/arthrod/temp/T/neurotic_docx_bench/results/redline_speed_bench/ts6-vs-ts7/rust/cpu/jubarte-rust.cpuprofile
```

## Fairness

- **jubarte-native / jubarte-lossless:** in-memory `Uint8Array` compare (no disk in the timed loop).
- **jubarte-rust:** CLI via `spawnSync` + temp files (I/O + process spawn included) — real end-to-end CLI cost.


✔ /Users/arthrod/temp/T/neurotic_docx_bench/results/redline_speed_bench/ts6-vs-ts7/rust/report.md
✔ /Users/arthrod/temp/T/neurotic_docx_bench/results/redline_speed_bench/ts6-vs-ts7/rust/summary.json
✔ /Users/arthrod/temp/T/neurotic_docx_bench/results/redline_speed_bench/ts6-vs-ts7/rust/speed.jsonl

########## restore TypeScript 7 ##########

$ /Users/arthrod/.bun/bin/bun install
bun install v1.3.14 (0d9b296a)

+ typescript@7.0.2

1 package installed [201.00ms]
restored typescript 7.0.2
# redline_speed_bench — TypeScript 6 vs 7 builds + rust

- **pairs:** 1000 (every fixture × random partner, seed=42)
- **warmup:** 10  **reps:** 1
- **TS6:** 6.0.2
- **TS7:** 7.0.2
- **dist JS fingerprints identical:** yes
- **TS6 fingerprints:** `{"node.mjs":"75820a1375722946","node.cjs":"8242a7d57ed74360","lossless.node.mjs":"c37e58ee3192aa72","lossless.node.cjs":"1cd8618e52a0554e"}`
- **TS7 fingerprints:** `{"node.mjs":"75820a1375722946","node.cjs":"8242a7d57ed74360","lossless.node.mjs":"c37e58ee3192aa72","lossless.node.cjs":"1cd8618e52a0554e"}`

| tool | build | median ms | mean ms | p95 | p99 | /s | wall s | fail | n |
| --- | --- | ---: | ---: | ---: | ---: | ---: | ---: | ---: | ---: |
| jubarte-native | ts6 | 7.047 | 22.993 | 66.133 | 237.771 | 43.5 | 22.99 | 0 | 1000 |
| jubarte-native | ts7 | 6.333 | 21.535 | 59.876 | 220.005 | 46.4 | 21.54 | 0 | 1000 |
| jubarte-native | **TS7/TS6 median** | **0.899** |  |  |  | TS7 faster **10.1%** |  |  |  |
| jubarte-lossless | ts6 | 26.172 | 167.638 | 685.796 | 1287.268 | 6 | 167.64 | 0 | 1000 |
| jubarte-lossless | ts7 | 28.49 | 181.731 | 729.909 | 1330.618 | 5.5 | 181.73 | 0 | 1000 |
| jubarte-lossless | **TS7/TS6 median** | **1.089** |  |  |  | TS7 faster **-8.9%** |  |  |  |
| jubarte-rust | rust binary | 11.111 | 74.143 | 319.572 | 534.866 | 13.5 | 74.14 | 0 | 1000 |

## Profiles

```bash
npx speedscope /Users/arthrod/temp/T/neurotic_docx_bench/results/redline_speed_bench/ts6-vs-ts7/ts6/cpu/jubarte-native.cpuprofile
npx speedscope /Users/arthrod/temp/T/neurotic_docx_bench/results/redline_speed_bench/ts6-vs-ts7/ts6/cpu/jubarte-lossless.cpuprofile
npx speedscope /Users/arthrod/temp/T/neurotic_docx_bench/results/redline_speed_bench/ts6-vs-ts7/ts7/cpu/jubarte-native.cpuprofile
npx speedscope /Users/arthrod/temp/T/neurotic_docx_bench/results/redline_speed_bench/ts6-vs-ts7/ts7/cpu/jubarte-lossless.cpuprofile
npx speedscope /Users/arthrod/temp/T/neurotic_docx_bench/results/redline_speed_bench/ts6-vs-ts7/rust/cpu/jubarte-rust.cpuprofile
```

> Dist fingerprints match between TS6 and TS7 builds — rolldown emit is independent of the tsc/tsgo version used for `.d.ts`. Any wall-time delta is noise/cache, not different JS.

